Archive member included to satisfy reference by file (symbol)

e:/application/10 2021.10/bin/../lib/gcc/arm-none-eabi/10.3.1/thumb/v7e-m+fp/hard\libgcc.a(_aeabi_uldivmod.o)
                              CMakeFiles/Engineering_A_2023_C_Board.elf.dir/Drivers/STM32F4xx_HAL_Driver/Src/stm32f4xx_hal_rcc.c.obj (__aeabi_uldivmod)
e:/application/10 2021.10/bin/../lib/gcc/arm-none-eabi/10.3.1/thumb/v7e-m+fp/hard\libgcc.a(_udivmoddi4.o)
                              e:/application/10 2021.10/bin/../lib/gcc/arm-none-eabi/10.3.1/thumb/v7e-m+fp/hard\libgcc.a(_aeabi_uldivmod.o) (__udivmoddi4)
e:/application/10 2021.10/bin/../lib/gcc/arm-none-eabi/10.3.1/thumb/v7e-m+fp/hard\libgcc.a(_dvmd_tls.o)
                              e:/application/10 2021.10/bin/../lib/gcc/arm-none-eabi/10.3.1/thumb/v7e-m+fp/hard\libgcc.a(_aeabi_uldivmod.o) (__aeabi_ldiv0)
e:/application/10 2021.10/bin/../lib/gcc/arm-none-eabi/10.3.1/../../../../arm-none-eabi/lib/thumb/v7e-m+fp/hard\libg.a(lib_a-errno.o)
                              CMakeFiles/Engineering_A_2023_C_Board.elf.dir/Core/Src/syscalls.c.obj (__errno)
e:/application/10 2021.10/bin/../lib/gcc/arm-none-eabi/10.3.1/../../../../arm-none-eabi/lib/thumb/v7e-m+fp/hard\libg.a(lib_a-exit.o)
                              e:/application/10 2021.10/bin/../lib/gcc/arm-none-eabi/10.3.1/../../../../arm-none-eabi/lib/thumb/v7e-m+fp/hard/crt0.o (exit)
e:/application/10 2021.10/bin/../lib/gcc/arm-none-eabi/10.3.1/../../../../arm-none-eabi/lib/thumb/v7e-m+fp/hard\libg.a(lib_a-impure.o)
                              e:/application/10 2021.10/bin/../lib/gcc/arm-none-eabi/10.3.1/../../../../arm-none-eabi/lib/thumb/v7e-m+fp/hard\libg.a(lib_a-exit.o) (_global_impure_ptr)
e:/application/10 2021.10/bin/../lib/gcc/arm-none-eabi/10.3.1/../../../../arm-none-eabi/lib/thumb/v7e-m+fp/hard\libg.a(lib_a-init.o)
                              e:/application/10 2021.10/bin/../lib/gcc/arm-none-eabi/10.3.1/../../../../arm-none-eabi/lib/thumb/v7e-m+fp/hard/crt0.o (__libc_init_array)
e:/application/10 2021.10/bin/../lib/gcc/arm-none-eabi/10.3.1/../../../../arm-none-eabi/lib/thumb/v7e-m+fp/hard\libg.a(lib_a-memcpy.o)
                              CMakeFiles/Engineering_A_2023_C_Board.elf.dir/Middlewares/Third_Party/FreeRTOS/Source/queue.c.obj (memcpy)
e:/application/10 2021.10/bin/../lib/gcc/arm-none-eabi/10.3.1/../../../../arm-none-eabi/lib/thumb/v7e-m+fp/hard\libg.a(lib_a-memset.o)
                              e:/application/10 2021.10/bin/../lib/gcc/arm-none-eabi/10.3.1/../../../../arm-none-eabi/lib/thumb/v7e-m+fp/hard/crt0.o (memset)
e:/application/10 2021.10/bin/../lib/gcc/arm-none-eabi/10.3.1/../../../../arm-none-eabi/lib/thumb/v7e-m+fp/hard\libg.a(lib_a-__call_atexit.o)
                              e:/application/10 2021.10/bin/../lib/gcc/arm-none-eabi/10.3.1/../../../../arm-none-eabi/lib/thumb/v7e-m+fp/hard\libg.a(lib_a-exit.o) (__call_exitprocs)
e:/application/10 2021.10/bin/../lib/gcc/arm-none-eabi/10.3.1/../../../../arm-none-eabi/lib/thumb/v7e-m+fp/hard\libg.a(lib_a-atexit.o)
                              e:/application/10 2021.10/bin/../lib/gcc/arm-none-eabi/10.3.1/../../../../arm-none-eabi/lib/thumb/v7e-m+fp/hard\libg.a(lib_a-__call_atexit.o) (atexit)
e:/application/10 2021.10/bin/../lib/gcc/arm-none-eabi/10.3.1/../../../../arm-none-eabi/lib/thumb/v7e-m+fp/hard\libg.a(lib_a-fini.o)
                              e:/application/10 2021.10/bin/../lib/gcc/arm-none-eabi/10.3.1/../../../../arm-none-eabi/lib/thumb/v7e-m+fp/hard\libg.a(lib_a-__call_atexit.o) (__libc_fini_array)
e:/application/10 2021.10/bin/../lib/gcc/arm-none-eabi/10.3.1/../../../../arm-none-eabi/lib/thumb/v7e-m+fp/hard\libg.a(lib_a-lock.o)
                              e:/application/10 2021.10/bin/../lib/gcc/arm-none-eabi/10.3.1/../../../../arm-none-eabi/lib/thumb/v7e-m+fp/hard\libg.a(lib_a-__call_atexit.o) (__retarget_lock_acquire_recursive)
e:/application/10 2021.10/bin/../lib/gcc/arm-none-eabi/10.3.1/../../../../arm-none-eabi/lib/thumb/v7e-m+fp/hard\libg.a(lib_a-__atexit.o)
                              e:/application/10 2021.10/bin/../lib/gcc/arm-none-eabi/10.3.1/../../../../arm-none-eabi/lib/thumb/v7e-m+fp/hard\libg.a(lib_a-atexit.o) (__register_exitproc)

Discarded input sections

 .text          0x00000000        0x0 e:/application/10 2021.10/bin/../lib/gcc/arm-none-eabi/10.3.1/thumb/v7e-m+fp/hard/crti.o
 .data          0x00000000        0x0 e:/application/10 2021.10/bin/../lib/gcc/arm-none-eabi/10.3.1/thumb/v7e-m+fp/hard/crti.o
 .bss           0x00000000        0x0 e:/application/10 2021.10/bin/../lib/gcc/arm-none-eabi/10.3.1/thumb/v7e-m+fp/hard/crti.o
 .data          0x00000000        0x4 e:/application/10 2021.10/bin/../lib/gcc/arm-none-eabi/10.3.1/thumb/v7e-m+fp/hard/crtbegin.o
 .rodata        0x00000000       0x24 e:/application/10 2021.10/bin/../lib/gcc/arm-none-eabi/10.3.1/thumb/v7e-m+fp/hard/crtbegin.o
[...]
Memory Configuration

Name             Origin             Length             Attributes
RAM              0x20000000         0x00020000         xrw
CCMRAM           0x10000000         0x00010000         xrw
FLASH            0x08000000         0x00100000         xr
*default*        0x00000000         0xffffffff

Linker script and memory map

LOAD e:/application/10 2021.10/bin/../lib/gcc/arm-none-eabi/10.3.1/thumb/v7e-m+fp/hard/crti.o
LOAD e:/application/10 2021.10/bin/../lib/gcc/arm-none-eabi/10.3.1/thumb/v7e-m+fp/hard/crtbegin.o
LOAD e:/application/10 2021.10/bin/../lib/gcc/arm-none-eabi/10.3.1/../../../../arm-none-eabi/lib/thumb/v7e-m+fp/hard/crt0.o
LOAD CMakeFiles/Engineering_A_2023_C_Board.elf.dir/Core/Src/can.c.obj
LOAD CMakeFiles/Engineering_A_2023_C_Board.elf.dir/Core/Src/dma.c.obj
LOAD CMakeFiles/Engineering_A_2023_C_Board.elf.dir/Core/Src/freertos.c.obj
LOAD CMakeFiles/Engineering_A_2023_C_Board.elf.dir/Core/Src/gpio.c.obj
LOAD CMakeFiles/Engineering_A_2023_C_Board.elf.dir/Core/Src/main.c.obj
LOAD CMakeFiles/Engineering_A_2023_C_Board.elf.dir/Core/Src/stm32f4xx_hal_msp.c.obj
LOAD CMakeFiles/Engineering_A_2023_C_Board.elf.dir/Core/Src/stm32f4xx_hal_timebase_tim.c.obj
LOAD CMakeFiles/Engineering_A_2023_C_Board.elf.dir/Core/Src/stm32f4xx_it.c.obj
LOAD CMakeFiles/Engineering_A_2023_C_Board.elf.dir/Core/Src/syscalls.c.obj
LOAD CMakeFiles/Engineering_A_2023_C_Board.elf.dir/Core/Src/system_stm32f4xx.c.obj
LOAD CMakeFiles/Engineering_A_2023_C_Board.elf.dir/Core/Src/usart.c.obj
LOAD CMakeFiles/Engineering_A_2023_C_Board.elf.dir/Drivers/STM32F4xx_HAL_Driver/Src/stm32f4xx_hal.c.obj
LOAD CMakeFiles/Engineering_A_2023_C_Board.elf.dir/Drivers/STM32F4xx_HAL_Driver/Src/stm32f4xx_hal_can.c.obj
LOAD CMakeFiles/Engineering_A_2023_C_Board.elf.dir/Drivers/STM32F4xx_HAL_Driver/Src/stm32f4xx_hal_cortex.c.obj
LOAD CMakeFiles/Engineering_A_2023_C_Board.elf.dir/Drivers/STM32F4xx_HAL_Driver/Src/stm32f4xx_hal_dma.c.obj
LOAD CMakeFiles/Engineering_A_2023_C_Board.elf.dir/Drivers/STM32F4xx_HAL_Driver/Src/stm32f4xx_hal_dma_ex.c.obj
LOAD CMakeFiles/Engineering_A_2023_C_Board.elf.dir/Drivers/STM32F4xx_HAL_Driver/Src/stm32f4xx_hal_exti.c.obj
LOAD CMakeFiles/Engineering_A_2023_C_Board.elf.dir/Drivers/STM32F4xx_HAL_Driver/Src/stm32f4xx_hal_flash.c.obj
LOAD CMakeFiles/Engineering_A_2023_C_Board.elf.dir/Drivers/STM32F4xx_HAL_Driver/Src/stm32f4xx_hal_flash_ex.c.obj
LOAD CMakeFiles/Engineering_A_2023_C_Board.elf.dir/Drivers/STM32F4xx_HAL_Driver/Src/stm32f4xx_hal_flash_ramfunc.c.obj
LOAD CMakeFiles/Engineering_A_2023_C_Board.elf.dir/Drivers/STM32F4xx_HAL_Driver/Src/stm32f4xx_hal_gpio.c.obj
LOAD CMakeFiles/Engineering_A_2023_C_Board.elf.dir/Drivers/STM32F4xx_HAL_Driver/Src/stm32f4xx_hal_pwr.c.obj
LOAD CMakeFiles/Engineering_A_2023_C_Board.elf.dir/Drivers/STM32F4xx_HAL_Driver/Src/stm32f4xx_hal_pwr_ex.c.obj
LOAD CMakeFiles/Engineering_A_2023_C_Board.elf.dir/Drivers/STM32F4xx_HAL_Driver/Src/stm32f4xx_hal_rcc.c.obj
LOAD CMakeFiles/Engineering_A_2023_C_Board.elf.dir/Drivers/STM32F4xx_HAL_Driver/Src/stm32f4xx_hal_rcc_ex.c.obj
LOAD CMakeFiles/Engineering_A_2023_C_Board.elf.dir/Drivers/STM32F4xx_HAL_Driver/Src/stm32f4xx_hal_tim.c.obj
LOAD CMakeFiles/Engineering_A_2023_C_Board.elf.dir/Drivers/STM32F4xx_HAL_Driver/Src/stm32f4xx_hal_tim_ex.c.obj
LOAD CMakeFiles/Engineering_A_2023_C_Board.elf.dir/Drivers/STM32F4xx_HAL_Driver/Src/stm32f4xx_hal_uart.c.obj
LOAD CMakeFiles/Engineering_A_2023_C_Board.elf.dir/Middlewares/Third_Party/FreeRTOS/Source/CMSIS_RTOS/cmsis_os.c.obj
LOAD CMakeFiles/Engineering_A_2023_C_Board.elf.dir/Middlewares/Third_Party/FreeRTOS/Source/croutine.c.obj
LOAD CMakeFiles/Engineering_A_2023_C_Board.elf.dir/Middlewares/Third_Party/FreeRTOS/Source/event_groups.c.obj
LOAD CMakeFiles/Engineering_A_2023_C_Board.elf.dir/Middlewares/Third_Party/FreeRTOS/Source/list.c.obj
LOAD CMakeFiles/Engineering_A_2023_C_Board.elf.dir/Middlewares/Third_Party/FreeRTOS/Source/portable/GCC/ARM_CM4F/port.c.obj
LOAD CMakeFiles/Engineering_A_2023_C_Board.elf.dir/Middlewares/Third_Party/FreeRTOS/Source/portable/MemMang/heap_4.c.obj
LOAD CMakeFiles/Engineering_A_2023_C_Board.elf.dir/Middlewares/Third_Party/FreeRTOS/Source/queue.c.obj
LOAD CMakeFiles/Engineering_A_2023_C_Board.elf.dir/Middlewares/Third_Party/FreeRTOS/Source/stream_buffer.c.obj
LOAD CMakeFiles/Engineering_A_2023_C_Board.elf.dir/Middlewares/Third_Party/FreeRTOS/Source/tasks.c.obj
LOAD CMakeFiles/Engineering_A_2023_C_Board.elf.dir/Middlewares/Third_Party/FreeRTOS/Source/timers.c.obj
LOAD CMakeFiles/Engineering_A_2023_C_Board.elf.dir/startup/startup_stm32f407xx.s.obj
START GROUP
LOAD e:/application/10 2021.10/bin/../lib/gcc/arm-none-eabi/10.3.1/thumb/v7e-m+fp/hard\libgcc.a
LOAD e:/application/10 2021.10/bin/../lib/gcc/arm-none-eabi/10.3.1/../../../../arm-none-eabi/lib/thumb/v7e-m+fp/hard\libg.a
LOAD e:/application/10 2021.10/bin/../lib/gcc/arm-none-eabi/10.3.1/../../../../arm-none-eabi/lib/thumb/v7e-m+fp/hard\libc.a
END GROUP
LOAD e:/application/10 2021.10/bin/../lib/gcc/arm-none-eabi/10.3.1/thumb/v7e-m+fp/hard/crtend.o
LOAD e:/application/10 2021.10/bin/../lib/gcc/arm-none-eabi/10.3.1/thumb/v7e-m+fp/hard/crtn.o
                0x20020000                _estack = 0x20020000
                0x00000200                _Min_Heap_Size = 0x200
                0x00000400                _Min_Stack_Size = 0x400

.isr_vector     0x08000000      0x188
                0x08000000                . = ALIGN (0x4)
 *(.isr_vector)
 .isr_vector    0x08000000      0x188 CMakeFiles/Engineering_A_2023_C_Board.elf.dir/startup/startup_stm32f407xx.s.obj
                0x08000000                g_pfnVectors
                0x08000188                . = ALIGN (0x4)

.text           0x08000190     0x2eb4
                0x08000190                . = ALIGN (0x4)
 *(.text)
 .text          0x08000190       0x40 e:/application/10 2021.10/bin/../lib/gcc/arm-none-eabi/10.3.1/thumb/v7e-m+fp/hard/crtbegin.o
 .text          0x080001d0       0x30 e:/application/10 2021.10/bin/../lib/gcc/arm-none-eabi/10.3.1/thumb/v7e-m+fp/hard\libgcc.a(_aeabi_uldivmod.o)
                0x080001d0                __aeabi_uldivmod
 .text          0x08000200      0x2d0 e:/application/10 2021.10/bin/../lib/gcc/arm-none-eabi/10.3.1/thumb/v7e-m+fp/hard\libgcc.a(_udivmoddi4.o)
                0x08000200                __udivmoddi4
 .text          0x080004d0        0x4 e:/application/10 2021.10/bin/../lib/gcc/arm-none-eabi/10.3.1/thumb/v7e-m+fp/hard\libgcc.a(_dvmd_tls.o)
                0x080004d0                __aeabi_idiv0
                0x080004d0                __aeabi_ldiv0
 *(.text*)
 .text.MX_CAN1_Init
                0x080004d4       0x40 CMakeFiles/Engineering_A_2023_C_Board.elf.dir/Core/Src/can.c.obj
                0x080004d4                MX_CAN1_Init
 .text.MX_CAN2_Init
                0x08000514       0x40 CMakeFiles/Engineering_A_2023_C_Board.elf.dir/Core/Src/can.c.obj
                0x08000514                MX_CAN2_Init
 .text.HAL_CAN_MspInit
                0x08000554      0x120 CMakeFiles/Engineering_A_2023_C_Board.elf.dir/Core/Src/can.c.obj
                0x08000554                HAL_CAN_MspInit
 .text.MX_DMA_Init
                0x08000674       0x34 CMakeFiles/Engineering_A_2023_C_Board.elf.dir/Core/Src/dma.c.obj
                0x08000674                MX_DMA_Init
 .text.StartDefaultTask
                0x080006a8       0x34 CMakeFiles/Engineering_A_2023_C_Board.elf.dir/Core/Src/freertos.c.obj
                0x080006a8                StartDefaultTask
 .text.vApplicationGetIdleTaskMemory
                0x080006dc       0x18 CMakeFiles/Engineering_A_2023_C_Board.elf.dir/Core/Src/freertos.c.obj
                0x080006dc                vApplicationGetIdleTaskMemory
 .text.MX_FREERTOS_Init
                0x080006f4       0x30 CMakeFiles/Engineering_A_2023_C_Board.elf.dir/Core/Src/freertos.c.obj
                0x080006f4                MX_FREERTOS_Init
 .text.MX_GPIO_Init
                0x08000724       0xb8 CMakeFiles/Engineering_A_2023_C_Board.elf.dir/Core/Src/gpio.c.obj
                0x08000724                MX_GPIO_Init
 .text.HAL_TIM_PeriodElapsedCallback
                0x080007dc       0x18 CMakeFiles/Engineering_A_2023_C_Board.elf.dir/Core/Src/main.c.obj
                0x080007dc                HAL_TIM_PeriodElapsedCallback
 .text.Error_Handler
                0x080007f4        0x4 CMakeFiles/Engineering_A_2023_C_Board.elf.dir/Core/Src/main.c.obj
                0x080007f4                Error_Handler
 .text.SystemClock_Config
                0x080007f8       0xa8 CMakeFiles/Engineering_A_2023_C_Board.elf.dir/Core/Src/main.c.obj
                0x080007f8                SystemClock_Config
 .text.main     0x080008a0       0x28 CMakeFiles/Engineering_A_2023_C_Board.elf.dir/Core/Src/main.c.obj
                0x080008a0                main
 .text.HAL_MspInit
                0x080008c8       0x44 CMakeFiles/Engineering_A_2023_C_Board.elf.dir/Core/Src/stm32f4xx_hal_msp.c.obj
                0x080008c8                HAL_MspInit
 .text.HAL_InitTick
                0x0800090c       0x7c CMakeFiles/Engineering_A_2023_C_Board.elf.dir/Core/Src/stm32f4xx_hal_timebase_tim.c.obj
                0x0800090c                HAL_InitTick
 .text.NMI_Handler
                0x08000988        0x2 CMakeFiles/Engineering_A_2023_C_Board.elf.dir/Core/Src/stm32f4xx_it.c.obj
                0x08000988                NMI_Handler
 .text.HardFault_Handler
                0x0800098a        0x2 CMakeFiles/Engineering_A_2023_C_Board.elf.dir/Core/Src/stm32f4xx_it.c.obj
                0x0800098a                HardFault_Handler
 .text.MemManage_Handler
                0x0800098c        0x2 CMakeFiles/Engineering_A_2023_C_Board.elf.dir/Core/Src/stm32f4xx_it.c.obj
                0x0800098c                MemManage_Handler
 .text.BusFault_Handler
                0x0800098e        0x2 CMakeFiles/Engineering_A_2023_C_Board.elf.dir/Core/Src/stm32f4xx_it.c.obj
                0x0800098e                BusFault_Handler
 .text.UsageFault_Handler
                0x08000990        0x2 CMakeFiles/Engineering_A_2023_C_Board.elf.dir/Core/Src/stm32f4xx_it.c.obj
                0x08000990                UsageFault_Handler
 .text.DebugMon_Handler
                0x08000992        0x2 CMakeFiles/Engineering_A_2023_C_Board.elf.dir/Core/Src/stm32f4xx_it.c.obj
                0x08000992                DebugMon_Handler
 .text.DMA1_Stream1_IRQHandler
                0x08000994       0x10 CMakeFiles/Engineering_A_2023_C_Board.elf.dir/Core/Src/stm32f4xx_it.c.obj
                0x08000994                DMA1_Stream1_IRQHandler
 .text.CAN1_RX0_IRQHandler
                0x080009a4       0x10 CMakeFiles/Engineering_A_2023_C_Board.elf.dir/Core/Src/stm32f4xx_it.c.obj
                0x080009a4                CAN1_RX0_IRQHandler
 .text.TIM1_UP_TIM10_IRQHandler
                0x080009b4       0x10 CMakeFiles/Engineering_A_2023_C_Board.elf.dir/Core/Src/stm32f4xx_it.c.obj
                0x080009b4                TIM1_UP_TIM10_IRQHandler
 .text.CAN2_RX0_IRQHandler
                0x080009c4       0x10 CMakeFiles/Engineering_A_2023_C_Board.elf.dir/Core/Src/stm32f4xx_it.c.obj
                0x080009c4                CAN2_RX0_IRQHandler
 .text.SystemInit
                0x080009d4       0x14 CMakeFiles/Engineering_A_2023_C_Board.elf.dir/Core/Src/system_stm32f4xx.c.obj
                0x080009d4                SystemInit
 .text.MX_USART3_UART_Init
                0x080009e8       0x3c CMakeFiles/Engineering_A_2023_C_Board.elf.dir/Core/Src/usart.c.obj
                0x080009e8                MX_USART3_UART_Init
 .text.HAL_UART_MspInit
                0x08000a24       0xb0 CMakeFiles/Engineering_A_2023_C_Board.elf.dir/Core/Src/usart.c.obj
                0x08000a24                HAL_UART_MspInit
 .text.HAL_Init
                0x08000ad4       0x34 CMakeFiles/Engineering_A_2023_C_Board.elf.dir/Drivers/STM32F4xx_HAL_Driver/Src/stm32f4xx_hal.c.obj
                0x08000ad4                HAL_Init
 .text.HAL_IncTick
                0x08000b08       0x18 CMakeFiles/Engineering_A_2023_C_Board.elf.dir/Drivers/STM32F4xx_HAL_Driver/Src/stm32f4xx_hal.c.obj
                0x08000b08                HAL_IncTick
 .text.HAL_GetTick
                0x08000b20        0xc CMakeFiles/Engineering_A_2023_C_Board.elf.dir/Drivers/STM32F4xx_HAL_Driver/Src/stm32f4xx_hal.c.obj
                0x08000b20                HAL_GetTick
 .text.HAL_CAN_Init
                0x08000b2c      0x14c CMakeFiles/Engineering_A_2023_C_Board.elf.dir/Drivers/STM32F4xx_HAL_Driver/Src/stm32f4xx_hal_can.c.obj
                0x08000b2c                HAL_CAN_Init
 .text.HAL_CAN_TxMailbox0CompleteCallback
                0x08000c78        0x2 CMakeFiles/Engineering_A_2023_C_Board.elf.dir/Drivers/STM32F4xx_HAL_Driver/Src/stm32f4xx_hal_can.c.obj
                0x08000c78                HAL_CAN_TxMailbox0CompleteCallback
 .text.HAL_CAN_TxMailbox1CompleteCallback
                0x08000c7a        0x2 CMakeFiles/Engineering_A_2023_C_Board.elf.dir/Drivers/STM32F4xx_HAL_Driver/Src/stm32f4xx_hal_can.c.obj
                0x08000c7a                HAL_CAN_TxMailbox1CompleteCallback
 .text.HAL_CAN_TxMailbox2CompleteCallback
                0x08000c7c        0x2 CMakeFiles/Engineering_A_2023_C_Board.elf.dir/Drivers/STM32F4xx_HAL_Driver/Src/stm32f4xx_hal_can.c.obj
                0x08000c7c                HAL_CAN_TxMailbox2CompleteCallback
 .text.HAL_CAN_TxMailbox0AbortCallback
                0x08000c7e        0x2 CMakeFiles/Engineering_A_2023_C_Board.elf.dir/Drivers/STM32F4xx_HAL_Driver/Src/stm32f4xx_hal_can.c.obj
                0x08000c7e                HAL_CAN_TxMailbox0AbortCallback
 .text.HAL_CAN_TxMailbox1AbortCallback
                0x08000c80        0x2 CMakeFiles/Engineering_A_2023_C_Board.elf.dir/Drivers/STM32F4xx_HAL_Driver/Src/stm32f4xx_hal_can.c.obj
                0x08000c80                HAL_CAN_TxMailbox1AbortCallback
 .text.HAL_CAN_TxMailbox2AbortCallback
                0x08000c82        0x2 CMakeFiles/Engineering_A_2023_C_Board.elf.dir/Drivers/STM32F4xx_HAL_Driver/Src/stm32f4xx_hal_can.c.obj
                0x08000c82                HAL_CAN_TxMailbox2AbortCallback
 .text.HAL_CAN_RxFifo0MsgPendingCallback
                0x08000c84        0x2 CMakeFiles/Engineering_A_2023_C_Board.elf.dir/Drivers/STM32F4xx_HAL_Driver/Src/stm32f4xx_hal_can.c.obj
                0x08000c84                HAL_CAN_RxFifo0MsgPendingCallback
 .text.HAL_CAN_RxFifo0FullCallback
                0x08000c86        0x2 CMakeFiles/Engineering_A_2023_C_Board.elf.dir/Drivers/STM32F4xx_HAL_Driver/Src/stm32f4xx_hal_can.c.obj
                0x08000c86                HAL_CAN_RxFifo0FullCallback
 .text.HAL_CAN_RxFifo1MsgPendingCallback
                0x08000c88        0x2 CMakeFiles/Engineering_A_2023_C_Board.elf.dir/Drivers/STM32F4xx_HAL_Driver/Src/stm32f4xx_hal_can.c.obj
                0x08000c88                HAL_CAN_RxFifo1MsgPendingCallback
 .text.HAL_CAN_RxFifo1FullCallback
                0x08000c8a        0x2 CMakeFiles/Engineering_A_2023_C_Board.elf.dir/Drivers/STM32F4xx_HAL_Driver/Src/stm32f4xx_hal_can.c.obj
                0x08000c8a                HAL_CAN_RxFifo1FullCallback
 .text.HAL_CAN_SleepCallback
                0x08000c8c        0x2 CMakeFiles/Engineering_A_2023_C_Board.elf.dir/Drivers/STM32F4xx_HAL_Driver/Src/stm32f4xx_hal_can.c.obj
                0x08000c8c                HAL_CAN_SleepCallback
 .text.HAL_CAN_WakeUpFromRxMsgCallback
                0x08000c8e        0x2 CMakeFiles/Engineering_A_2023_C_Board.elf.dir/Drivers/STM32F4xx_HAL_Driver/Src/stm32f4xx_hal_can.c.obj
                0x08000c8e                HAL_CAN_WakeUpFromRxMsgCallback
 .text.HAL_CAN_ErrorCallback
                0x08000c90        0x2 CMakeFiles/Engineering_A_2023_C_Board.elf.dir/Drivers/STM32F4xx_HAL_Driver/Src/stm32f4xx_hal_can.c.obj
                0x08000c90                HAL_CAN_ErrorCallback
 .text.HAL_CAN_IRQHandler
                0x08000c92      0x24a CMakeFiles/Engineering_A_2023_C_Board.elf.dir/Drivers/STM32F4xx_HAL_Driver/Src/stm32f4xx_hal_can.c.obj
                0x08000c92                HAL_CAN_IRQHandler
 .text.HAL_NVIC_SetPriorityGrouping
                0x08000edc       0x24 CMakeFiles/Engineering_A_2023_C_Board.elf.dir/Drivers/STM32F4xx_HAL_Driver/Src/stm32f4xx_hal_cortex.c.obj
                0x08000edc                HAL_NVIC_SetPriorityGrouping
 .text.HAL_NVIC_SetPriority
                0x08000f00       0x70 CMakeFiles/Engineering_A_2023_C_Board.elf.dir/Drivers/STM32F4xx_HAL_Driver/Src/stm32f4xx_hal_cortex.c.obj
                0x08000f00                HAL_NVIC_SetPriority
 .text.HAL_NVIC_EnableIRQ
                0x08000f70       0x1c CMakeFiles/Engineering_A_2023_C_Board.elf.dir/Drivers/STM32F4xx_HAL_Driver/Src/stm32f4xx_hal_cortex.c.obj
                0x08000f70                HAL_NVIC_EnableIRQ
 .text.DMA_CalcBaseAndBitshift
                0x08000f8c       0x44 CMakeFiles/Engineering_A_2023_C_Board.elf.dir/Drivers/STM32F4xx_HAL_Driver/Src/stm32f4xx_hal_dma.c.obj
 .text.DMA_CheckFifoParam
                0x08000fd0       0x8e CMakeFiles/Engineering_A_2023_C_Board.elf.dir/Drivers/STM32F4xx_HAL_Driver/Src/stm32f4xx_hal_dma.c.obj
 *fill*         0x0800105e        0x2 
 .text.HAL_DMA_Init
                0x08001060       0xcc CMakeFiles/Engineering_A_2023_C_Board.elf.dir/Drivers/STM32F4xx_HAL_Driver/Src/stm32f4xx_hal_dma.c.obj
                0x08001060                HAL_DMA_Init
 .text.HAL_DMA_IRQHandler
                0x0800112c      0x1dc CMakeFiles/Engineering_A_2023_C_Board.elf.dir/Drivers/STM32F4xx_HAL_Driver/Src/stm32f4xx_hal_dma.c.obj
                0x0800112c                HAL_DMA_IRQHandler
 .text.HAL_GPIO_Init
                0x08001308      0x1e4 CMakeFiles/Engineering_A_2023_C_Board.elf.dir/Drivers/STM32F4xx_HAL_Driver/Src/stm32f4xx_hal_gpio.c.obj
                0x08001308                HAL_GPIO_Init
 .text.HAL_GPIO_WritePin
                0x080014ec        0xc CMakeFiles/Engineering_A_2023_C_Board.elf.dir/Drivers/STM32F4xx_HAL_Driver/Src/stm32f4xx_hal_gpio.c.obj
                0x080014ec                HAL_GPIO_WritePin
 .text.HAL_RCC_OscConfig
                0x080014f8      0x3f8 CMakeFiles/Engineering_A_2023_C_Board.elf.dir/Drivers/STM32F4xx_HAL_Driver/Src/stm32f4xx_hal_rcc.c.obj
                0x080014f8                HAL_RCC_OscConfig
 .text.HAL_RCC_GetSysClockFreq
                0x080018f0       0xa4 CMakeFiles/Engineering_A_2023_C_Board.elf.dir/Drivers/STM32F4xx_HAL_Driver/Src/stm32f4xx_hal_rcc.c.obj
                0x080018f0                HAL_RCC_GetSysClockFreq
 .text.HAL_RCC_ClockConfig
                0x08001994      0x160 CMakeFiles/Engineering_A_2023_C_Board.elf.dir/Drivers/STM32F4xx_HAL_Driver/Src/stm32f4xx_hal_rcc.c.obj
                0x08001994                HAL_RCC_ClockConfig
 .text.HAL_RCC_GetHCLKFreq
                0x08001af4        0xc CMakeFiles/Engineering_A_2023_C_Board.elf.dir/Drivers/STM32F4xx_HAL_Driver/Src/stm32f4xx_hal_rcc.c.obj
                0x08001af4                HAL_RCC_GetHCLKFreq
 .text.HAL_RCC_GetPCLK1Freq
                0x08001b00       0x20 CMakeFiles/Engineering_A_2023_C_Board.elf.dir/Drivers/STM32F4xx_HAL_Driver/Src/stm32f4xx_hal_rcc.c.obj
                0x08001b00                HAL_RCC_GetPCLK1Freq
 .text.HAL_RCC_GetPCLK2Freq
                0x08001b20       0x20 CMakeFiles/Engineering_A_2023_C_Board.elf.dir/Drivers/STM32F4xx_HAL_Driver/Src/stm32f4xx_hal_rcc.c.obj
                0x08001b20                HAL_RCC_GetPCLK2Freq
 .text.HAL_RCC_GetClockConfig
                0x08001b40       0x3c CMakeFiles/Engineering_A_2023_C_Board.elf.dir/Drivers/STM32F4xx_HAL_Driver/Src/stm32f4xx_hal_rcc.c.obj
                0x08001b40                HAL_RCC_GetClockConfig
 .text.HAL_TIM_Base_MspInit
                0x08001b7c        0x2 CMakeFiles/Engineering_A_2023_C_Board.elf.dir/Drivers/STM32F4xx_HAL_Driver/Src/stm32f4xx_hal_tim.c.obj
                0x08001b7c                HAL_TIM_Base_MspInit
 *fill*         0x08001b7e        0x2 
 .text.HAL_TIM_Base_Start_IT
                0x08001b80       0x88 CMakeFiles/Engineering_A_2023_C_Board.elf.dir/Drivers/STM32F4xx_HAL_Driver/Src/stm32f4xx_hal_tim.c.obj
                0x08001b80                HAL_TIM_Base_Start_IT
 .text.HAL_TIM_OC_DelayElapsedCallback
                0x08001c08        0x2 CMakeFiles/Engineering_A_2023_C_Board.elf.dir/Drivers/STM32F4xx_HAL_Driver/Src/stm32f4xx_hal_tim.c.obj
                0x08001c08                HAL_TIM_OC_DelayElapsedCallback
 .text.HAL_TIM_IC_CaptureCallback
                0x08001c0a        0x2 CMakeFiles/Engineering_A_2023_C_Board.elf.dir/Drivers/STM32F4xx_HAL_Driver/Src/stm32f4xx_hal_tim.c.obj
                0x08001c0a                HAL_TIM_IC_CaptureCallback
 .text.HAL_TIM_PWM_PulseFinishedCallback
                0x08001c0c        0x2 CMakeFiles/Engineering_A_2023_C_Board.elf.dir/Drivers/STM32F4xx_HAL_Driver/Src/stm32f4xx_hal_tim.c.obj
                0x08001c0c                HAL_TIM_PWM_PulseFinishedCallback
 .text.HAL_TIM_TriggerCallback
                0x08001c0e        0x2 CMakeFiles/Engineering_A_2023_C_Board.elf.dir/Drivers/STM32F4xx_HAL_Driver/Src/stm32f4xx_hal_tim.c.obj
                0x08001c0e                HAL_TIM_TriggerCallback
 .text.HAL_TIM_IRQHandler
                0x08001c10      0x17a CMakeFiles/Engineering_A_2023_C_Board.elf.dir/Drivers/STM32F4xx_HAL_Driver/Src/stm32f4xx_hal_tim.c.obj
                0x08001c10                HAL_TIM_IRQHandler
 *fill*         0x08001d8a        0x2 
 .text.TIM_Base_SetConfig
                0x08001d8c       0xc8 CMakeFiles/Engineering_A_2023_C_Board.elf.dir/Drivers/STM32F4xx_HAL_Driver/Src/stm32f4xx_hal_tim.c.obj
                0x08001d8c                TIM_Base_SetConfig
 .text.HAL_TIM_Base_Init
                0x08001e54       0x58 CMakeFiles/Engineering_A_2023_C_Board.elf.dir/Drivers/STM32F4xx_HAL_Driver/Src/stm32f4xx_hal_tim.c.obj
                0x08001e54                HAL_TIM_Base_Init
 .text.HAL_TIMEx_CommutCallback
                0x08001eac        0x2 CMakeFiles/Engineering_A_2023_C_Board.elf.dir/Drivers/STM32F4xx_HAL_Driver/Src/stm32f4xx_hal_tim_ex.c.obj
                0x08001eac                HAL_TIMEx_CommutCallback
 .text.HAL_TIMEx_BreakCallback
                0x08001eae        0x2 CMakeFiles/Engineering_A_2023_C_Board.elf.dir/Drivers/STM32F4xx_HAL_Driver/Src/stm32f4xx_hal_tim_ex.c.obj
                0x08001eae                HAL_TIMEx_BreakCallback
 .text.UART_SetConfig
                0x08001eb0      0x110 CMakeFiles/Engineering_A_2023_C_Board.elf.dir/Drivers/STM32F4xx_HAL_Driver/Src/stm32f4xx_hal_uart.c.obj
 .text.HAL_UART_Init
                0x08001fc0       0x5e CMakeFiles/Engineering_A_2023_C_Board.elf.dir/Drivers/STM32F4xx_HAL_Driver/Src/stm32f4xx_hal_uart.c.obj
                0x08001fc0                HAL_UART_Init
 .text.makeFreeRtosPriority
                0x0800201e        0xc CMakeFiles/Engineering_A_2023_C_Board.elf.dir/Middlewares/Third_Party/FreeRTOS/Source/CMSIS_RTOS/cmsis_os.c.obj
 .text.osKernelStart
                0x0800202a        0xa CMakeFiles/Engineering_A_2023_C_Board.elf.dir/Middlewares/Third_Party/FreeRTOS/Source/CMSIS_RTOS/cmsis_os.c.obj
                0x0800202a                osKernelStart
 .text.osThreadCreate
                0x08002034       0x6a CMakeFiles/Engineering_A_2023_C_Board.elf.dir/Middlewares/Third_Party/FreeRTOS/Source/CMSIS_RTOS/cmsis_os.c.obj
                0x08002034                osThreadCreate
 .text.osDelay  0x0800209e        0xe CMakeFiles/Engineering_A_2023_C_Board.elf.dir/Middlewares/Third_Party/FreeRTOS/Source/CMSIS_RTOS/cmsis_os.c.obj
                0x0800209e                osDelay
 .text.vListInitialise
                0x080020ac       0x16 CMakeFiles/Engineering_A_2023_C_Board.elf.dir/Middlewares/Third_Party/FreeRTOS/Source/list.c.obj
                0x080020ac                vListInitialise
 .text.vListInitialiseItem
                0x080020c2        0x6 CMakeFiles/Engineering_A_2023_C_Board.elf.dir/Middlewares/Third_Party/FreeRTOS/Source/list.c.obj
                0x080020c2                vListInitialiseItem
 .text.vListInsertEnd
                0x080020c8       0x16 CMakeFiles/Engineering_A_2023_C_Board.elf.dir/Middlewares/Third_Party/FreeRTOS/Source/list.c.obj
                0x080020c8                vListInsertEnd
 .text.vListInsert
                0x080020de       0x32 CMakeFiles/Engineering_A_2023_C_Board.elf.dir/Middlewares/Third_Party/FreeRTOS/Source/list.c.obj
                0x080020de                vListInsert
 .text.uxListRemove
                0x08002110       0x26 CMakeFiles/Engineering_A_2023_C_Board.elf.dir/Middlewares/Third_Party/FreeRTOS/Source/list.c.obj
                0x08002110                uxListRemove
 *fill*         0x08002136        0x2 
 .text.prvTaskExitError
                0x08002138       0x40 CMakeFiles/Engineering_A_2023_C_Board.elf.dir/Middlewares/Third_Party/FreeRTOS/Source/portable/GCC/ARM_CM4F/port.c.obj
 .text.prvPortStartFirstTask
                0x08002178       0x28 CMakeFiles/Engineering_A_2023_C_Board.elf.dir/Middlewares/Third_Party/FreeRTOS/Source/portable/GCC/ARM_CM4F/port.c.obj
 .text.vPortEnableVFP
                0x080021a0       0x14 CMakeFiles/Engineering_A_2023_C_Board.elf.dir/Middlewares/Third_Party/FreeRTOS/Source/portable/GCC/ARM_CM4F/port.c.obj
 .text.pxPortInitialiseStack
                0x080021b4       0x2c CMakeFiles/Engineering_A_2023_C_Board.elf.dir/Middlewares/Third_Party/FreeRTOS/Source/portable/GCC/ARM_CM4F/port.c.obj
                0x080021b4                pxPortInitialiseStack
 .text.SVC_Handler
                0x080021e0       0x24 CMakeFiles/Engineering_A_2023_C_Board.elf.dir/Middlewares/Third_Party/FreeRTOS/Source/portable/GCC/ARM_CM4F/port.c.obj
                0x080021e0                SVC_Handler
 .text.vPortEnterCritical
                0x08002204       0x44 CMakeFiles/Engineering_A_2023_C_Board.elf.dir/Middlewares/Third_Party/FreeRTOS/Source/portable/GCC/ARM_CM4F/port.c.obj
                0x08002204                vPortEnterCritical
 .text.vPortExitCritical
                0x08002248       0x2c CMakeFiles/Engineering_A_2023_C_Board.elf.dir/Middlewares/Third_Party/FreeRTOS/Source/portable/GCC/ARM_CM4F/port.c.obj
                0x08002248                vPortExitCritical
 *fill*         0x08002274        0xc 
 .text.PendSV_Handler
                0x08002280       0x64 CMakeFiles/Engineering_A_2023_C_Board.elf.dir/Middlewares/Third_Party/FreeRTOS/Source/portable/GCC/ARM_CM4F/port.c.obj
                0x08002280                PendSV_Handler
 .text.SysTick_Handler
                0x080022e4       0x2c CMakeFiles/Engineering_A_2023_C_Board.elf.dir/Middlewares/Third_Party/FreeRTOS/Source/portable/GCC/ARM_CM4F/port.c.obj
                0x080022e4                SysTick_Handler
 .text.vPortSetupTimerInterrupt
                0x08002310       0x28 CMakeFiles/Engineering_A_2023_C_Board.elf.dir/Middlewares/Third_Party/FreeRTOS/Source/portable/GCC/ARM_CM4F/port.c.obj
                0x08002310                vPortSetupTimerInterrupt
 .text.xPortStartScheduler
                0x08002338      0x118 CMakeFiles/Engineering_A_2023_C_Board.elf.dir/Middlewares/Third_Party/FreeRTOS/Source/portable/GCC/ARM_CM4F/port.c.obj
                0x08002338                xPortStartScheduler
 .text.prvHeapInit
                0x08002450       0x64 CMakeFiles/Engineering_A_2023_C_Board.elf.dir/Middlewares/Third_Party/FreeRTOS/Source/portable/MemMang/heap_4.c.obj
 .text.prvInsertBlockIntoFreeList
                0x080024b4       0x64 CMakeFiles/Engineering_A_2023_C_Board.elf.dir/Middlewares/Third_Party/FreeRTOS/Source/portable/MemMang/heap_4.c.obj
 .text.pvPortMalloc
                0x08002518       0xfc CMakeFiles/Engineering_A_2023_C_Board.elf.dir/Middlewares/Third_Party/FreeRTOS/Source/portable/MemMang/heap_4.c.obj
                0x08002518                pvPortMalloc
 .text.vPortFree
                0x08002614       0x7c CMakeFiles/Engineering_A_2023_C_Board.elf.dir/Middlewares/Third_Party/FreeRTOS/Source/portable/MemMang/heap_4.c.obj
                0x08002614                vPortFree
 .text.prvResetNextTaskUnblockTime
                0x08002690       0x2c CMakeFiles/Engineering_A_2023_C_Board.elf.dir/Middlewares/Third_Party/FreeRTOS/Source/tasks.c.obj
 .text.prvInitialiseNewTask
                0x080026bc       0xa2 CMakeFiles/Engineering_A_2023_C_Board.elf.dir/Middlewares/Third_Party/FreeRTOS/Source/tasks.c.obj
 *fill*         0x0800275e        0x2 
 .text.prvInitialiseTaskLists
                0x08002760       0x68 CMakeFiles/Engineering_A_2023_C_Board.elf.dir/Middlewares/Third_Party/FreeRTOS/Source/tasks.c.obj
 .text.prvAddNewTaskToReadyList
                0x080027c8       0xa8 CMakeFiles/Engineering_A_2023_C_Board.elf.dir/Middlewares/Third_Party/FreeRTOS/Source/tasks.c.obj
 .text.prvDeleteTCB
                0x08002870       0x38 CMakeFiles/Engineering_A_2023_C_Board.elf.dir/Middlewares/Third_Party/FreeRTOS/Source/tasks.c.obj
 .text.prvCheckTasksWaitingTermination
                0x080028a8       0x4c CMakeFiles/Engineering_A_2023_C_Board.elf.dir/Middlewares/Third_Party/FreeRTOS/Source/tasks.c.obj
 .text.prvIdleTask
                0x080028f4       0x28 CMakeFiles/Engineering_A_2023_C_Board.elf.dir/Middlewares/Third_Party/FreeRTOS/Source/tasks.c.obj
 .text.prvAddCurrentTaskToDelayedList
                0x0800291c       0x98 CMakeFiles/Engineering_A_2023_C_Board.elf.dir/Middlewares/Third_Party/FreeRTOS/Source/tasks.c.obj
 .text.xTaskCreateStatic
                0x080029b4       0x76 CMakeFiles/Engineering_A_2023_C_Board.elf.dir/Middlewares/Third_Party/FreeRTOS/Source/tasks.c.obj
                0x080029b4                xTaskCreateStatic
 .text.xTaskCreate
                0x08002a2a       0x68 CMakeFiles/Engineering_A_2023_C_Board.elf.dir/Middlewares/Third_Party/FreeRTOS/Source/tasks.c.obj
                0x08002a2a                xTaskCreate
 *fill*         0x08002a92        0x2 
 .text.vTaskStartScheduler
                0x08002a94       0x74 CMakeFiles/Engineering_A_2023_C_Board.elf.dir/Middlewares/Third_Party/FreeRTOS/Source/tasks.c.obj
                0x08002a94                vTaskStartScheduler
 .text.vTaskSuspendAll
                0x08002b08       0x10 CMakeFiles/Engineering_A_2023_C_Board.elf.dir/Middlewares/Third_Party/FreeRTOS/Source/tasks.c.obj
                0x08002b08                vTaskSuspendAll
 .text.xTaskIncrementTick
                0x08002b18      0x118 CMakeFiles/Engineering_A_2023_C_Board.elf.dir/Middlewares/Third_Party/FreeRTOS/Source/tasks.c.obj
                0x08002b18                xTaskIncrementTick
 .text.xTaskResumeAll
                0x08002c30       0xf8 CMakeFiles/Engineering_A_2023_C_Board.elf.dir/Middlewares/Third_Party/FreeRTOS/Source/tasks.c.obj
                0x08002c30                xTaskResumeAll
 .text.vTaskDelay
                0x08002d28       0x4c CMakeFiles/Engineering_A_2023_C_Board.elf.dir/Middlewares/Third_Party/FreeRTOS/Source/tasks.c.obj
                0x08002d28                vTaskDelay
 .text.vTaskSwitchContext
                0x08002d74       0x98 CMakeFiles/Engineering_A_2023_C_Board.elf.dir/Middlewares/Third_Party/FreeRTOS/Source/tasks.c.obj
                0x08002d74                vTaskSwitchContext
 .text.Reset_Handler
                0x08002e0c       0x50 CMakeFiles/Engineering_A_2023_C_Board.elf.dir/startup/startup_stm32f407xx.s.obj
                0x08002e0c                Reset_Handler
 .text.Default_Handler
                0x08002e5c        0x2 CMakeFiles/Engineering_A_2023_C_Board.elf.dir/startup/startup_stm32f407xx.s.obj
                0x08002e5c                RTC_Alarm_IRQHandler
                0x08002e5c                HASH_RNG_IRQHandler
                0x08002e5c                EXTI2_IRQHandler
                0x08002e5c                TIM8_CC_IRQHandler
                0x08002e5c                TIM1_CC_IRQHandler
                0x08002e5c                DMA2_Stream5_IRQHandler
                0x08002e5c                DMA1_Stream5_IRQHandler
                0x08002e5c                PVD_IRQHandler
                0x08002e5c                SDIO_IRQHandler
                0x08002e5c                TAMP_STAMP_IRQHandler
                0x08002e5c                CAN2_RX1_IRQHandler
                0x08002e5c                EXTI3_IRQHandler
                0x08002e5c                TIM8_TRG_COM_TIM14_IRQHandler
                0x08002e5c                TIM8_UP_TIM13_IRQHandler
                0x08002e5c                I2C3_ER_IRQHandler
                0x08002e5c                EXTI0_IRQHandler
                0x08002e5c                I2C2_EV_IRQHandler
                0x08002e5c                DMA1_Stream2_IRQHandler
                0x08002e5c                FPU_IRQHandler
                0x08002e5c                OTG_HS_WKUP_IRQHandler
                0x08002e5c                CAN2_SCE_IRQHandler
                0x08002e5c                DMA2_Stream2_IRQHandler
                0x08002e5c                SPI1_IRQHandler
                0x08002e5c                TIM6_DAC_IRQHandler
                0x08002e5c                TIM1_BRK_TIM9_IRQHandler
                0x08002e5c                DCMI_IRQHandler
                0x08002e5c                DMA2_Stream3_IRQHandler
                0x08002e5c                USART6_IRQHandler
                0x08002e5c                USART3_IRQHandler
                0x08002e5c                CAN1_RX1_IRQHandler
                0x08002e5c                UART5_IRQHandler
                0x08002e5c                DMA2_Stream0_IRQHandler
                0x08002e5c                TIM4_IRQHandler
                0x08002e5c                I2C1_EV_IRQHandler
                0x08002e5c                DMA1_Stream6_IRQHandler
                0x08002e5c                UART4_IRQHandler
                0x08002e5c                TIM3_IRQHandler
                0x08002e5c                RCC_IRQHandler
                0x08002e5c                TIM8_BRK_TIM12_IRQHandler
                0x08002e5c                Default_Handler
                0x08002e5c                EXTI15_10_IRQHandler
                0x08002e5c                ADC_IRQHandler
                0x08002e5c                DMA1_Stream7_IRQHandler
                0x08002e5c                TIM7_IRQHandler
                0x08002e5c                CAN2_TX_IRQHandler
                0x08002e5c                TIM5_IRQHandler
                0x08002e5c                DMA2_Stream7_IRQHandler
                0x08002e5c                I2C3_EV_IRQHandler
                0x08002e5c                EXTI9_5_IRQHandler
                0x08002e5c                RTC_WKUP_IRQHandler
                0x08002e5c                ETH_WKUP_IRQHandler
                0x08002e5c                SPI2_IRQHandler
                0x08002e5c                OTG_HS_EP1_IN_IRQHandler
                0x08002e5c                DMA1_Stream0_IRQHandler
                0x08002e5c                CAN1_TX_IRQHandler
                0x08002e5c                EXTI4_IRQHandler
                0x08002e5c                FSMC_IRQHandler
                0x08002e5c                ETH_IRQHandler
                0x08002e5c                OTG_HS_EP1_OUT_IRQHandler
                0x08002e5c                WWDG_IRQHandler
                0x08002e5c                TIM2_IRQHandler
                0x08002e5c                OTG_FS_WKUP_IRQHandler
                0x08002e5c                TIM1_TRG_COM_TIM11_IRQHandler
                0x08002e5c                OTG_HS_IRQHandler
                0x08002e5c                EXTI1_IRQHandler
                0x08002e5c                USART2_IRQHandler
                0x08002e5c                I2C2_ER_IRQHandler
                0x08002e5c                DMA2_Stream1_IRQHandler
                0x08002e5c                CAN1_SCE_IRQHandler
                0x08002e5c                FLASH_IRQHandler
                0x08002e5c                DMA2_Stream4_IRQHandler
                0x08002e5c                USART1_IRQHandler
                0x08002e5c                OTG_FS_IRQHandler
                0x08002e5c                SPI3_IRQHandler
                0x08002e5c                DMA1_Stream4_IRQHandler
                0x08002e5c                I2C1_ER_IRQHandler
                0x08002e5c                DMA2_Stream6_IRQHandler
                0x08002e5c                DMA1_Stream3_IRQHandler
 *fill*         0x08002e5e        0x2 
 .text.__libc_init_array
                0x08002e60       0x48 e:/application/10 2021.10/bin/../lib/gcc/arm-none-eabi/10.3.1/../../../../arm-none-eabi/lib/thumb/v7e-m+fp/hard\libg.a(lib_a-init.o)
                0x08002e60                __libc_init_array
 .text.memset   0x08002ea8       0xa4 e:/application/10 2021.10/bin/../lib/gcc/arm-none-eabi/10.3.1/../../../../arm-none-eabi/lib/thumb/v7e-m+fp/hard\libg.a(lib_a-memset.o)
                0x08002ea8                memset
 .text.startup.register_fini
                0x08002f4c       0x14 e:/application/10 2021.10/bin/../lib/gcc/arm-none-eabi/10.3.1/../../../../arm-none-eabi/lib/thumb/v7e-m+fp/hard\libg.a(lib_a-__call_atexit.o)
 .text.atexit   0x08002f60        0xc e:/application/10 2021.10/bin/../lib/gcc/arm-none-eabi/10.3.1/../../../../arm-none-eabi/lib/thumb/v7e-m+fp/hard\libg.a(lib_a-atexit.o)
                0x08002f60                atexit
 .text.__libc_fini_array
                0x08002f6c       0x2c e:/application/10 2021.10/bin/../lib/gcc/arm-none-eabi/10.3.1/../../../../arm-none-eabi/lib/thumb/v7e-m+fp/hard\libg.a(lib_a-fini.o)
                0x08002f6c                __libc_fini_array
 .text.__retarget_lock_acquire_recursive
                0x08002f98        0x4 e:/application/10 2021.10/bin/../lib/gcc/arm-none-eabi/10.3.1/../../../../arm-none-eabi/lib/thumb/v7e-m+fp/hard\libg.a(lib_a-lock.o)
                0x08002f98                __retarget_lock_acquire_recursive
 .text.__retarget_lock_release_recursive
                0x08002f9c        0x4 e:/application/10 2021.10/bin/../lib/gcc/arm-none-eabi/10.3.1/../../../../arm-none-eabi/lib/thumb/v7e-m+fp/hard\libg.a(lib_a-lock.o)
                0x08002f9c                __retarget_lock_release_recursive
 .text.__register_exitproc
                0x08002fa0       0x8c e:/application/10 2021.10/bin/../lib/gcc/arm-none-eabi/10.3.1/../../../../arm-none-eabi/lib/thumb/v7e-m+fp/hard\libg.a(lib_a-__atexit.o)
                0x08002fa0                __register_exitproc
 *(.glue_7)
 .glue_7        0x0800302c        0x0 linker stubs
 *(.glue_7t)
 .glue_7t       0x0800302c        0x0 linker stubs
 *(.eh_frame)
 .eh_frame      0x0800302c        0x0 e:/application/10 2021.10/bin/../lib/gcc/arm-none-eabi/10.3.1/thumb/v7e-m+fp/hard/crtbegin.o
 *(.init)
 .init          0x0800302c        0x4 e:/application/10 2021.10/bin/../lib/gcc/arm-none-eabi/10.3.1/thumb/v7e-m+fp/hard/crti.o
                0x0800302c                _init
 .init          0x08003030        0x8 e:/application/10 2021.10/bin/../lib/gcc/arm-none-eabi/10.3.1/thumb/v7e-m+fp/hard/crtn.o
 *(.fini)
 .fini          0x08003038        0x4 e:/application/10 2021.10/bin/../lib/gcc/arm-none-eabi/10.3.1/thumb/v7e-m+fp/hard/crti.o
                0x08003038                _fini
 .fini          0x0800303c        0x8 e:/application/10 2021.10/bin/../lib/gcc/arm-none-eabi/10.3.1/thumb/v7e-m+fp/hard/crtn.o
                0x08003044                . = ALIGN (0x4)
                0x08003044                _etext = .

.vfp11_veneer   0x08003044        0x0
 .vfp11_veneer  0x08003044        0x0 linker stubs

.v4_bx          0x08003044        0x0
 .v4_bx         0x08003044        0x0 linker stubs

.iplt           0x08003044        0x0
 .iplt          0x08003044        0x0 e:/application/10 2021.10/bin/../lib/gcc/arm-none-eabi/10.3.1/thumb/v7e-m+fp/hard/crtbegin.o

.rodata         0x08003044       0x54
                0x08003044                . = ALIGN (0x4)
 *(.rodata)
 .rodata        0x08003044       0x1c CMakeFiles/Engineering_A_2023_C_Board.elf.dir/Core/Src/freertos.c.obj
 *(.rodata*)
 .rodata.str1.4
                0x08003060        0xc CMakeFiles/Engineering_A_2023_C_Board.elf.dir/Core/Src/freertos.c.obj
 .rodata.AHBPrescTable
                0x0800306c       0x10 CMakeFiles/Engineering_A_2023_C_Board.elf.dir/Core/Src/system_stm32f4xx.c.obj
                0x0800306c                AHBPrescTable
 .rodata.APBPrescTable
                0x0800307c        0x8 CMakeFiles/Engineering_A_2023_C_Board.elf.dir/Core/Src/system_stm32f4xx.c.obj
                0x0800307c                APBPrescTable
 .rodata.flagBitshiftOffset.0
                0x08003084        0x8 CMakeFiles/Engineering_A_2023_C_Board.elf.dir/Drivers/STM32F4xx_HAL_Driver/Src/stm32f4xx_hal_dma.c.obj
 .rodata.vTaskStartScheduler.str1.4
                0x0800308c        0x5 CMakeFiles/Engineering_A_2023_C_Board.elf.dir/Middlewares/Third_Party/FreeRTOS/Source/tasks.c.obj
 *fill*         0x08003091        0x3 
 .rodata._global_impure_ptr
                0x08003094        0x4 e:/application/10 2021.10/bin/../lib/gcc/arm-none-eabi/10.3.1/../../../../arm-none-eabi/lib/thumb/v7e-m+fp/hard\libg.a(lib_a-impure.o)
                0x08003094                _global_impure_ptr
                0x08003098                . = ALIGN (0x4)

.ARM.extab
 *(.ARM.extab* .gnu.linkonce.armextab.*)

.ARM            0x08003098        0x8
                0x08003098                __exidx_start = .
 *(.ARM.exidx*)
 .ARM.exidx     0x08003098        0x8 e:/application/10 2021.10/bin/../lib/gcc/arm-none-eabi/10.3.1/thumb/v7e-m+fp/hard\libgcc.a(_udivmoddi4.o)
                0x080030a0                __exidx_end = .

.rel.dyn        0x080030a0        0x0
 .rel.iplt      0x080030a0        0x0 e:/application/10 2021.10/bin/../lib/gcc/arm-none-eabi/10.3.1/thumb/v7e-m+fp/hard/crtbegin.o

.preinit_array  0x080030a0        0x0
                0x080030a0                PROVIDE (__preinit_array_start = .)
 *(.preinit_array*)
                0x080030a0                PROVIDE (__preinit_array_end = .)

.init_array     0x080030a0        0x8
                0x080030a0                PROVIDE (__init_array_start = .)
 *(SORT_BY_NAME(.init_array.*))
 .init_array.00000
                0x080030a0        0x4 e:/application/10 2021.10/bin/../lib/gcc/arm-none-eabi/10.3.1/../../../../arm-none-eabi/lib/thumb/v7e-m+fp/hard\libg.a(lib_a-__call_atexit.o)
 *(.init_array*)
 .init_array    0x080030a4        0x4 e:/application/10 2021.10/bin/../lib/gcc/arm-none-eabi/10.3.1/thumb/v7e-m+fp/hard/crtbegin.o
                0x080030a8                PROVIDE (__init_array_end = .)

.fini_array     0x080030a8        0x4
                0x080030a8                PROVIDE (__fini_array_start = .)
 *(SORT_BY_NAME(.fini_array.*))
 *(.fini_array*)
 .fini_array    0x080030a8        0x4 e:/application/10 2021.10/bin/../lib/gcc/arm-none-eabi/10.3.1/thumb/v7e-m+fp/hard/crtbegin.o
                0x080030ac                PROVIDE (__fini_array_end = .)
                0x080030ac                _sidata = LOADADDR (.data)

.data           0x20000000      0x43c load address 0x080030ac
                0x20000000                . = ALIGN (0x4)
                0x20000000                _sdata = .
 *(.data)
 *(.data*)
 .data.SystemCoreClock
                0x20000000        0x4 CMakeFiles/Engineering_A_2023_C_Board.elf.dir/Core/Src/system_stm32f4xx.c.obj
                0x20000000                SystemCoreClock
 .data.uwTickFreq
                0x20000004        0x1 CMakeFiles/Engineering_A_2023_C_Board.elf.dir/Drivers/STM32F4xx_HAL_Driver/Src/stm32f4xx_hal.c.obj
                0x20000004                uwTickFreq
 *fill*         0x20000005        0x3 
 .data.uwTickPrio
                0x20000008        0x4 CMakeFiles/Engineering_A_2023_C_Board.elf.dir/Drivers/STM32F4xx_HAL_Driver/Src/stm32f4xx_hal.c.obj
                0x20000008                uwTickPrio
 .data.uxCriticalNesting
                0x2000000c        0x4 CMakeFiles/Engineering_A_2023_C_Board.elf.dir/Middlewares/Third_Party/FreeRTOS/Source/portable/GCC/ARM_CM4F/port.c.obj
 .data.impure_data
                0x20000010      0x428 e:/application/10 2021.10/bin/../lib/gcc/arm-none-eabi/10.3.1/../../../../arm-none-eabi/lib/thumb/v7e-m+fp/hard\libg.a(lib_a-impure.o)
 .data.__atexit_recursive_mutex
                0x20000438        0x4 e:/application/10 2021.10/bin/../lib/gcc/arm-none-eabi/10.3.1/../../../../arm-none-eabi/lib/thumb/v7e-m+fp/hard\libg.a(lib_a-__call_atexit.o)
                0x20000438                __atexit_recursive_mutex
                0x2000043c                . = ALIGN (0x4)
                0x2000043c                _edata = .
                0x080034e8                _siccmram = LOADADDR (.ccmram)

.igot.plt       0x2000043c        0x0 load address 0x080034e8
 .igot.plt      0x2000043c        0x0 e:/application/10 2021.10/bin/../lib/gcc/arm-none-eabi/10.3.1/thumb/v7e-m+fp/hard/crtbegin.o

.ccmram         0x10000000        0x0 load address 0x080034e8
                0x10000000                . = ALIGN (0x4)
                0x10000000                _sccmram = .
 *(.ccmram)
 *(.ccmram*)
                0x10000000                . = ALIGN (0x4)
                0x10000000                _eccmram = .
                0x10000000                . = ALIGN (0x4)

.bss            0x2000043c     0x4110
                0x2000043c                _sbss = .
                0x2000043c                __bss_start__ = _sbss
 *(.bss)
 .bss           0x2000043c       0x1c e:/application/10 2021.10/bin/../lib/gcc/arm-none-eabi/10.3.1/thumb/v7e-m+fp/hard/crtbegin.o
 *(.bss*)
 .bss.HAL_RCC_CAN1_CLK_ENABLED
                0x20000458        0x4 CMakeFiles/Engineering_A_2023_C_Board.elf.dir/Core/Src/can.c.obj
 .bss.hcan1     0x2000045c       0x28 CMakeFiles/Engineering_A_2023_C_Board.elf.dir/Core/Src/can.c.obj
                0x2000045c                hcan1
 .bss.hcan2     0x20000484       0x28 CMakeFiles/Engineering_A_2023_C_Board.elf.dir/Core/Src/can.c.obj
                0x20000484                hcan2
 .bss.defaultTaskHandle
                0x200004ac        0x4 CMakeFiles/Engineering_A_2023_C_Board.elf.dir/Core/Src/freertos.c.obj
                0x200004ac                defaultTaskHandle
 .bss.xIdleStack
                0x200004b0      0x200 CMakeFiles/Engineering_A_2023_C_Board.elf.dir/Core/Src/freertos.c.obj
 .bss.xIdleTaskTCBBuffer
                0x200006b0       0x54 CMakeFiles/Engineering_A_2023_C_Board.elf.dir/Core/Src/freertos.c.obj
 .bss.htim1     0x20000704       0x48 CMakeFiles/Engineering_A_2023_C_Board.elf.dir/Core/Src/stm32f4xx_hal_timebase_tim.c.obj
                0x20000704                htim1
 .bss.hdma_usart3_rx
                0x2000074c       0x60 CMakeFiles/Engineering_A_2023_C_Board.elf.dir/Core/Src/usart.c.obj
                0x2000074c                hdma_usart3_rx
 .bss.huart3    0x200007ac       0x44 CMakeFiles/Engineering_A_2023_C_Board.elf.dir/Core/Src/usart.c.obj
                0x200007ac                huart3
 .bss.uwTick    0x200007f0        0x4 CMakeFiles/Engineering_A_2023_C_Board.elf.dir/Drivers/STM32F4xx_HAL_Driver/Src/stm32f4xx_hal.c.obj
                0x200007f0                uwTick
 .bss.ucMaxSysCallPriority
                0x200007f4        0x1 CMakeFiles/Engineering_A_2023_C_Board.elf.dir/Middlewares/Third_Party/FreeRTOS/Source/portable/GCC/ARM_CM4F/port.c.obj
 *fill*         0x200007f5        0x3 
 .bss.ulMaxPRIGROUPValue
                0x200007f8        0x4 CMakeFiles/Engineering_A_2023_C_Board.elf.dir/Middlewares/Third_Party/FreeRTOS/Source/portable/GCC/ARM_CM4F/port.c.obj
 .bss.pxEnd     0x200007fc        0x4 CMakeFiles/Engineering_A_2023_C_Board.elf.dir/Middlewares/Third_Party/FreeRTOS/Source/portable/MemMang/heap_4.c.obj
 .bss.ucHeap    0x20000800     0x3c00 CMakeFiles/Engineering_A_2023_C_Board.elf.dir/Middlewares/Third_Party/FreeRTOS/Source/portable/MemMang/heap_4.c.obj
 .bss.xBlockAllocatedBit
                0x20004400        0x4 CMakeFiles/Engineering_A_2023_C_Board.elf.dir/Middlewares/Third_Party/FreeRTOS/Source/portable/MemMang/heap_4.c.obj
 .bss.xFreeBytesRemaining
                0x20004404        0x4 CMakeFiles/Engineering_A_2023_C_Board.elf.dir/Middlewares/Third_Party/FreeRTOS/Source/portable/MemMang/heap_4.c.obj
 .bss.xMinimumEverFreeBytesRemaining
                0x20004408        0x4 CMakeFiles/Engineering_A_2023_C_Board.elf.dir/Middlewares/Third_Party/FreeRTOS/Source/portable/MemMang/heap_4.c.obj
 .bss.xNumberOfSuccessfulAllocations
                0x2000440c        0x4 CMakeFiles/Engineering_A_2023_C_Board.elf.dir/Middlewares/Third_Party/FreeRTOS/Source/portable/MemMang/heap_4.c.obj
 .bss.xNumberOfSuccessfulFrees
                0x20004410        0x4 CMakeFiles/Engineering_A_2023_C_Board.elf.dir/Middlewares/Third_Party/FreeRTOS/Source/portable/MemMang/heap_4.c.obj
 .bss.xStart    0x20004414        0x8 CMakeFiles/Engineering_A_2023_C_Board.elf.dir/Middlewares/Third_Party/FreeRTOS/Source/portable/MemMang/heap_4.c.obj
 .bss.pxCurrentTCB
                0x2000441c        0x4 CMakeFiles/Engineering_A_2023_C_Board.elf.dir/Middlewares/Third_Party/FreeRTOS/Source/tasks.c.obj
                0x2000441c                pxCurrentTCB
 .bss.pxDelayedTaskList
                0x20004420        0x4 CMakeFiles/Engineering_A_2023_C_Board.elf.dir/Middlewares/Third_Party/FreeRTOS/Source/tasks.c.obj
 .bss.pxOverflowDelayedTaskList
                0x20004424        0x4 CMakeFiles/Engineering_A_2023_C_Board.elf.dir/Middlewares/Third_Party/FreeRTOS/Source/tasks.c.obj
 .bss.pxReadyTasksLists
                0x20004428       0x8c CMakeFiles/Engineering_A_2023_C_Board.elf.dir/Middlewares/Third_Party/FreeRTOS/Source/tasks.c.obj
 .bss.uxCurrentNumberOfTasks
                0x200044b4        0x4 CMakeFiles/Engineering_A_2023_C_Board.elf.dir/Middlewares/Third_Party/FreeRTOS/Source/tasks.c.obj
 .bss.uxDeletedTasksWaitingCleanUp
                0x200044b8        0x4 CMakeFiles/Engineering_A_2023_C_Board.elf.dir/Middlewares/Third_Party/FreeRTOS/Source/tasks.c.obj
 .bss.uxSchedulerSuspended
                0x200044bc        0x4 CMakeFiles/Engineering_A_2023_C_Board.elf.dir/Middlewares/Third_Party/FreeRTOS/Source/tasks.c.obj
 .bss.uxTaskNumber
                0x200044c0        0x4 CMakeFiles/Engineering_A_2023_C_Board.elf.dir/Middlewares/Third_Party/FreeRTOS/Source/tasks.c.obj
 .bss.uxTopReadyPriority
                0x200044c4        0x4 CMakeFiles/Engineering_A_2023_C_Board.elf.dir/Middlewares/Third_Party/FreeRTOS/Source/tasks.c.obj
 .bss.xDelayedTaskList1
                0x200044c8       0x14 CMakeFiles/Engineering_A_2023_C_Board.elf.dir/Middlewares/Third_Party/FreeRTOS/Source/tasks.c.obj
 .bss.xDelayedTaskList2
                0x200044dc       0x14 CMakeFiles/Engineering_A_2023_C_Board.elf.dir/Middlewares/Third_Party/FreeRTOS/Source/tasks.c.obj
 .bss.xIdleTaskHandle
                0x200044f0        0x4 CMakeFiles/Engineering_A_2023_C_Board.elf.dir/Middlewares/Third_Party/FreeRTOS/Source/tasks.c.obj
 .bss.xNextTaskUnblockTime
                0x200044f4        0x4 CMakeFiles/Engineering_A_2023_C_Board.elf.dir/Middlewares/Third_Party/FreeRTOS/Source/tasks.c.obj
 .bss.xNumOfOverflows
                0x200044f8        0x4 CMakeFiles/Engineering_A_2023_C_Board.elf.dir/Middlewares/Third_Party/FreeRTOS/Source/tasks.c.obj
 .bss.xPendedTicks
                0x200044fc        0x4 CMakeFiles/Engineering_A_2023_C_Board.elf.dir/Middlewares/Third_Party/FreeRTOS/Source/tasks.c.obj
 .bss.xPendingReadyList
                0x20004500       0x14 CMakeFiles/Engineering_A_2023_C_Board.elf.dir/Middlewares/Third_Party/FreeRTOS/Source/tasks.c.obj
 .bss.xSchedulerRunning
                0x20004514        0x4 CMakeFiles/Engineering_A_2023_C_Board.elf.dir/Middlewares/Third_Party/FreeRTOS/Source/tasks.c.obj
 .bss.xSuspendedTaskList
                0x20004518       0x14 CMakeFiles/Engineering_A_2023_C_Board.elf.dir/Middlewares/Third_Party/FreeRTOS/Source/tasks.c.obj
 .bss.xTasksWaitingTermination
                0x2000452c       0x14 CMakeFiles/Engineering_A_2023_C_Board.elf.dir/Middlewares/Third_Party/FreeRTOS/Source/tasks.c.obj
 .bss.xTickCount
                0x20004540        0x4 CMakeFiles/Engineering_A_2023_C_Board.elf.dir/Middlewares/Third_Party/FreeRTOS/Source/tasks.c.obj
 .bss.xYieldPending
                0x20004544        0x4 CMakeFiles/Engineering_A_2023_C_Board.elf.dir/Middlewares/Third_Party/FreeRTOS/Source/tasks.c.obj
 .bss.__lock___atexit_recursive_mutex
                0x20004548        0x1 e:/application/10 2021.10/bin/../lib/gcc/arm-none-eabi/10.3.1/../../../../arm-none-eabi/lib/thumb/v7e-m+fp/hard\libg.a(lib_a-lock.o)
                0x20004548                __lock___atexit_recursive_mutex
 *(COMMON)
                0x2000454c                . = ALIGN (0x4)
 *fill*         0x20004549        0x3 
                0x2000454c                _ebss = .
                0x2000454c                __bss_end__ = _ebss

._user_heap_stack
                0x2000454c      0x604
                0x20004550                . = ALIGN (0x8)
 *fill*         0x2000454c        0x4 
                0x20004550                PROVIDE (end = .)
                [!provide]                PROVIDE (_end = .)
                0x20004750                . = (. + _Min_Heap_Size)
 *fill*         0x20004550      0x200 
                0x20004b50                . = (. + _Min_Stack_Size)
 *fill*         0x20004750      0x400 
                0x20004b50                . = ALIGN (0x8)

/DISCARD/
 libc.a(*)
 libm.a(*)
 libgcc.a(*)

.ARM.attributes
                0x00000000       0x30
 *(.ARM.attributes)
 .ARM.attributes
                0x00000000       0x1e e:/application/10 2021.10/bin/../lib/gcc/arm-none-eabi/10.3.1/thumb/v7e-m+fp/hard/crti.o
 .ARM.attributes
                0x0000001e       0x34 e:/application/10 2021.10/bin/../lib/gcc/arm-none-eabi/10.3.1/thumb/v7e-m+fp/hard/crtbegin.o
 .ARM.attributes
                0x00000052       0x34 CMakeFiles/Engineering_A_2023_C_Board.elf.dir/Core/Src/can.c.obj
 .ARM.attributes
                0x00000086       0x34 CMakeFiles/Engineering_A_2023_C_Board.elf.dir/Core/Src/dma.c.obj
 .ARM.attributes
                0x000000ba       0x34 CMakeFiles/Engineering_A_2023_C_Board.elf.dir/Core/Src/freertos.c.obj
 .ARM.attributes
                0x000000ee       0x34 CMakeFiles/Engineering_A_2023_C_Board.elf.dir/Core/Src/gpio.c.obj
 .ARM.attributes
                0x00000122       0x34 CMakeFiles/Engineering_A_2023_C_Board.elf.dir/Core/Src/main.c.obj
 .ARM.attributes
                0x00000156       0x34 CMakeFiles/Engineering_A_2023_C_Board.elf.dir/Core/Src/stm32f4xx_hal_msp.c.obj
 .ARM.attributes
                0x0000018a       0x34 CMakeFiles/Engineering_A_2023_C_Board.elf.dir/Core/Src/stm32f4xx_hal_timebase_tim.c.obj
 .ARM.attributes
                0x000001be       0x34 CMakeFiles/Engineering_A_2023_C_Board.elf.dir/Core/Src/stm32f4xx_it.c.obj
 .ARM.attributes
                0x000001f2       0x34 CMakeFiles/Engineering_A_2023_C_Board.elf.dir/Core/Src/system_stm32f4xx.c.obj
 .ARM.attributes
                0x00000226       0x34 CMakeFiles/Engineering_A_2023_C_Board.elf.dir/Core/Src/usart.c.obj
 .ARM.attributes
                0x0000025a       0x34 CMakeFiles/Engineering_A_2023_C_Board.elf.dir/Drivers/STM32F4xx_HAL_Driver/Src/stm32f4xx_hal.c.obj
 .ARM.attributes
                0x0000028e       0x34 CMakeFiles/Engineering_A_2023_C_Board.elf.dir/Drivers/STM32F4xx_HAL_Driver/Src/stm32f4xx_hal_can.c.obj
 .ARM.attributes
                0x000002c2       0x34 CMakeFiles/Engineering_A_2023_C_Board.elf.dir/Drivers/STM32F4xx_HAL_Driver/Src/stm32f4xx_hal_cortex.c.obj
 .ARM.attributes
                0x000002f6       0x34 CMakeFiles/Engineering_A_2023_C_Board.elf.dir/Drivers/STM32F4xx_HAL_Driver/Src/stm32f4xx_hal_dma.c.obj
 .ARM.attributes
                0x0000032a       0x34 CMakeFiles/Engineering_A_2023_C_Board.elf.dir/Drivers/STM32F4xx_HAL_Driver/Src/stm32f4xx_hal_gpio.c.obj
 .ARM.attributes
                0x0000035e       0x34 CMakeFiles/Engineering_A_2023_C_Board.elf.dir/Drivers/STM32F4xx_HAL_Driver/Src/stm32f4xx_hal_rcc.c.obj
 .ARM.attributes
                0x00000392       0x34 CMakeFiles/Engineering_A_2023_C_Board.elf.dir/Drivers/STM32F4xx_HAL_Driver/Src/stm32f4xx_hal_tim.c.obj
 .ARM.attributes
                0x000003c6       0x34 CMakeFiles/Engineering_A_2023_C_Board.elf.dir/Drivers/STM32F4xx_HAL_Driver/Src/stm32f4xx_hal_tim_ex.c.obj
 .ARM.attributes
                0x000003fa       0x34 CMakeFiles/Engineering_A_2023_C_Board.elf.dir/Drivers/STM32F4xx_HAL_Driver/Src/stm32f4xx_hal_uart.c.obj
 .ARM.attributes
                0x0000042e       0x34 CMakeFiles/Engineering_A_2023_C_Board.elf.dir/Middlewares/Third_Party/FreeRTOS/Source/CMSIS_RTOS/cmsis_os.c.obj
 .ARM.attributes
                0x00000462       0x34 CMakeFiles/Engineering_A_2023_C_Board.elf.dir/Middlewares/Third_Party/FreeRTOS/Source/list.c.obj
 .ARM.attributes
                0x00000496       0x34 CMakeFiles/Engineering_A_2023_C_Board.elf.dir/Middlewares/Third_Party/FreeRTOS/Source/portable/GCC/ARM_CM4F/port.c.obj
 .ARM.attributes
                0x000004ca       0x34 CMakeFiles/Engineering_A_2023_C_Board.elf.dir/Middlewares/Third_Party/FreeRTOS/Source/portable/MemMang/heap_4.c.obj
 .ARM.attributes
                0x000004fe       0x34 CMakeFiles/Engineering_A_2023_C_Board.elf.dir/Middlewares/Third_Party/FreeRTOS/Source/tasks.c.obj
 .ARM.attributes
                0x00000532       0x21 CMakeFiles/Engineering_A_2023_C_Board.elf.dir/startup/startup_stm32f407xx.s.obj
 .ARM.attributes
                0x00000553       0x1e e:/application/10 2021.10/bin/../lib/gcc/arm-none-eabi/10.3.1/thumb/v7e-m+fp/hard\libgcc.a(_aeabi_uldivmod.o)
 .ARM.attributes
                0x00000571       0x34 e:/application/10 2021.10/bin/../lib/gcc/arm-none-eabi/10.3.1/thumb/v7e-m+fp/hard\libgcc.a(_udivmoddi4.o)
 .ARM.attributes
                0x000005a5       0x1e e:/application/10 2021.10/bin/../lib/gcc/arm-none-eabi/10.3.1/thumb/v7e-m+fp/hard\libgcc.a(_dvmd_tls.o)
 .ARM.attributes
                0x000005c3       0x34 e:/application/10 2021.10/bin/../lib/gcc/arm-none-eabi/10.3.1/../../../../arm-none-eabi/lib/thumb/v7e-m+fp/hard\libg.a(lib_a-impure.o)
 .ARM.attributes
                0x000005f7       0x34 e:/application/10 2021.10/bin/../lib/gcc/arm-none-eabi/10.3.1/../../../../arm-none-eabi/lib/thumb/v7e-m+fp/hard\libg.a(lib_a-init.o)
 .ARM.attributes
                0x0000062b       0x34 e:/application/10 2021.10/bin/../lib/gcc/arm-none-eabi/10.3.1/../../../../arm-none-eabi/lib/thumb/v7e-m+fp/hard\libg.a(lib_a-memset.o)
 .ARM.attributes
                0x0000065f       0x34 e:/application/10 2021.10/bin/../lib/gcc/arm-none-eabi/10.3.1/../../../../arm-none-eabi/lib/thumb/v7e-m+fp/hard\libg.a(lib_a-__call_atexit.o)
 .ARM.attributes
                0x00000693       0x34 e:/application/10 2021.10/bin/../lib/gcc/arm-none-eabi/10.3.1/../../../../arm-none-eabi/lib/thumb/v7e-m+fp/hard\libg.a(lib_a-atexit.o)
 .ARM.attributes
                0x000006c7       0x34 e:/application/10 2021.10/bin/../lib/gcc/arm-none-eabi/10.3.1/../../../../arm-none-eabi/lib/thumb/v7e-m+fp/hard\libg.a(lib_a-fini.o)
 .ARM.attributes
                0x000006fb       0x34 e:/application/10 2021.10/bin/../lib/gcc/arm-none-eabi/10.3.1/../../../../arm-none-eabi/lib/thumb/v7e-m+fp/hard\libg.a(lib_a-lock.o)
 .ARM.attributes
                0x0000072f       0x34 e:/application/10 2021.10/bin/../lib/gcc/arm-none-eabi/10.3.1/../../../../arm-none-eabi/lib/thumb/v7e-m+fp/hard\libg.a(lib_a-__atexit.o)
 .ARM.attributes
                0x00000763       0x1e e:/application/10 2021.10/bin/../lib/gcc/arm-none-eabi/10.3.1/thumb/v7e-m+fp/hard/crtn.o
OUTPUT(Engineering_A_2023_C_Board.elf elf32-littlearm)
LOAD linker stubs
LOAD e:/application/10 2021.10/bin/../lib/gcc/arm-none-eabi/10.3.1/../../../../arm-none-eabi/lib/thumb/v7e-m+fp/hard\libc.a
LOAD e:/application/10 2021.10/bin/../lib/gcc/arm-none-eabi/10.3.1/../../../../arm-none-eabi/lib/thumb/v7e-m+fp/hard\libm.a
LOAD e:/application/10 2021.10/bin/../lib/gcc/arm-none-eabi/10.3.1/thumb/v7e-m+fp/hard\libgcc.a

.debug_info     0x00000000    0x19363
 .debug_info    0x00000000      0xcb4 CMakeFiles/Engineering_A_2023_C_Board.elf.dir/Core/Src/can.c.obj
 .debug_info    0x00000cb4      0x4fa CMakeFiles/Engineering_A_2023_C_Board.elf.dir/Core/Src/dma.c.obj
 .debug_info    0x000011ae      0x593 CMakeFiles/Engineering_A_2023_C_Board.elf.dir/Core/Src/freertos.c.obj
 .debug_info    0x00001741      0x4b3 CMakeFiles/Engineering_A_2023_C_Board.elf.dir/Core/Src/gpio.c.obj
 .debug_info    0x00001bf4      0xbff CMakeFiles/Engineering_A_2023_C_Board.elf.dir/Core/Src/main.c.obj
 .debug_info    0x000027f3      0x4f8 CMakeFiles/Engineering_A_2023_C_Board.elf.dir/Core/Src/stm32f4xx_hal_msp.c.obj
 .debug_info    0x00002ceb      0xc60 CMakeFiles/Engineering_A_2023_C_Board.elf.dir/Core/Src/stm32f4xx_hal_timebase_tim.c.obj
 .debug_info    0x0000394b      0xb71 CMakeFiles/Engineering_A_2023_C_Board.elf.dir/Core/Src/stm32f4xx_it.c.obj
 .debug_info    0x000044bc      0x538 CMakeFiles/Engineering_A_2023_C_Board.elf.dir/Core/Src/system_stm32f4xx.c.obj
 .debug_info    0x000049f4      0xa20 CMakeFiles/Engineering_A_2023_C_Board.elf.dir/Core/Src/usart.c.obj
 .debug_info    0x00005414      0x9f0 CMakeFiles/Engineering_A_2023_C_Board.elf.dir/Drivers/STM32F4xx_HAL_Driver/Src/stm32f4xx_hal.c.obj
 .debug_info    0x00005e04     0x126a CMakeFiles/Engineering_A_2023_C_Board.elf.dir/Drivers/STM32F4xx_HAL_Driver/Src/stm32f4xx_hal_can.c.obj
 .debug_info    0x0000706e     0x1098 CMakeFiles/Engineering_A_2023_C_Board.elf.dir/Drivers/STM32F4xx_HAL_Driver/Src/stm32f4xx_hal_cortex.c.obj
 .debug_info    0x00008106      0xb3f CMakeFiles/Engineering_A_2023_C_Board.elf.dir/Drivers/STM32F4xx_HAL_Driver/Src/stm32f4xx_hal_dma.c.obj
 .debug_info    0x00008c45      0x7b0 CMakeFiles/Engineering_A_2023_C_Board.elf.dir/Drivers/STM32F4xx_HAL_Driver/Src/stm32f4xx_hal_gpio.c.obj
 .debug_info    0x000093f5      0xb03 CMakeFiles/Engineering_A_2023_C_Board.elf.dir/Drivers/STM32F4xx_HAL_Driver/Src/stm32f4xx_hal_rcc.c.obj
 .debug_info    0x00009ef8     0x3d5c CMakeFiles/Engineering_A_2023_C_Board.elf.dir/Drivers/STM32F4xx_HAL_Driver/Src/stm32f4xx_hal_tim.c.obj
 .debug_info    0x0000dc54     0x1ade CMakeFiles/Engineering_A_2023_C_Board.elf.dir/Drivers/STM32F4xx_HAL_Driver/Src/stm32f4xx_hal_tim_ex.c.obj
 .debug_info    0x0000f732     0x4233 CMakeFiles/Engineering_A_2023_C_Board.elf.dir/Drivers/STM32F4xx_HAL_Driver/Src/stm32f4xx_hal_uart.c.obj
 .debug_info    0x00013965     0x222b CMakeFiles/Engineering_A_2023_C_Board.elf.dir/Middlewares/Third_Party/FreeRTOS/Source/CMSIS_RTOS/cmsis_os.c.obj
 .debug_info    0x00015b90      0x2e0 CMakeFiles/Engineering_A_2023_C_Board.elf.dir/Middlewares/Third_Party/FreeRTOS/Source/list.c.obj
 .debug_info    0x00015e70      0x587 CMakeFiles/Engineering_A_2023_C_Board.elf.dir/Middlewares/Third_Party/FreeRTOS/Source/portable/GCC/ARM_CM4F/port.c.obj
 .debug_info    0x000163f7      0x5d9 CMakeFiles/Engineering_A_2023_C_Board.elf.dir/Middlewares/Third_Party/FreeRTOS/Source/portable/MemMang/heap_4.c.obj
 .debug_info    0x000169d0     0x2971 CMakeFiles/Engineering_A_2023_C_Board.elf.dir/Middlewares/Third_Party/FreeRTOS/Source/tasks.c.obj
 .debug_info    0x00019341       0x22 CMakeFiles/Engineering_A_2023_C_Board.elf.dir/startup/startup_stm32f407xx.s.obj

.debug_abbrev   0x00000000     0x3289
 .debug_abbrev  0x00000000      0x1f6 CMakeFiles/Engineering_A_2023_C_Board.elf.dir/Core/Src/can.c.obj
 .debug_abbrev  0x000001f6      0x126 CMakeFiles/Engineering_A_2023_C_Board.elf.dir/Core/Src/dma.c.obj
 .debug_abbrev  0x0000031c      0x1ac CMakeFiles/Engineering_A_2023_C_Board.elf.dir/Core/Src/freertos.c.obj
 .debug_abbrev  0x000004c8      0x14e CMakeFiles/Engineering_A_2023_C_Board.elf.dir/Core/Src/gpio.c.obj
 .debug_abbrev  0x00000616      0x20f CMakeFiles/Engineering_A_2023_C_Board.elf.dir/Core/Src/main.c.obj
 .debug_abbrev  0x00000825      0x119 CMakeFiles/Engineering_A_2023_C_Board.elf.dir/Core/Src/stm32f4xx_hal_msp.c.obj
 .debug_abbrev  0x0000093e      0x1ec CMakeFiles/Engineering_A_2023_C_Board.elf.dir/Core/Src/stm32f4xx_hal_timebase_tim.c.obj
 .debug_abbrev  0x00000b2a      0x1bb CMakeFiles/Engineering_A_2023_C_Board.elf.dir/Core/Src/stm32f4xx_it.c.obj
 .debug_abbrev  0x00000ce5      0x119 CMakeFiles/Engineering_A_2023_C_Board.elf.dir/Core/Src/system_stm32f4xx.c.obj
 .debug_abbrev  0x00000dfe      0x1db CMakeFiles/Engineering_A_2023_C_Board.elf.dir/Core/Src/usart.c.obj
 .debug_abbrev  0x00000fd9      0x206 CMakeFiles/Engineering_A_2023_C_Board.elf.dir/Drivers/STM32F4xx_HAL_Driver/Src/stm32f4xx_hal.c.obj
 .debug_abbrev  0x000011df      0x267 CMakeFiles/Engineering_A_2023_C_Board.elf.dir/Drivers/STM32F4xx_HAL_Driver/Src/stm32f4xx_hal_can.c.obj
 .debug_abbrev  0x00001446      0x36a CMakeFiles/Engineering_A_2023_C_Board.elf.dir/Drivers/STM32F4xx_HAL_Driver/Src/stm32f4xx_hal_cortex.c.obj
 .debug_abbrev  0x000017b0      0x2c2 CMakeFiles/Engineering_A_2023_C_Board.elf.dir/Drivers/STM32F4xx_HAL_Driver/Src/stm32f4xx_hal_dma.c.obj
 .debug_abbrev  0x00001a72      0x1ef CMakeFiles/Engineering_A_2023_C_Board.elf.dir/Drivers/STM32F4xx_HAL_Driver/Src/stm32f4xx_hal_gpio.c.obj
 .debug_abbrev  0x00001c61      0x28a CMakeFiles/Engineering_A_2023_C_Board.elf.dir/Drivers/STM32F4xx_HAL_Driver/Src/stm32f4xx_hal_rcc.c.obj
 .debug_abbrev  0x00001eeb      0x22b CMakeFiles/Engineering_A_2023_C_Board.elf.dir/Drivers/STM32F4xx_HAL_Driver/Src/stm32f4xx_hal_tim.c.obj
 .debug_abbrev  0x00002116      0x241 CMakeFiles/Engineering_A_2023_C_Board.elf.dir/Drivers/STM32F4xx_HAL_Driver/Src/stm32f4xx_hal_tim_ex.c.obj
 .debug_abbrev  0x00002357      0x2f6 CMakeFiles/Engineering_A_2023_C_Board.elf.dir/Drivers/STM32F4xx_HAL_Driver/Src/stm32f4xx_hal_uart.c.obj
 .debug_abbrev  0x0000264d      0x35b CMakeFiles/Engineering_A_2023_C_Board.elf.dir/Middlewares/Third_Party/FreeRTOS/Source/CMSIS_RTOS/cmsis_os.c.obj
 .debug_abbrev  0x000029a8      0x106 CMakeFiles/Engineering_A_2023_C_Board.elf.dir/Middlewares/Third_Party/FreeRTOS/Source/list.c.obj
 .debug_abbrev  0x00002aae      0x26b CMakeFiles/Engineering_A_2023_C_Board.elf.dir/Middlewares/Third_Party/FreeRTOS/Source/portable/GCC/ARM_CM4F/port.c.obj
 .debug_abbrev  0x00002d19      0x24b CMakeFiles/Engineering_A_2023_C_Board.elf.dir/Middlewares/Third_Party/FreeRTOS/Source/portable/MemMang/heap_4.c.obj
 .debug_abbrev  0x00002f64      0x313 CMakeFiles/Engineering_A_2023_C_Board.elf.dir/Middlewares/Third_Party/FreeRTOS/Source/tasks.c.obj
 .debug_abbrev  0x00003277       0x12 CMakeFiles/Engineering_A_2023_C_Board.elf.dir/startup/startup_stm32f407xx.s.obj

.debug_loc      0x00000000    0x11f3b
 .debug_loc     0x00000000       0xcb CMakeFiles/Engineering_A_2023_C_Board.elf.dir/Core/Src/can.c.obj
 .debug_loc     0x000000cb       0x25 CMakeFiles/Engineering_A_2023_C_Board.elf.dir/Core/Src/freertos.c.obj
 .debug_loc     0x000000f0       0x42 CMakeFiles/Engineering_A_2023_C_Board.elf.dir/Core/Src/main.c.obj
 .debug_loc     0x00000132       0x78 CMakeFiles/Engineering_A_2023_C_Board.elf.dir/Core/Src/stm32f4xx_hal_timebase_tim.c.obj
 .debug_loc     0x000001aa      0x158 CMakeFiles/Engineering_A_2023_C_Board.elf.dir/Core/Src/system_stm32f4xx.c.obj
 .debug_loc     0x00000302       0x71 CMakeFiles/Engineering_A_2023_C_Board.elf.dir/Core/Src/usart.c.obj
 .debug_loc     0x00000373      0x141 CMakeFiles/Engineering_A_2023_C_Board.elf.dir/Drivers/STM32F4xx_HAL_Driver/Src/stm32f4xx_hal.c.obj
 .debug_loc     0x000004b4      0xde6 CMakeFiles/Engineering_A_2023_C_Board.elf.dir/Drivers/STM32F4xx_HAL_Driver/Src/stm32f4xx_hal_can.c.obj
 .debug_loc     0x0000129a      0x744 CMakeFiles/Engineering_A_2023_C_Board.elf.dir/Drivers/STM32F4xx_HAL_Driver/Src/stm32f4xx_hal_cortex.c.obj
 .debug_loc     0x000019de      0xbf9 CMakeFiles/Engineering_A_2023_C_Board.elf.dir/Drivers/STM32F4xx_HAL_Driver/Src/stm32f4xx_hal_dma.c.obj
 .debug_loc     0x000025d7      0x520 CMakeFiles/Engineering_A_2023_C_Board.elf.dir/Drivers/STM32F4xx_HAL_Driver/Src/stm32f4xx_hal_gpio.c.obj
 .debug_loc     0x00002af7      0x58c CMakeFiles/Engineering_A_2023_C_Board.elf.dir/Drivers/STM32F4xx_HAL_Driver/Src/stm32f4xx_hal_rcc.c.obj
 .debug_loc     0x00003083     0x5088 CMakeFiles/Engineering_A_2023_C_Board.elf.dir/Drivers/STM32F4xx_HAL_Driver/Src/stm32f4xx_hal_tim.c.obj
 .debug_loc     0x0000810b     0x1cd7 CMakeFiles/Engineering_A_2023_C_Board.elf.dir/Drivers/STM32F4xx_HAL_Driver/Src/stm32f4xx_hal_tim_ex.c.obj
 .debug_loc     0x00009de2     0x49eb CMakeFiles/Engineering_A_2023_C_Board.elf.dir/Drivers/STM32F4xx_HAL_Driver/Src/stm32f4xx_hal_uart.c.obj
 .debug_loc     0x0000e7cd     0x12e6 CMakeFiles/Engineering_A_2023_C_Board.elf.dir/Middlewares/Third_Party/FreeRTOS/Source/CMSIS_RTOS/cmsis_os.c.obj
 .debug_loc     0x0000fab3       0xad CMakeFiles/Engineering_A_2023_C_Board.elf.dir/Middlewares/Third_Party/FreeRTOS/Source/list.c.obj
 .debug_loc     0x0000fb60      0x124 CMakeFiles/Engineering_A_2023_C_Board.elf.dir/Middlewares/Third_Party/FreeRTOS/Source/portable/GCC/ARM_CM4F/port.c.obj
 .debug_loc     0x0000fc84      0x434 CMakeFiles/Engineering_A_2023_C_Board.elf.dir/Middlewares/Third_Party/FreeRTOS/Source/portable/MemMang/heap_4.c.obj
 .debug_loc     0x000100b8     0x1e83 CMakeFiles/Engineering_A_2023_C_Board.elf.dir/Middlewares/Third_Party/FreeRTOS/Source/tasks.c.obj

.debug_aranges  0x00000000     0x1238
 .debug_aranges
                0x00000000       0x38 CMakeFiles/Engineering_A_2023_C_Board.elf.dir/Core/Src/can.c.obj
 .debug_aranges
                0x00000038       0x20 CMakeFiles/Engineering_A_2023_C_Board.elf.dir/Core/Src/dma.c.obj
 .debug_aranges
                0x00000058       0x30 CMakeFiles/Engineering_A_2023_C_Board.elf.dir/Core/Src/freertos.c.obj
 .debug_aranges
                0x00000088       0x20 CMakeFiles/Engineering_A_2023_C_Board.elf.dir/Core/Src/gpio.c.obj
 .debug_aranges
                0x000000a8       0x38 CMakeFiles/Engineering_A_2023_C_Board.elf.dir/Core/Src/main.c.obj
 .debug_aranges
                0x000000e0       0x20 CMakeFiles/Engineering_A_2023_C_Board.elf.dir/Core/Src/stm32f4xx_hal_msp.c.obj
 .debug_aranges
                0x00000100       0x30 CMakeFiles/Engineering_A_2023_C_Board.elf.dir/Core/Src/stm32f4xx_hal_timebase_tim.c.obj
 .debug_aranges
                0x00000130       0x68 CMakeFiles/Engineering_A_2023_C_Board.elf.dir/Core/Src/stm32f4xx_it.c.obj
 .debug_aranges
                0x00000198       0x28 CMakeFiles/Engineering_A_2023_C_Board.elf.dir/Core/Src/system_stm32f4xx.c.obj
 .debug_aranges
                0x000001c0       0x30 CMakeFiles/Engineering_A_2023_C_Board.elf.dir/Core/Src/usart.c.obj
 .debug_aranges
                0x000001f0       0xf0 CMakeFiles/Engineering_A_2023_C_Board.elf.dir/Drivers/STM32F4xx_HAL_Driver/Src/stm32f4xx_hal.c.obj
 .debug_aranges
                0x000002e0      0x138 CMakeFiles/Engineering_A_2023_C_Board.elf.dir/Drivers/STM32F4xx_HAL_Driver/Src/stm32f4xx_hal_can.c.obj
 .debug_aranges
                0x00000418       0xa8 CMakeFiles/Engineering_A_2023_C_Board.elf.dir/Drivers/STM32F4xx_HAL_Driver/Src/stm32f4xx_hal_cortex.c.obj
 .debug_aranges
                0x000004c0       0x90 CMakeFiles/Engineering_A_2023_C_Board.elf.dir/Drivers/STM32F4xx_HAL_Driver/Src/stm32f4xx_hal_dma.c.obj
 .debug_aranges
                0x00000550       0x58 CMakeFiles/Engineering_A_2023_C_Board.elf.dir/Drivers/STM32F4xx_HAL_Driver/Src/stm32f4xx_hal_gpio.c.obj
 .debug_aranges
                0x000005a8       0x88 CMakeFiles/Engineering_A_2023_C_Board.elf.dir/Drivers/STM32F4xx_HAL_Driver/Src/stm32f4xx_hal_rcc.c.obj
 .debug_aranges
                0x00000630      0x3d0 CMakeFiles/Engineering_A_2023_C_Board.elf.dir/Drivers/STM32F4xx_HAL_Driver/Src/stm32f4xx_hal_tim.c.obj
 .debug_aranges
                0x00000a00      0x168 CMakeFiles/Engineering_A_2023_C_Board.elf.dir/Drivers/STM32F4xx_HAL_Driver/Src/stm32f4xx_hal_tim_ex.c.obj
 .debug_aranges
                0x00000b68      0x200 CMakeFiles/Engineering_A_2023_C_Board.elf.dir/Drivers/STM32F4xx_HAL_Driver/Src/stm32f4xx_hal_uart.c.obj
 .debug_aranges
                0x00000d68      0x1d8 CMakeFiles/Engineering_A_2023_C_Board.elf.dir/Middlewares/Third_Party/FreeRTOS/Source/CMSIS_RTOS/cmsis_os.c.obj
 .debug_aranges
                0x00000f40       0x40 CMakeFiles/Engineering_A_2023_C_Board.elf.dir/Middlewares/Third_Party/FreeRTOS/Source/list.c.obj
 .debug_aranges
                0x00000f80       0x80 CMakeFiles/Engineering_A_2023_C_Board.elf.dir/Middlewares/Third_Party/FreeRTOS/Source/portable/GCC/ARM_CM4F/port.c.obj
 .debug_aranges
                0x00001000       0x58 CMakeFiles/Engineering_A_2023_C_Board.elf.dir/Middlewares/Third_Party/FreeRTOS/Source/portable/MemMang/heap_4.c.obj
 .debug_aranges
                0x00001058      0x1b8 CMakeFiles/Engineering_A_2023_C_Board.elf.dir/Middlewares/Third_Party/FreeRTOS/Source/tasks.c.obj
 .debug_aranges
                0x00001210       0x28 CMakeFiles/Engineering_A_2023_C_Board.elf.dir/startup/startup_stm32f407xx.s.obj

.debug_ranges   0x00000000     0x1230
 .debug_ranges  0x00000000       0x28 CMakeFiles/Engineering_A_2023_C_Board.elf.dir/Core/Src/can.c.obj
 .debug_ranges  0x00000028       0x10 CMakeFiles/Engineering_A_2023_C_Board.elf.dir/Core/Src/dma.c.obj
 .debug_ranges  0x00000038       0x20 CMakeFiles/Engineering_A_2023_C_Board.elf.dir/Core/Src/freertos.c.obj
 .debug_ranges  0x00000058       0x10 CMakeFiles/Engineering_A_2023_C_Board.elf.dir/Core/Src/gpio.c.obj
 .debug_ranges  0x00000068       0x28 CMakeFiles/Engineering_A_2023_C_Board.elf.dir/Core/Src/main.c.obj
 .debug_ranges  0x00000090       0x10 CMakeFiles/Engineering_A_2023_C_Board.elf.dir/Core/Src/stm32f4xx_hal_msp.c.obj
 .debug_ranges  0x000000a0       0x20 CMakeFiles/Engineering_A_2023_C_Board.elf.dir/Core/Src/stm32f4xx_hal_timebase_tim.c.obj
 .debug_ranges  0x000000c0       0x58 CMakeFiles/Engineering_A_2023_C_Board.elf.dir/Core/Src/stm32f4xx_it.c.obj
 .debug_ranges  0x00000118       0x18 CMakeFiles/Engineering_A_2023_C_Board.elf.dir/Core/Src/system_stm32f4xx.c.obj
 .debug_ranges  0x00000130       0x20 CMakeFiles/Engineering_A_2023_C_Board.elf.dir/Core/Src/usart.c.obj
 .debug_ranges  0x00000150       0xe0 CMakeFiles/Engineering_A_2023_C_Board.elf.dir/Drivers/STM32F4xx_HAL_Driver/Src/stm32f4xx_hal.c.obj
 .debug_ranges  0x00000230      0x128 CMakeFiles/Engineering_A_2023_C_Board.elf.dir/Drivers/STM32F4xx_HAL_Driver/Src/stm32f4xx_hal_can.c.obj
 .debug_ranges  0x00000358       0xf8 CMakeFiles/Engineering_A_2023_C_Board.elf.dir/Drivers/STM32F4xx_HAL_Driver/Src/stm32f4xx_hal_cortex.c.obj
 .debug_ranges  0x00000450       0x80 CMakeFiles/Engineering_A_2023_C_Board.elf.dir/Drivers/STM32F4xx_HAL_Driver/Src/stm32f4xx_hal_dma.c.obj
 .debug_ranges  0x000004d0       0x48 CMakeFiles/Engineering_A_2023_C_Board.elf.dir/Drivers/STM32F4xx_HAL_Driver/Src/stm32f4xx_hal_gpio.c.obj
 .debug_ranges  0x00000518       0x90 CMakeFiles/Engineering_A_2023_C_Board.elf.dir/Drivers/STM32F4xx_HAL_Driver/Src/stm32f4xx_hal_rcc.c.obj
 .debug_ranges  0x000005a8      0x3c0 CMakeFiles/Engineering_A_2023_C_Board.elf.dir/Drivers/STM32F4xx_HAL_Driver/Src/stm32f4xx_hal_tim.c.obj
 .debug_ranges  0x00000968      0x158 CMakeFiles/Engineering_A_2023_C_Board.elf.dir/Drivers/STM32F4xx_HAL_Driver/Src/stm32f4xx_hal_tim_ex.c.obj
 .debug_ranges  0x00000ac0      0x208 CMakeFiles/Engineering_A_2023_C_Board.elf.dir/Drivers/STM32F4xx_HAL_Driver/Src/stm32f4xx_hal_uart.c.obj
 .debug_ranges  0x00000cc8      0x1c8 CMakeFiles/Engineering_A_2023_C_Board.elf.dir/Middlewares/Third_Party/FreeRTOS/Source/CMSIS_RTOS/cmsis_os.c.obj
 .debug_ranges  0x00000e90       0x30 CMakeFiles/Engineering_A_2023_C_Board.elf.dir/Middlewares/Third_Party/FreeRTOS/Source/list.c.obj
 .debug_ranges  0x00000ec0       0x88 CMakeFiles/Engineering_A_2023_C_Board.elf.dir/Middlewares/Third_Party/FreeRTOS/Source/portable/GCC/ARM_CM4F/port.c.obj
 .debug_ranges  0x00000f48       0x48 CMakeFiles/Engineering_A_2023_C_Board.elf.dir/Middlewares/Third_Party/FreeRTOS/Source/portable/MemMang/heap_4.c.obj
 .debug_ranges  0x00000f90      0x280 CMakeFiles/Engineering_A_2023_C_Board.elf.dir/Middlewares/Third_Party/FreeRTOS/Source/tasks.c.obj
 .debug_ranges  0x00001210       0x20 CMakeFiles/Engineering_A_2023_C_Board.elf.dir/startup/startup_stm32f407xx.s.obj

.debug_line     0x00000000    0x1594c
 .debug_line    0x00000000      0x551 CMakeFiles/Engineering_A_2023_C_Board.elf.dir/Core/Src/can.c.obj
 .debug_line    0x00000551      0x1db CMakeFiles/Engineering_A_2023_C_Board.elf.dir/Core/Src/dma.c.obj
 .debug_line    0x0000072c      0x3a6 CMakeFiles/Engineering_A_2023_C_Board.elf.dir/Core/Src/freertos.c.obj
 .debug_line    0x00000ad2      0x236 CMakeFiles/Engineering_A_2023_C_Board.elf.dir/Core/Src/gpio.c.obj
 .debug_line    0x00000d08      0x49d CMakeFiles/Engineering_A_2023_C_Board.elf.dir/Core/Src/main.c.obj
 .debug_line    0x000011a5      0x1ee CMakeFiles/Engineering_A_2023_C_Board.elf.dir/Core/Src/stm32f4xx_hal_msp.c.obj
 .debug_line    0x00001393      0x2dc CMakeFiles/Engineering_A_2023_C_Board.elf.dir/Core/Src/stm32f4xx_hal_timebase_tim.c.obj
 .debug_line    0x0000166f      0x346 CMakeFiles/Engineering_A_2023_C_Board.elf.dir/Core/Src/stm32f4xx_it.c.obj
 .debug_line    0x000019b5      0x2a8 CMakeFiles/Engineering_A_2023_C_Board.elf.dir/Core/Src/system_stm32f4xx.c.obj
 .debug_line    0x00001c5d      0x3b0 CMakeFiles/Engineering_A_2023_C_Board.elf.dir/Core/Src/usart.c.obj
 .debug_line    0x0000200d      0x5eb CMakeFiles/Engineering_A_2023_C_Board.elf.dir/Drivers/STM32F4xx_HAL_Driver/Src/stm32f4xx_hal.c.obj
 .debug_line    0x000025f8     0x1163 CMakeFiles/Engineering_A_2023_C_Board.elf.dir/Drivers/STM32F4xx_HAL_Driver/Src/stm32f4xx_hal_can.c.obj
 .debug_line    0x0000375b      0x7fe CMakeFiles/Engineering_A_2023_C_Board.elf.dir/Drivers/STM32F4xx_HAL_Driver/Src/stm32f4xx_hal_cortex.c.obj
 .debug_line    0x00003f59      0xe80 CMakeFiles/Engineering_A_2023_C_Board.elf.dir/Drivers/STM32F4xx_HAL_Driver/Src/stm32f4xx_hal_dma.c.obj
 .debug_line    0x00004dd9      0x739 CMakeFiles/Engineering_A_2023_C_Board.elf.dir/Drivers/STM32F4xx_HAL_Driver/Src/stm32f4xx_hal_gpio.c.obj
 .debug_line    0x00005512      0xb67 CMakeFiles/Engineering_A_2023_C_Board.elf.dir/Drivers/STM32F4xx_HAL_Driver/Src/stm32f4xx_hal_rcc.c.obj
 .debug_line    0x00006079     0x4b00 CMakeFiles/Engineering_A_2023_C_Board.elf.dir/Drivers/STM32F4xx_HAL_Driver/Src/stm32f4xx_hal_tim.c.obj
 .debug_line    0x0000ab79     0x1d22 CMakeFiles/Engineering_A_2023_C_Board.elf.dir/Drivers/STM32F4xx_HAL_Driver/Src/stm32f4xx_hal_tim_ex.c.obj
 .debug_line    0x0000c89b     0x465e CMakeFiles/Engineering_A_2023_C_Board.elf.dir/Drivers/STM32F4xx_HAL_Driver/Src/stm32f4xx_hal_uart.c.obj
 .debug_line    0x00010ef9     0x1210 CMakeFiles/Engineering_A_2023_C_Board.elf.dir/Middlewares/Third_Party/FreeRTOS/Source/CMSIS_RTOS/cmsis_os.c.obj
 .debug_line    0x00012109      0x3b1 CMakeFiles/Engineering_A_2023_C_Board.elf.dir/Middlewares/Third_Party/FreeRTOS/Source/list.c.obj
 .debug_line    0x000124ba      0x762 CMakeFiles/Engineering_A_2023_C_Board.elf.dir/Middlewares/Third_Party/FreeRTOS/Source/portable/GCC/ARM_CM4F/port.c.obj
 .debug_line    0x00012c1c      0x771 CMakeFiles/Engineering_A_2023_C_Board.elf.dir/Middlewares/Third_Party/FreeRTOS/Source/portable/MemMang/heap_4.c.obj
 .debug_line    0x0001338d     0x2513 CMakeFiles/Engineering_A_2023_C_Board.elf.dir/Middlewares/Third_Party/FreeRTOS/Source/tasks.c.obj
 .debug_line    0x000158a0       0xac CMakeFiles/Engineering_A_2023_C_Board.elf.dir/startup/startup_stm32f407xx.s.obj

.debug_str      0x00000000     0x65d5
 .debug_str     0x00000000      0xb66 CMakeFiles/Engineering_A_2023_C_Board.elf.dir/Core/Src/can.c.obj
                                0xbea (size before relaxing)
 .debug_str     0x00000b66       0x49 CMakeFiles/Engineering_A_2023_C_Board.elf.dir/Core/Src/dma.c.obj
                                0x82c (size before relaxing)
 .debug_str     0x00000baf      0x32e CMakeFiles/Engineering_A_2023_C_Board.elf.dir/Core/Src/freertos.c.obj
                                0x583 (size before relaxing)
 .debug_str     0x00000edd       0x4b CMakeFiles/Engineering_A_2023_C_Board.elf.dir/Core/Src/gpio.c.obj
                                0x3d5 (size before relaxing)
 .debug_str     0x00000f28      0x6b7 CMakeFiles/Engineering_A_2023_C_Board.elf.dir/Core/Src/main.c.obj
                                0xa93 (size before relaxing)
 .debug_str     0x000015df       0x57 CMakeFiles/Engineering_A_2023_C_Board.elf.dir/Core/Src/stm32f4xx_hal_msp.c.obj
                                0x827 (size before relaxing)
 .debug_str     0x00001636      0x129 CMakeFiles/Engineering_A_2023_C_Board.elf.dir/Core/Src/stm32f4xx_hal_timebase_tim.c.obj
                                0xea9 (size before relaxing)
 .debug_str     0x0000175f      0x14c CMakeFiles/Engineering_A_2023_C_Board.elf.dir/Core/Src/stm32f4xx_it.c.obj
                                0xab6 (size before relaxing)
 .debug_str     0x000018ab      0x106 CMakeFiles/Engineering_A_2023_C_Board.elf.dir/Core/Src/system_stm32f4xx.c.obj
                                0x3de (size before relaxing)
 .debug_str     0x000019b1      0x261 CMakeFiles/Engineering_A_2023_C_Board.elf.dir/Core/Src/usart.c.obj
                                0x890 (size before relaxing)
 .debug_str     0x00001c12      0x332 CMakeFiles/Engineering_A_2023_C_Board.elf.dir/Drivers/STM32F4xx_HAL_Driver/Src/stm32f4xx_hal.c.obj
                                0xbc3 (size before relaxing)
 .debug_str     0x00001f44      0x57c CMakeFiles/Engineering_A_2023_C_Board.elf.dir/Drivers/STM32F4xx_HAL_Driver/Src/stm32f4xx_hal_can.c.obj
                                0xab4 (size before relaxing)
 .debug_str     0x000024c0      0x452 CMakeFiles/Engineering_A_2023_C_Board.elf.dir/Drivers/STM32F4xx_HAL_Driver/Src/stm32f4xx_hal_cortex.c.obj
                                0xc95 (size before relaxing)
 .debug_str     0x00002912      0x2f8 CMakeFiles/Engineering_A_2023_C_Board.elf.dir/Drivers/STM32F4xx_HAL_Driver/Src/stm32f4xx_hal_dma.c.obj
                                0x7df (size before relaxing)
 .debug_str     0x00002c0a      0x153 CMakeFiles/Engineering_A_2023_C_Board.elf.dir/Drivers/STM32F4xx_HAL_Driver/Src/stm32f4xx_hal_gpio.c.obj
                                0x549 (size before relaxing)
 .debug_str     0x00002d5d      0x199 CMakeFiles/Engineering_A_2023_C_Board.elf.dir/Drivers/STM32F4xx_HAL_Driver/Src/stm32f4xx_hal_rcc.c.obj
                                0x76f (size before relaxing)
 .debug_str     0x00002ef6      0xed2 CMakeFiles/Engineering_A_2023_C_Board.elf.dir/Drivers/STM32F4xx_HAL_Driver/Src/stm32f4xx_hal_tim.c.obj
                               0x1722 (size before relaxing)
 .debug_str     0x00003dc8      0x5bf CMakeFiles/Engineering_A_2023_C_Board.elf.dir/Drivers/STM32F4xx_HAL_Driver/Src/stm32f4xx_hal_tim_ex.c.obj
                                0xf23 (size before relaxing)
 .debug_str     0x00004387      0x627 CMakeFiles/Engineering_A_2023_C_Board.elf.dir/Drivers/STM32F4xx_HAL_Driver/Src/stm32f4xx_hal_uart.c.obj
                                0xdc2 (size before relaxing)
 .debug_str     0x000049ae      0xbe3 CMakeFiles/Engineering_A_2023_C_Board.elf.dir/Middlewares/Third_Party/FreeRTOS/Source/CMSIS_RTOS/cmsis_os.c.obj
                               0x10b2 (size before relaxing)
 .debug_str     0x00005591      0x164 CMakeFiles/Engineering_A_2023_C_Board.elf.dir/Middlewares/Third_Party/FreeRTOS/Source/list.c.obj
                                0x36b (size before relaxing)
 .debug_str     0x000056f5      0x258 CMakeFiles/Engineering_A_2023_C_Board.elf.dir/Middlewares/Third_Party/FreeRTOS/Source/portable/GCC/ARM_CM4F/port.c.obj
                                0x4e7 (size before relaxing)
 .debug_str     0x0000594d      0x2fd CMakeFiles/Engineering_A_2023_C_Board.elf.dir/Middlewares/Third_Party/FreeRTOS/Source/portable/MemMang/heap_4.c.obj
                                0x579 (size before relaxing)
 .debug_str     0x00005c4a      0x931 CMakeFiles/Engineering_A_2023_C_Board.elf.dir/Middlewares/Third_Party/FreeRTOS/Source/tasks.c.obj
                               0x1084 (size before relaxing)
 .debug_str     0x0000657b       0x5a CMakeFiles/Engineering_A_2023_C_Board.elf.dir/startup/startup_stm32f407xx.s.obj
                                 0xa6 (size before relaxing)

.comment        0x00000000       0x49
 .comment       0x00000000       0x49 CMakeFiles/Engineering_A_2023_C_Board.elf.dir/Core/Src/can.c.obj
                                 0x4a (size before relaxing)
 .comment       0x00000049       0x4a CMakeFiles/Engineering_A_2023_C_Board.elf.dir/Core/Src/dma.c.obj
 .comment       0x00000049       0x4a CMakeFiles/Engineering_A_2023_C_Board.elf.dir/Core/Src/freertos.c.obj
 .comment       0x00000049       0x4a CMakeFiles/Engineering_A_2023_C_Board.elf.dir/Core/Src/gpio.c.obj
 .comment       0x00000049       0x4a CMakeFiles/Engineering_A_2023_C_Board.elf.dir/Core/Src/main.c.obj
 .comment       0x00000049       0x4a CMakeFiles/Engineering_A_2023_C_Board.elf.dir/Core/Src/stm32f4xx_hal_msp.c.obj
 .comment       0x00000049       0x4a CMakeFiles/Engineering_A_2023_C_Board.elf.dir/Core/Src/stm32f4xx_hal_timebase_tim.c.obj
 .comment       0x00000049       0x4a CMakeFiles/Engineering_A_2023_C_Board.elf.dir/Core/Src/stm32f4xx_it.c.obj
 .comment       0x00000049       0x4a CMakeFiles/Engineering_A_2023_C_Board.elf.dir/Core/Src/system_stm32f4xx.c.obj
 .comment       0x00000049       0x4a CMakeFiles/Engineering_A_2023_C_Board.elf.dir/Core/Src/usart.c.obj
 .comment       0x00000049       0x4a CMakeFiles/Engineering_A_2023_C_Board.elf.dir/Drivers/STM32F4xx_HAL_Driver/Src/stm32f4xx_hal.c.obj
 .comment       0x00000049       0x4a CMakeFiles/Engineering_A_2023_C_Board.elf.dir/Drivers/STM32F4xx_HAL_Driver/Src/stm32f4xx_hal_can.c.obj
 .comment       0x00000049       0x4a CMakeFiles/Engineering_A_2023_C_Board.elf.dir/Drivers/STM32F4xx_HAL_Driver/Src/stm32f4xx_hal_cortex.c.obj
 .comment       0x00000049       0x4a CMakeFiles/Engineering_A_2023_C_Board.elf.dir/Drivers/STM32F4xx_HAL_Driver/Src/stm32f4xx_hal_dma.c.obj
 .comment       0x00000049       0x4a CMakeFiles/Engineering_A_2023_C_Board.elf.dir/Drivers/STM32F4xx_HAL_Driver/Src/stm32f4xx_hal_gpio.c.obj
 .comment       0x00000049       0x4a CMakeFiles/Engineering_A_2023_C_Board.elf.dir/Drivers/STM32F4xx_HAL_Driver/Src/stm32f4xx_hal_rcc.c.obj
 .comment       0x00000049       0x4a CMakeFiles/Engineering_A_2023_C_Board.elf.dir/Drivers/STM32F4xx_HAL_Driver/Src/stm32f4xx_hal_tim.c.obj
 .comment       0x00000049       0x4a CMakeFiles/Engineering_A_2023_C_Board.elf.dir/Drivers/STM32F4xx_HAL_Driver/Src/stm32f4xx_hal_tim_ex.c.obj
 .comment       0x00000049       0x4a CMakeFiles/Engineering_A_2023_C_Board.elf.dir/Drivers/STM32F4xx_HAL_Driver/Src/stm32f4xx_hal_uart.c.obj
 .comment       0x00000049       0x4a CMakeFiles/Engineering_A_2023_C_Board.elf.dir/Middlewares/Third_Party/FreeRTOS/Source/CMSIS_RTOS/cmsis_os.c.obj
 .comment       0x00000049       0x4a CMakeFiles/Engineering_A_2023_C_Board.elf.dir/Middlewares/Third_Party/FreeRTOS/Source/list.c.obj
 .comment       0x00000049       0x4a CMakeFiles/Engineering_A_2023_C_Board.elf.dir/Middlewares/Third_Party/FreeRTOS/Source/portable/GCC/ARM_CM4F/port.c.obj
 .comment       0x00000049       0x4a CMakeFiles/Engineering_A_2023_C_Board.elf.dir/Middlewares/Third_Party/FreeRTOS/Source/portable/MemMang/heap_4.c.obj
 .comment       0x00000049       0x4a CMakeFiles/Engineering_A_2023_C_Board.elf.dir/Middlewares/Third_Party/FreeRTOS/Source/tasks.c.obj

.debug_frame    0x00000000     0x31fc
 .debug_frame   0x00000000       0x78 CMakeFiles/Engineering_A_2023_C_Board.elf.dir/Core/Src/can.c.obj
 .debug_frame   0x00000078       0x2c CMakeFiles/Engineering_A_2023_C_Board.elf.dir/Core/Src/dma.c.obj
 .debug_frame   0x000000a4       0x58 CMakeFiles/Engineering_A_2023_C_Board.elf.dir/Core/Src/freertos.c.obj
 .debug_frame   0x000000fc       0x34 CMakeFiles/Engineering_A_2023_C_Board.elf.dir/Core/Src/gpio.c.obj
 .debug_frame   0x00000130       0x70 CMakeFiles/Engineering_A_2023_C_Board.elf.dir/Core/Src/main.c.obj
 .debug_frame   0x000001a0       0x2c CMakeFiles/Engineering_A_2023_C_Board.elf.dir/Core/Src/stm32f4xx_hal_msp.c.obj
 .debug_frame   0x000001cc       0x50 CMakeFiles/Engineering_A_2023_C_Board.elf.dir/Core/Src/stm32f4xx_hal_timebase_tim.c.obj
 .debug_frame   0x0000021c       0xd0 CMakeFiles/Engineering_A_2023_C_Board.elf.dir/Core/Src/stm32f4xx_it.c.obj
 .debug_frame   0x000002ec       0x30 CMakeFiles/Engineering_A_2023_C_Board.elf.dir/Core/Src/system_stm32f4xx.c.obj
 .debug_frame   0x0000031c       0x64 CMakeFiles/Engineering_A_2023_C_Board.elf.dir/Core/Src/usart.c.obj
 .debug_frame   0x00000380      0x1ec CMakeFiles/Engineering_A_2023_C_Board.elf.dir/Drivers/STM32F4xx_HAL_Driver/Src/stm32f4xx_hal.c.obj
 .debug_frame   0x0000056c      0x2d8 CMakeFiles/Engineering_A_2023_C_Board.elf.dir/Drivers/STM32F4xx_HAL_Driver/Src/stm32f4xx_hal_can.c.obj
 .debug_frame   0x00000844      0x148 CMakeFiles/Engineering_A_2023_C_Board.elf.dir/Drivers/STM32F4xx_HAL_Driver/Src/stm32f4xx_hal_cortex.c.obj
 .debug_frame   0x0000098c      0x188 CMakeFiles/Engineering_A_2023_C_Board.elf.dir/Drivers/STM32F4xx_HAL_Driver/Src/stm32f4xx_hal_dma.c.obj
 .debug_frame   0x00000b14       0xd8 CMakeFiles/Engineering_A_2023_C_Board.elf.dir/Drivers/STM32F4xx_HAL_Driver/Src/stm32f4xx_hal_gpio.c.obj
 .debug_frame   0x00000bec      0x16c CMakeFiles/Engineering_A_2023_C_Board.elf.dir/Drivers/STM32F4xx_HAL_Driver/Src/stm32f4xx_hal_rcc.c.obj
 .debug_frame   0x00000d58      0xb0c CMakeFiles/Engineering_A_2023_C_Board.elf.dir/Drivers/STM32F4xx_HAL_Driver/Src/stm32f4xx_hal_tim.c.obj
 .debug_frame   0x00001864      0x40c CMakeFiles/Engineering_A_2023_C_Board.elf.dir/Drivers/STM32F4xx_HAL_Driver/Src/stm32f4xx_hal_tim_ex.c.obj
 .debug_frame   0x00001c70      0x5cc CMakeFiles/Engineering_A_2023_C_Board.elf.dir/Drivers/STM32F4xx_HAL_Driver/Src/stm32f4xx_hal_uart.c.obj
 .debug_frame   0x0000223c      0x58c CMakeFiles/Engineering_A_2023_C_Board.elf.dir/Middlewares/Third_Party/FreeRTOS/Source/CMSIS_RTOS/cmsis_os.c.obj
 .debug_frame   0x000027c8       0x70 CMakeFiles/Engineering_A_2023_C_Board.elf.dir/Middlewares/Third_Party/FreeRTOS/Source/list.c.obj
 .debug_frame   0x00002838      0x110 CMakeFiles/Engineering_A_2023_C_Board.elf.dir/Middlewares/Third_Party/FreeRTOS/Source/portable/GCC/ARM_CM4F/port.c.obj
 .debug_frame   0x00002948       0xd0 CMakeFiles/Engineering_A_2023_C_Board.elf.dir/Middlewares/Third_Party/FreeRTOS/Source/portable/MemMang/heap_4.c.obj
 .debug_frame   0x00002a18      0x58c CMakeFiles/Engineering_A_2023_C_Board.elf.dir/Middlewares/Third_Party/FreeRTOS/Source/tasks.c.obj
 .debug_frame   0x00002fa4       0x2c e:/application/10 2021.10/bin/../lib/gcc/arm-none-eabi/10.3.1/thumb/v7e-m+fp/hard\libgcc.a(_aeabi_uldivmod.o)
 .debug_frame   0x00002fd0       0x34 e:/application/10 2021.10/bin/../lib/gcc/arm-none-eabi/10.3.1/thumb/v7e-m+fp/hard\libgcc.a(_udivmoddi4.o)
 .debug_frame   0x00003004       0x2c e:/application/10 2021.10/bin/../lib/gcc/arm-none-eabi/10.3.1/../../../../arm-none-eabi/lib/thumb/v7e-m+fp/hard\libg.a(lib_a-init.o)
 .debug_frame   0x00003030       0x2c e:/application/10 2021.10/bin/../lib/gcc/arm-none-eabi/10.3.1/../../../../arm-none-eabi/lib/thumb/v7e-m+fp/hard\libg.a(lib_a-memset.o)
 .debug_frame   0x0000305c       0x68 e:/application/10 2021.10/bin/../lib/gcc/arm-none-eabi/10.3.1/../../../../arm-none-eabi/lib/thumb/v7e-m+fp/hard\libg.a(lib_a-__call_atexit.o)
 .debug_frame   0x000030c4       0x20 e:/application/10 2021.10/bin/../lib/gcc/arm-none-eabi/10.3.1/../../../../arm-none-eabi/lib/thumb/v7e-m+fp/hard\libg.a(lib_a-atexit.o)
 .debug_frame   0x000030e4       0x34 e:/application/10 2021.10/bin/../lib/gcc/arm-none-eabi/10.3.1/../../../../arm-none-eabi/lib/thumb/v7e-m+fp/hard\libg.a(lib_a-fini.o)
 .debug_frame   0x00003118       0xb0 e:/application/10 2021.10/bin/../lib/gcc/arm-none-eabi/10.3.1/../../../../arm-none-eabi/lib/thumb/v7e-m+fp/hard\libg.a(lib_a-lock.o)
 .debug_frame   0x000031c8       0x34 e:/application/10 2021.10/bin/../lib/gcc/arm-none-eabi/10.3.1/../../../../arm-none-eabi/lib/thumb/v7e-m+fp/hard\libg.a(lib_a-__atexit.o)
