Component: ARM Compiler 5.06 update 7 (build 960) Tool: armlink [4d3601]

==============================================================================

Section Cross References

    startup_stm32f407xx.o(STACK) refers (Special) to heapauxi.o(.text) for __use_two_region_memory
    startup_stm32f407xx.o(HEAP) refers (Special) to heapauxi.o(.text) for __use_two_region_memory
    startup_stm32f407xx.o(RESET) refers (Special) to heapauxi.o(.text) for __use_two_region_memory
    startup_stm32f407xx.o(RESET) refers to startup_stm32f407xx.o(STACK) for __initial_sp
    startup_stm32f407xx.o(RESET) refers to startup_stm32f407xx.o(.text) for Reset_Handler
    startup_stm32f407xx.o(RESET) refers to stm32f4xx_it.o(i.NMI_Handler) for NMI_Handler
    startup_stm32f407xx.o(RESET) refers to stm32f4xx_it.o(i.HardFault_Handler) for HardFault_Handler
    startup_stm32f407xx.o(RESET) refers to stm32f4xx_it.o(i.MemManage_Handler) for MemManage_Handler
    startup_stm32f407xx.o(RESET) refers to stm32f4xx_it.o(i.BusFault_Handler) for BusFault_Handler
    startup_stm32f407xx.o(RESET) refers to stm32f4xx_it.o(i.UsageFault_Handler) for UsageFault_Handler
    startup_stm32f407xx.o(RESET) refers to port.o(.emb_text) for SVC_Handler
    startup_stm32f407xx.o(RESET) refers to stm32f4xx_it.o(i.DebugMon_Handler) for DebugMon_Handler
    startup_stm32f407xx.o(RESET) refers to port.o(i.SysTick_Handler) for SysTick_Handler
    startup_stm32f407xx.o(RESET) refers to stm32f4xx_it.o(i.DMA1_Stream1_IRQHandler) for DMA1_Stream1_IRQHandler
    startup_stm32f407xx.o(RESET) refers to stm32f4xx_it.o(i.CAN1_TX_IRQHandler) for CAN1_TX_IRQHandler
    startup_stm32f407xx.o(RESET) refers to stm32f4xx_it.o(i.CAN1_RX0_IRQHandler) for CAN1_RX0_IRQHandler
    startup_stm32f407xx.o(RESET) refers to stm32f4xx_it.o(i.TIM1_UP_TIM10_IRQHandler) for TIM1_UP_TIM10_IRQHandler
    startup_stm32f407xx.o(RESET) refers to stm32f4xx_it.o(i.TIM2_IRQHandler) for TIM2_IRQHandler
    startup_stm32f407xx.o(RESET) refers to stm32f4xx_it.o(i.USART3_IRQHandler) for USART3_IRQHandler
    startup_stm32f407xx.o(RESET) refers to stm32f4xx_it.o(i.DMA2_Stream0_IRQHandler) for DMA2_Stream0_IRQHandler
    startup_stm32f407xx.o(RESET) refers to stm32f4xx_it.o(i.DMA2_Stream3_IRQHandler) for DMA2_Stream3_IRQHandler
    startup_stm32f407xx.o(RESET) refers to stm32f4xx_it.o(i.CAN2_TX_IRQHandler) for CAN2_TX_IRQHandler
    startup_stm32f407xx.o(RESET) refers to stm32f4xx_it.o(i.CAN2_RX0_IRQHandler) for CAN2_RX0_IRQHandler
    startup_stm32f407xx.o(.text) refers (Special) to heapauxi.o(.text) for __use_two_region_memory
    startup_stm32f407xx.o(.text) refers to system_stm32f4xx.o(i.SystemInit) for SystemInit
    startup_stm32f407xx.o(.text) refers to __main.o(!!!main) for __main
    startup_stm32f407xx.o(.text) refers to startup_stm32f407xx.o(HEAP) for Heap_Mem
    startup_stm32f407xx.o(.text) refers to startup_stm32f407xx.o(STACK) for Stack_Mem
    main.o(i.HAL_TIM_PeriodElapsedCallback) refers to stm32f4xx_hal.o(i.HAL_IncTick) for HAL_IncTick
    main.o(i.SystemClock_Config) refers to rt_memclr_w.o(.text) for __aeabi_memclr4
    main.o(i.SystemClock_Config) refers to stm32f4xx_hal_rcc.o(i.HAL_RCC_OscConfig) for HAL_RCC_OscConfig
    main.o(i.SystemClock_Config) refers to main.o(i.Error_Handler) for Error_Handler
    main.o(i.SystemClock_Config) refers to stm32f4xx_hal_rcc.o(i.HAL_RCC_ClockConfig) for HAL_RCC_ClockConfig
    main.o(i.main) refers to stm32f4xx_hal.o(i.HAL_Init) for HAL_Init
    main.o(i.main) refers to main.o(i.SystemClock_Config) for SystemClock_Config
    main.o(i.main) refers to gpio.o(i.MX_GPIO_Init) for MX_GPIO_Init
    main.o(i.main) refers to dma.o(i.MX_DMA_Init) for MX_DMA_Init
    main.o(i.main) refers to can.o(i.MX_CAN1_Init) for MX_CAN1_Init
    main.o(i.main) refers to can.o(i.MX_CAN2_Init) for MX_CAN2_Init
    main.o(i.main) refers to usart.o(i.MX_USART3_UART_Init) for MX_USART3_UART_Init
    main.o(i.main) refers to tim.o(i.MX_TIM4_Init) for MX_TIM4_Init
    main.o(i.main) refers to tim.o(i.MX_TIM1_Init) for MX_TIM1_Init
    main.o(i.main) refers to i2c.o(i.MX_I2C2_Init) for MX_I2C2_Init
    main.o(i.main) refers to usb_otg.o(i.MX_USB_OTG_FS_PCD_Init) for MX_USB_OTG_FS_PCD_Init
    main.o(i.main) refers to spi.o(i.MX_SPI1_Init) for MX_SPI1_Init
    main.o(i.main) refers to tim.o(i.MX_TIM10_Init) for MX_TIM10_Init
    main.o(i.main) refers to sysinit.o(i.Sys_Init) for Sys_Init
    main.o(i.main) refers to freertos.o(i.MX_FREERTOS_Init) for MX_FREERTOS_Init
    main.o(i.main) refers to cmsis_os.o(i.osKernelStart) for osKernelStart
    gpio.o(i.MX_GPIO_Init) refers to rt_memclr_w.o(.text) for __aeabi_memclr4
    gpio.o(i.MX_GPIO_Init) refers to stm32f4xx_hal_gpio.o(i.HAL_GPIO_WritePin) for HAL_GPIO_WritePin
    gpio.o(i.MX_GPIO_Init) refers to stm32f4xx_hal_gpio.o(i.HAL_GPIO_Init) for HAL_GPIO_Init
    freertos.o(i.MX_FREERTOS_Init) refers to rt_memcpy_w.o(.text) for __aeabi_memcpy4
[...]
    ECF_CAN_Send_Msg_FIFO                    0x08002169   Thumb Code   238  bsp_can.o(i.ECF_CAN_Send_Msg_FIFO)
    ECF_PWM_50HZ_Output_Init                 0x08002269   Thumb Code    56  bsp_pwm.o(i.ECF_PWM_50HZ_Output_Init)
    ECF_RC_Init                              0x080022a1   Thumb Code    18  bsp_dr16.o(i.ECF_RC_Init)
    ECF_RC_UART_Handler                      0x080022bd   Thumb Code    10  bsp_dr16.o(i.ECF_RC_UART_Handler)
    EarthFrameToBodyFrame                    0x080022cd   Thumb Code   346  imu_task.o(i.EarthFrameToBodyFrame)
    Encoder_Init                             0x08002429   Thumb Code   130  bsp_motor_encoder.o(i.Encoder_Init)
    Encoder_Struct_Zero                      0x080024b1   Thumb Code    14  bsp_motor_encoder.o(i.Encoder_Struct_Zero)
    Error_Handler                            0x080024bf   Thumb Code     6  main.o(i.Error_Handler)
    FSM_Deal                                 0x080024c5   Thumb Code    88  fsm.o(i.FSM_Deal)
    Gimbal_Fsm_Init                          0x0800251d   Thumb Code   176  gimbal_fsm.o(i.Gimbal_Fsm_Init)
    Gimbal_Motor_Init                        0x08002645   Thumb Code   766  gimbalmotor.o(i.Gimbal_Motor_Init)
    Gimbal_PowerOff_Drive                    0x08002981   Thumb Code     2  gimbalmotor.o(i.Gimbal_PowerOff_Drive)
    Gimbal_Task                              0x08002985   Thumb Code    46  gimbal_task.o(i.Gimbal_Task)
    HAL_CAN_ActivateNotification             0x080029b9   Thumb Code    42  stm32f4xx_hal_can.o(i.HAL_CAN_ActivateNotification)
    HAL_CAN_AddTxMessage                     0x080029e3   Thumb Code   342  stm32f4xx_hal_can.o(i.HAL_CAN_AddTxMessage)
    HAL_CAN_ConfigFilter                     0x08002b39   Thumb Code   286  stm32f4xx_hal_can.o(i.HAL_CAN_ConfigFilter)
    HAL_CAN_ErrorCallback                    0x08002c5d   Thumb Code    70  bsp_can.o(i.HAL_CAN_ErrorCallback)
    HAL_CAN_GetRxMessage                     0x08002cb5   Thumb Code   378  stm32f4xx_hal_can.o(i.HAL_CAN_GetRxMessage)
    HAL_CAN_GetTxMailboxesFreeLevel          0x08002e2f   Thumb Code    54  stm32f4xx_hal_can.o(i.HAL_CAN_GetTxMailboxesFreeLevel)
    HAL_CAN_IRQHandler                       0x08002e65   Thumb Code   590  stm32f4xx_hal_can.o(i.HAL_CAN_IRQHandler)
    HAL_CAN_Init                             0x080030b3   Thumb Code   372  stm32f4xx_hal_can.o(i.HAL_CAN_Init)
    HAL_CAN_MspInit                          0x08003229   Thumb Code   360  can.o(i.HAL_CAN_MspInit)
    HAL_CAN_ResetError                       0x080033a9   Thumb Code    34  stm32f4xx_hal_can.o(i.HAL_CAN_ResetError)
    HAL_CAN_RxFifo0FullCallback              0x080033cb   Thumb Code     2  stm32f4xx_hal_can.o(i.HAL_CAN_RxFifo0FullCallback)
    HAL_CAN_RxFifo0MsgPendingCallback        0x080033cd   Thumb Code    68  bsp_can.o(i.HAL_CAN_RxFifo0MsgPendingCallback)
    HAL_CAN_RxFifo1FullCallback              0x08003421   Thumb Code     2  stm32f4xx_hal_can.o(i.HAL_CAN_RxFifo1FullCallback)
    HAL_CAN_RxFifo1MsgPendingCallback        0x08003423   Thumb Code     2  stm32f4xx_hal_can.o(i.HAL_CAN_RxFifo1MsgPendingCallback)
    HAL_CAN_SleepCallback                    0x08003425   Thumb Code     2  stm32f4xx_hal_can.o(i.HAL_CAN_SleepCallback)
    HAL_CAN_Start                            0x08003427   Thumb Code    94  stm32f4xx_hal_can.o(i.HAL_CAN_Start)
    HAL_CAN_TxMailbox0AbortCallback          0x08003485   Thumb Code     2  stm32f4xx_hal_can.o(i.HAL_CAN_TxMailbox0AbortCallback)
    HAL_CAN_TxMailbox0CompleteCallback       0x08003489   Thumb Code    64  bsp_can.o(i.HAL_CAN_TxMailbox0CompleteCallback)
    HAL_CAN_TxMailbox1AbortCallback          0x080034d9   Thumb Code     2  stm32f4xx_hal_can.o(i.HAL_CAN_TxMailbox1AbortCallback)
    HAL_CAN_TxMailbox1CompleteCallback       0x080034dd   Thumb Code    64  bsp_can.o(i.HAL_CAN_TxMailbox1CompleteCallback)
    HAL_CAN_TxMailbox2AbortCallback          0x0800352d   Thumb Code     2  stm32f4xx_hal_can.o(i.HAL_CAN_TxMailbox2AbortCallback)
    HAL_CAN_TxMailbox2CompleteCallback       0x08003531   Thumb Code    64  bsp_can.o(i.HAL_CAN_TxMailbox2CompleteCallback)
    HAL_CAN_WakeUpFromRxMsgCallback          0x08003581   Thumb Code     2  stm32f4xx_hal_can.o(i.HAL_CAN_WakeUpFromRxMsgCallback)
    HAL_DMA_Abort                            0x08003583   Thumb Code   172  stm32f4xx_hal_dma.o(i.HAL_DMA_Abort)
    HAL_DMA_Abort_IT                         0x0800362f   Thumb Code    40  stm32f4xx_hal_dma.o(i.HAL_DMA_Abort_IT)
    HAL_DMA_IRQHandler                       0x08003659   Thumb Code   570  stm32f4xx_hal_dma.o(i.HAL_DMA_IRQHandler)
    HAL_DMA_Init                             0x08003899   Thumb Code   232  stm32f4xx_hal_dma.o(i.HAL_DMA_Init)
    HAL_Delay                                0x08003985   Thumb Code    36  stm32f4xx_hal.o(i.HAL_Delay)
    HAL_GPIO_Init                            0x080039ad   Thumb Code   454  stm32f4xx_hal_gpio.o(i.HAL_GPIO_Init)
    HAL_GPIO_WritePin                        0x08003ba1   Thumb Code    12  stm32f4xx_hal_gpio.o(i.HAL_GPIO_WritePin)
    HAL_GetTick                              0x08003bad   Thumb Code     6  stm32f4xx_hal.o(i.HAL_GetTick)
    HAL_I2C_Init                             0x08003bb9   Thumb Code   446  stm32f4xx_hal_i2c.o(i.HAL_I2C_Init)
    HAL_I2C_MspInit                          0x08003d89   Thumb Code   122  i2c.o(i.HAL_I2C_MspInit)
    HAL_IncTick                              0x08003e11   Thumb Code    16  stm32f4xx_hal.o(i.HAL_IncTick)
    HAL_Init                                 0x08003e29   Thumb Code    54  stm32f4xx_hal.o(i.HAL_Init)
    HAL_InitTick                             0x08003e65   Thumb Code   162  stm32f4xx_hal_timebase_tim.o(i.HAL_InitTick)
    HAL_MspInit                              0x08003f19   Thumb Code    78  stm32f4xx_hal_msp.o(i.HAL_MspInit)
    HAL_NVIC_EnableIRQ                       0x08003f6d   Thumb Code    32  stm32f4xx_hal_cortex.o(i.HAL_NVIC_EnableIRQ)
    HAL_NVIC_SetPriority                     0x08003f8d   Thumb Code   124  stm32f4xx_hal_cortex.o(i.HAL_NVIC_SetPriority)
    HAL_NVIC_SetPriorityGrouping             0x08004009   Thumb Code    32  stm32f4xx_hal_cortex.o(i.HAL_NVIC_SetPriorityGrouping)
    HAL_PCD_Init                             0x08004031   Thumb Code   358  stm32f4xx_hal_pcd.o(i.HAL_PCD_Init)
    HAL_PCD_MspInit                          0x08004199   Thumb Code   144  usb_otg.o(i.HAL_PCD_MspInit)
    HAL_RCC_ClockConfig                      0x08004231   Thumb Code   368  stm32f4xx_hal_rcc.o(i.HAL_RCC_ClockConfig)
    HAL_RCC_GetClockConfig                   0x080043b5   Thumb Code    58  stm32f4xx_hal_rcc.o(i.HAL_RCC_GetClockConfig)
    HAL_RCC_GetHCLKFreq                      0x080043f9   Thumb Code     6  stm32f4xx_hal_rcc.o(i.HAL_RCC_GetHCLKFreq)
    HAL_RCC_GetPCLK1Freq                     0x08004405   Thumb Code    22  stm32f4xx_hal_rcc.o(i.HAL_RCC_GetPCLK1Freq)
    HAL_RCC_GetPCLK2Freq                     0x08004425   Thumb Code    22  stm32f4xx_hal_rcc.o(i.HAL_RCC_GetPCLK2Freq)
    HAL_RCC_GetSysClockFreq                  0x08004445   Thumb Code   162  stm32f4xx_hal_rcc.o(i.HAL_RCC_GetSysClockFreq)
    HAL_RCC_OscConfig                        0x080044f5   Thumb Code  1172  stm32f4xx_hal_rcc.o(i.HAL_RCC_OscConfig)
    HAL_SPI_Init                             0x08004991   Thumb Code   200  stm32f4xx_hal_spi.o(i.HAL_SPI_Init)
    HAL_SPI_MspInit                          0x08004a59   Thumb Code   316  spi.o(i.HAL_SPI_MspInit)
    HAL_SPI_TransmitReceive                  0x08004bb1   Thumb Code   554  stm32f4xx_hal_spi.o(i.HAL_SPI_TransmitReceive)
    HAL_TIMEx_BreakCallback                  0x08004ddb   Thumb Code     2  stm32f4xx_hal_tim_ex.o(i.HAL_TIMEx_BreakCallback)
    HAL_TIMEx_CommutCallback                 0x08004ddd   Thumb Code     2  stm32f4xx_hal_tim_ex.o(i.HAL_TIMEx_CommutCallback)
    HAL_TIMEx_ConfigBreakDeadTime            0x08004ddf   Thumb Code   116  stm32f4xx_hal_tim_ex.o(i.HAL_TIMEx_ConfigBreakDeadTime)
    HAL_TIMEx_MasterConfigSynchronization    0x08004e55   Thumb Code   150  stm32f4xx_hal_tim_ex.o(i.HAL_TIMEx_MasterConfigSynchronization)
    HAL_TIM_Base_Init                        0x08004f09   Thumb Code   102  stm32f4xx_hal_tim.o(i.HAL_TIM_Base_Init)
    HAL_TIM_Base_MspInit                     0x08004f71   Thumb Code   106  tim.o(i.HAL_TIM_Base_MspInit)
    HAL_TIM_Base_Start                       0x08004fe9   Thumb Code   126  stm32f4xx_hal_tim.o(i.HAL_TIM_Base_Start)
    HAL_TIM_Base_Start_IT                    0x08005085   Thumb Code   138  stm32f4xx_hal_tim.o(i.HAL_TIM_Base_Start_IT)
    HAL_TIM_ConfigClockSource                0x0800512d   Thumb Code   268  stm32f4xx_hal_tim.o(i.HAL_TIM_ConfigClockSource)
    HAL_TIM_IC_CaptureCallback               0x08005239   Thumb Code     2  stm32f4xx_hal_tim.o(i.HAL_TIM_IC_CaptureCallback)
    HAL_TIM_IRQHandler                       0x0800523b   Thumb Code   406  stm32f4xx_hal_tim.o(i.HAL_TIM_IRQHandler)
    HAL_TIM_MspPostInit                      0x080053d1   Thumb Code   224  tim.o(i.HAL_TIM_MspPostInit)
    HAL_TIM_OC_DelayElapsedCallback          0x080054cd   Thumb Code     2  stm32f4xx_hal_tim.o(i.HAL_TIM_OC_DelayElapsedCallback)
    HAL_TIM_PWM_ConfigChannel                0x080054cf   Thumb Code   260  stm32f4xx_hal_tim.o(i.HAL_TIM_PWM_ConfigChannel)
    HAL_TIM_PWM_Init                         0x080055d3   Thumb Code   102  stm32f4xx_hal_tim.o(i.HAL_TIM_PWM_Init)
    HAL_TIM_PWM_MspInit                      0x08005639   Thumb Code    62  tim.o(i.HAL_TIM_PWM_MspInit)
    HAL_TIM_PWM_PulseFinishedCallback        0x08005681   Thumb Code     2  stm32f4xx_hal_tim.o(i.HAL_TIM_PWM_PulseFinishedCallback)
    HAL_TIM_PWM_Start                        0x08005685   Thumb Code   238  stm32f4xx_hal_tim.o(i.HAL_TIM_PWM_Start)
    HAL_TIM_PeriodElapsedCallback            0x08005791   Thumb Code    18  main.o(i.HAL_TIM_PeriodElapsedCallback)
    HAL_TIM_TriggerCallback                  0x080057a3   Thumb Code     2  stm32f4xx_hal_tim.o(i.HAL_TIM_TriggerCallback)
    HAL_UARTEx_RxEventCallback               0x080057a5   Thumb Code     2  stm32f4xx_hal_uart.o(i.HAL_UARTEx_RxEventCallback)
    HAL_UART_ErrorCallback                   0x080057a7   Thumb Code     2  stm32f4xx_hal_uart.o(i.HAL_UART_ErrorCallback)
    HAL_UART_IRQHandler                      0x080057a9   Thumb Code   732  stm32f4xx_hal_uart.o(i.HAL_UART_IRQHandler)
    HAL_UART_Init                            0x08005a89   Thumb Code   114  stm32f4xx_hal_uart.o(i.HAL_UART_Init)
    HAL_UART_MspInit                         0x08005afd   Thumb Code   204  usart.o(i.HAL_UART_MspInit)
    HAL_UART_RxCpltCallback                  0x08005bdd   Thumb Code     2  stm32f4xx_hal_uart.o(i.HAL_UART_RxCpltCallback)
    HAL_UART_TxCpltCallback                  0x08005bdf   Thumb Code     2  stm32f4xx_hal_uart.o(i.HAL_UART_TxCpltCallback)
    HardFault_Handler                        0x08005d11   Thumb Code     4  stm32f4xx_it.o(i.HardFault_Handler)
    IMU_QuaternionEKF_Init                   0x08006089   Thumb Code   250  quaternionekf.o(i.IMU_QuaternionEKF_Init)
    IMU_QuaternionEKF_Update                 0x08006305   Thumb Code  1566  quaternionekf.o(i.IMU_QuaternionEKF_Update)
    IMU_Temperature_Ctrl                     0x08007099   Thumb Code    90  imu_task.o(i.IMU_Temperature_Ctrl)
    INS_Init                                 0x0800710d   Thumb Code   160  imu_task.o(i.INS_Init)
    INS_Task                                 0x080071d5   Thumb Code   566  imu_task.o(i.INS_Task)
    Kalman_Filter_Init                       0x08007449   Thumb Code  1800  kalman_filter.o(i.Kalman_Filter_Init)
    Kalman_Filter_Measure                    0x08007b55   Thumb Code    74  kalman_filter.o(i.Kalman_Filter_Measure)
    Kalman_Filter_P_Update                   0x08007ba5   Thumb Code   104  kalman_filter.o(i.Kalman_Filter_P_Update)
    Kalman_Filter_PminusUpdate               0x08007c0d   Thumb Code   104  kalman_filter.o(i.Kalman_Filter_PminusUpdate)
    Kalman_Filter_SetK                       0x08007c75   Thumb Code   210  kalman_filter.o(i.Kalman_Filter_SetK)
    Kalman_Filter_Update                     0x08007d49   Thumb Code   292  kalman_filter.o(i.Kalman_Filter_Update)
    Kalman_Filter_xhatMinusUpdate            0x08007e71   Thumb Code   124  kalman_filter.o(i.Kalman_Filter_xhatMinusUpdate)
    Kalman_Filter_xhatUpdate                 0x08007eed   Thumb Code   134  kalman_filter.o(i.Kalman_Filter_xhatUpdate)
    MX_CAN1_Init                             0x08008201   Thumb Code    58  can.o(i.MX_CAN1_Init)
    MX_CAN2_Init                             0x08008245   Thumb Code    62  can.o(i.MX_CAN2_Init)
    MX_DMA_Init                              0x0800828d   Thumb Code   114  dma.o(i.MX_DMA_Init)
    MX_FREERTOS_Init                         0x08008305   Thumb Code   150  freertos.o(i.MX_FREERTOS_Init)
    MX_GPIO_Init                             0x080083b9   Thumb Code   446  gpio.o(i.MX_GPIO_Init)
    MX_I2C2_Init                             0x08008595   Thumb Code    50  i2c.o(i.MX_I2C2_Init)
    MX_SPI1_Init                             0x080085d1   Thumb Code    62  spi.o(i.MX_SPI1_Init)
    MX_TIM10_Init                            0x08008619   Thumb Code   102  tim.o(i.MX_TIM10_Init)
    MX_TIM1_Init                             0x08008689   Thumb Code   170  tim.o(i.MX_TIM1_Init)
    MX_TIM4_Init                             0x0800873d   Thumb Code   154  tim.o(i.MX_TIM4_Init)
    MX_USART3_UART_Init                      0x080087e1   Thumb Code    48  usart.o(i.MX_USART3_UART_Init)
    MX_USB_OTG_FS_PCD_Init                   0x0800881d   Thumb Code    52  usb_otg.o(i.MX_USB_OTG_FS_PCD_Init)
    MemManage_Handler                        0x08008855   Thumb Code     4  stm32f4xx_it.o(i.MemManage_Handler)
    MotorDataDeal                            0x08008859   Thumb Code   282  gimbalmotor.o(i.MotorDataDeal)
    NMI_Handler                              0x08008979   Thumb Code     4  stm32f4xx_it.o(i.NMI_Handler)
    PidCalculate                             0x08008995   Thumb Code   440  pid.o(i.PidCalculate)
    PidInit                                  0x08008b4d   Thumb Code    62  pid.o(i.PidInit)
    PidInitMode                              0x08008b8b   Thumb Code   138  pid.o(i.PidInitMode)
    RC_Check_Data_IS_ERROR                   0x08008c29   Thumb Code   136  bsp_dr16.o(i.RC_Check_Data_IS_ERROR)
    RC_DataProcess                           0x08008cb5   Thumb Code   214  bsp_dr16.o(i.RC_DataProcess)
    RC_DataReload                            0x08008d8d   Thumb Code    32  bsp_dr16.o(i.RC_DataReload)
    RC_Get_RC_Pointer                        0x08008db1   Thumb Code     4  bsp_dr16.o(i.RC_Get_RC_Pointer)
    RC_Init                                  0x08008db9   Thumb Code   136  bsp_dr16.o(i.RC_Init)
    RC_UART_IRQHandler                       0x08008e41   Thumb Code   260  bsp_dr16.o(i.RC_UART_IRQHandler)
    Remote_Data_Deal                         0x08008fc1   Thumb Code    46  remotedeal.o(i.Remote_Data_Deal)
    Remote_Data_Init                         0x08008ff5   Thumb Code   106  remotedeal.o(i.Remote_Data_Init)
    Remote_Task                              0x0800907d   Thumb Code    26  remote_task.o(i.Remote_Task)
    Return_Gimbal_FSM                        0x08009099   Thumb Code     4  gimbal_fsm.o(i.Return_Gimbal_FSM)
    Return_Grasp_t_Pointer                   0x080090a1   Thumb Code     4  gimbalmotor.o(i.Return_Grasp_t_Pointer)
    Return_RemoteDeal_Point                  0x080090a9   Thumb Code     4  remotedeal.o(i.Return_RemoteDeal_Point)
    StartDefaultTask                         0x080091f5   Thumb Code    10  freertos.o(i.StartDefaultTask)
    StateChange                              0x080091ff   Thumb Code    14  fsm.o(i.StateChange)
    SysTick_Handler                          0x0800920d   Thumb Code    46  port.o(i.SysTick_Handler)
    Sys_Init                                 0x08009241   Thumb Code    48  sysinit.o(i.Sys_Init)
    SystemClock_Config                       0x08009275   Thumb Code   170  main.o(i.SystemClock_Config)
    SystemInit                               0x08009329   Thumb Code    14  system_stm32f4xx.o(i.SystemInit)
    TIM1_UP_TIM10_IRQHandler                 0x0800933d   Thumb Code    16  stm32f4xx_it.o(i.TIM1_UP_TIM10_IRQHandler)
    TIM2_IRQHandler                          0x08009355   Thumb Code    10  stm32f4xx_it.o(i.TIM2_IRQHandler)
    TIM_Base_SetConfig                       0x08009365   Thumb Code   170  stm32f4xx_hal_tim.o(i.TIM_Base_SetConfig)
    TIM_CCxChannelCmd                        0x0800943d   Thumb Code    34  stm32f4xx_hal_tim.o(i.TIM_CCxChannelCmd)
    TIM_ETR_SetConfig                        0x0800945f   Thumb Code    22  stm32f4xx_hal_tim.o(i.TIM_ETR_SetConfig)
    TIM_OC2_SetConfig                        0x080094f9   Thumb Code   114  stm32f4xx_hal_tim.o(i.TIM_OC2_SetConfig)
    TIM_Set_PWM                              0x08009641   Thumb Code    58  bsp_pwm_1.o(i.TIM_Set_PWM)
    Three_Degrees_Arms_Init                  0x080096c9   Thumb Code    48  gimbalmotor.o(i.Three_Degrees_Arms_Init)
    USART3_IRQHandler                        0x08009b21   Thumb Code    14  stm32f4xx_it.o(i.USART3_IRQHandler)
    USB_CoreInit                             0x08009b35   Thumb Code   128  stm32f4xx_ll_usb.o(i.USB_CoreInit)
    USB_DevDisconnect                        0x08009c11   Thumb Code    36  stm32f4xx_ll_usb.o(i.USB_DevDisconnect)
    USB_DevInit                              0x08009c35   Thumb Code   472  stm32f4xx_ll_usb.o(i.USB_DevInit)
    USB_DisableGlobalInt                     0x08009e15   Thumb Code    14  stm32f4xx_ll_usb.o(i.USB_DisableGlobalInt)
    USB_FlushRxFifo                          0x08009e25   Thumb Code    80  stm32f4xx_ll_usb.o(i.USB_FlushRxFifo)
    USB_FlushTxFifo                          0x08009e79   Thumb Code    84  stm32f4xx_ll_usb.o(i.USB_FlushTxFifo)
    USB_GetMode                              0x08009ed1   Thumb Code    10  stm32f4xx_ll_usb.o(i.USB_GetMode)
    USB_SetCurrentMode                       0x08009edb   Thumb Code   104  stm32f4xx_ll_usb.o(i.USB_SetCurrentMode)
    USB_SetDevSpeed                          0x08009f43   Thumb Code    18  stm32f4xx_ll_usb.o(i.USB_SetDevSpeed)
    UsageFault_Handler                       0x08009f55   Thumb Code     4  stm32f4xx_it.o(i.UsageFault_Handler)
    __ARM_fpclassifyf                        0x08009f59   Thumb Code    38  fpclassifyf.o(i.__ARM_fpclassifyf)
    __hardfp_acosf                           0x08009fb9   Thumb Code   234  acosf.o(i.__hardfp_acosf)
    __hardfp_asinf                           0x0800a0d1   Thumb Code   258  asinf.o(i.__hardfp_asinf)
    __hardfp_atan2f                          0x0800a1fd   Thumb Code   594  atan2f.o(i.__hardfp_atan2f)
    __mathlib_flt_infnan                     0x0800a4a9   Thumb Code     6  funder.o(i.__mathlib_flt_infnan)
    __mathlib_flt_infnan2                    0x0800a4af   Thumb Code     6  funder.o(i.__mathlib_flt_infnan2)
    __mathlib_flt_invalid                    0x0800a4b5   Thumb Code    10  funder.o(i.__mathlib_flt_invalid)
    __mathlib_flt_underflow                  0x0800a4c5   Thumb Code    10  funder.o(i.__mathlib_flt_underflow)
    angle_limiting_int32                     0x0800a4d5   Thumb Code    32  bsp_motor_encoder.o(i.angle_limiting_int32)
    detect_hook                              0x0800a575   Thumb Code   288  detect_task.o(i.detect_hook)
    fifo_get                                 0x0800aa15   Thumb Code    90  fifo.o(i.fifo_get)
    fifo_get_noprotect                       0x0800aa6f   Thumb Code    62  fifo.o(i.fifo_get_noprotect)
    fifo_init                                0x0800aaad   Thumb Code    34  fifo.o(i.fifo_init)
    fifo_is_empty                            0x0800aacf   Thumb Code    14  fifo.o(i.fifo_is_empty)
    fifo_is_full                             0x0800aadd   Thumb Code    14  fifo.o(i.fifo_is_full)
    fifo_put                                 0x0800aaeb   Thumb Code    90  fifo.o(i.fifo_put)
    first_order_filter                       0x0800ab45   Thumb Code    66  filter.o(i.first_order_filter)
    first_order_filter_init                  0x0800abc9   Thumb Code    44  filter.o(i.first_order_filter_init)
    float_constrain                          0x0800abf9   Thumb Code    42  user_lib.o(i.float_constrain)
    float_rounding                           0x0800ac25   Thumb Code    62  user_lib.o(i.float_rounding)
    imu_Task                                 0x0800ac6d   Thumb Code    18  imu_task.o(i.imu_Task)
    main                                     0x0800acbd   Thumb Code    68  main.o(i.main)
    motor_position_speed_control             0x0800ad0f   Thumb Code    74  pid.o(i.motor_position_speed_control)
    osDelay                                  0x0800ad59   Thumb Code    24  cmsis_os.o(i.osDelay)
    osKernelStart                            0x0800ad71   Thumb Code    10  cmsis_os.o(i.osKernelStart)
    osThreadCreate                           0x0800ad7b   Thumb Code    94  cmsis_os.o(i.osThreadCreate)
    pid_clear                                0x0800add9   Thumb Code    74  pid.o(i.pid_clear)
    pvPortMalloc                             0x0800b2a9   Thumb Code   306  heap_4.o(i.pvPortMalloc)
    pxPortInitialiseStack                    0x0800b3f5   Thumb Code    38  port.o(i.pxPortInitialiseStack)
    rc_lost_time_refresh                     0x0800b421   Thumb Code    14  bsp_dr16.o(i.rc_lost_time_refresh)
    sqrtf                                    0x0800b435   Thumb Code    62  sqrtf.o(i.sqrtf)
    uxListRemove                             0x0800b473   Thumb Code    40  list.o(i.uxListRemove)
    vApplicationGetIdleTaskMemory            0x0800b49d   Thumb Code    14  freertos.o(i.vApplicationGetIdleTaskMemory)
    vApplicationStackOverflowHook            0x0800b4b5   Thumb Code     2  freertos.o(i.vApplicationStackOverflowHook)
    vListInitialise                          0x0800b4b7   Thumb Code    26  list.o(i.vListInitialise)
    vListInitialiseItem                      0x0800b4d1   Thumb Code     6  list.o(i.vListInitialiseItem)
    vListInsert                              0x0800b4d7   Thumb Code    52  list.o(i.vListInsert)
    vListInsertEnd                           0x0800b50b   Thumb Code    24  list.o(i.vListInsertEnd)
    vPortEnterCritical                       0x0800b525   Thumb Code    76  port.o(i.vPortEnterCritical)
    vPortExitCritical                        0x0800b579   Thumb Code    56  port.o(i.vPortExitCritical)
    vPortFree                                0x0800b5b5   Thumb Code   150  heap_4.o(i.vPortFree)
    vPortSetupTimerInterrupt                 0x0800b659   Thumb Code    36  port.o(i.vPortSetupTimerInterrupt)
    vTaskDelay                               0x0800b681   Thumb Code    82  tasks.o(i.vTaskDelay)
    vTaskStartScheduler                      0x0800b6dd   Thumb Code   146  tasks.o(i.vTaskStartScheduler)
    vTaskSuspendAll                          0x0800b78d   Thumb Code    12  tasks.o(i.vTaskSuspendAll)
    vTaskSwitchContext                       0x0800b79d   Thumb Code   148  tasks.o(i.vTaskSwitchContext)
    xPortStartScheduler                      0x0800b845   Thumb Code   330  port.o(i.xPortStartScheduler)
    xTaskCreate                              0x0800b9ad   Thumb Code   100  tasks.o(i.xTaskCreate)
    xTaskCreateStatic                        0x0800ba11   Thumb Code   186  tasks.o(i.xTaskCreateStatic)
    xTaskGetTickCount                        0x0800bacd   Thumb Code     6  tasks.o(i.xTaskGetTickCount)
    xTaskIncrementTick                       0x0800bad9   Thumb Code   282  tasks.o(i.xTaskIncrementTick)
    xTaskResumeAll                           0x0800bc21   Thumb Code   224  tasks.o(i.xTaskResumeAll)
    _fp_init                                 0x0800bd25   Thumb Code    10  fpinit.o(x$fpl$fpinit)
    __fplib_config_fpu_vfp                   0x0800bd2d   Thumb Code     0  fpinit.o(x$fpl$fpinit)
    __fplib_config_pureend_doubles           0x0800bd2d   Thumb Code     0  fpinit.o(x$fpl$fpinit)
    __I$use$fp                               0x0800bd2e   Number         0  usenofp.o(x$fpl$usenofp)
    xb                                       0x0800bea0   Data          12  imu_task.o(.constdata)
    yb                                       0x0800beac   Data          12  imu_task.o(.constdata)
    zb                                       0x0800beb8   Data          12  imu_task.o(.constdata)
    IMU_QuaternionEKF_F                      0x0800bed0   Data         144  quaternionekf.o(.constdata)
    AHBPrescTable                            0x0800bf68   Data          16  system_stm32f4xx.o(.constdata)
    APBPrescTable                            0x0800bf78   Data           8  system_stm32f4xx.o(.constdata)
    sinTable_f32                             0x0800bfcc   Data        2052  arm_common_tables.o(.rodata.sinTable_f32)
    Region$$Table$$Base                      0x0800c7d0   Number         0  anon$$obj.o(Region$$Table)
    Region$$Table$$Limit                     0x0800c7f0   Number         0  anon$$obj.o(Region$$Table)
    defaultTaskHandle                        0x20000000   Data           4  freertos.o(.data)
    Task_RemoteHandle                        0x20000004   Data           4  freertos.o(.data)
    Task_GimbalHandle                        0x20000008   Data           4  freertos.o(.data)
    Task_BoardCommuHandle                    0x2000000c   Data           4  freertos.o(.data)
    Task_DetectHandle                        0x20000010   Data           4  freertos.o(.data)
    IMU_TASKHandle                           0x20000014   Data           4  freertos.o(.data)
    TxmailboxesNum                           0x20000022   Data           2  bsp_can.o(.data)
    INS_DWT_Count                            0x2000004c   Data           4  imu_task.o(.data)
    ins_debug_mode                           0x20000058   Data           1  imu_task.o(.data)
    RefTemp                                  0x2000005c   Data           4  imu_task.o(.data)
    BMI088_ACCEL_SEN                         0x20000094   Data           4  bmi088driver.o(.data)
    BMI088_GYRO_SEN                          0x20000098   Data           4  bmi088driver.o(.data)
    gNormDiff                                0x200000a0   Data           4  bmi088driver.o(.data)
    caliOffset                               0x200000a4   Data           1  bmi088driver.o(.data)
    caliCount                                0x200000a6   Data           2  bmi088driver.o(.data)
    BMI088_SPI                               0x200000d4   Data           4  bmi088middleware.o(.data)
    SysTime                                  0x200000d8   Data           8  bsp_dwt.o(.data)
    CYCCNT64                                 0x200000f8   Data           8  bsp_dwt.o(.data)
    sizeof_float                             0x20000118   Data           2  kalman_filter.o(.data)
    sizeof_double                            0x2000011a   Data           2  kalman_filter.o(.data)
    IMU_QuaternionEKF_P                      0x2000011c   Data         144  quaternionekf.o(.data)
    GlobalDebugMode                          0x200001f0   Data           1  user_lib.o(.data)
    uwTick                                   0x20000208   Data           4  stm32f4xx_hal.o(.data)
    uwTickPrio                               0x2000020c   Data           4  stm32f4xx_hal.o(.data)
    uwTickFreq                               0x20000210   Data           1  stm32f4xx_hal.o(.data)
    SystemCoreClock                          0x20000214   Data           4  system_stm32f4xx.o(.data)
    pxCurrentTCB                             0x20000218   Data           4  tasks.o(.data)
    hcan1                                    0x200004d4   Data          40  can.o(.bss)
    hcan2                                    0x200004fc   Data          40  can.o(.bss)
    hi2c2                                    0x20000524   Data          84  i2c.o(.bss)
    hspi1                                    0x20000578   Data          88  spi.o(.bss)
    hdma_spi1_rx                             0x200005d0   Data          96  spi.o(.bss)
    hdma_spi1_tx                             0x20000630   Data          96  spi.o(.bss)
    htim1                                    0x20000690   Data          72  tim.o(.bss)
    htim4                                    0x200006d8   Data          72  tim.o(.bss)
    htim10                                   0x20000720   Data          72  tim.o(.bss)
    huart3                                   0x20000768   Data          68  usart.o(.bss)
    hdma_usart3_rx                           0x200007ac   Data          96  usart.o(.bss)
    hpcd_USB_OTG_FS                          0x2000080c   Data        1292  usb_otg.o(.bss)
    htim2                                    0x20000d18   Data          72  stm32f4xx_hal_timebase_tim.o(.bss)
    Sbus_RX_Buffer                           0x20000d80   Data          72  bsp_dr16.o(.bss)
    can1_manage                              0x20000dc8   Data          48  bsp_can.o(.bss)
    can2_manage                              0x20000df8   Data          48  bsp_can.o(.bss)
    CAN_Encoder                              0x20002e28   Data         640  bsp_motor_encoder.o(.bss)
    REMOTE                                   0x200030a8   Data         101  remotedeal.o(.bss)
    Lift_t                                   0x20003110   Data         624  gimbalmotor.o(.bss)
    TD_t                                     0x20003380   Data        1292  gimbalmotor.o(.bss)
    Clip_t                                   0x2000388c   Data         624  gimbalmotor.o(.bss)
    Grasp                                    0x20003afc   Data          12  gimbalmotor.o(.bss)
    Gimbal_Can_msg                           0x20003b08   Data          16  gimbalmotor.o(.bss)
    Gimbal_Fsm                               0x20003b18   Data          16  gimbal_fsm.o(.bss)
    OFFLINE                                  0x20003b28   Data          12  gimbal_fsm.o(.bss)
    LIFT                                     0x20003b34   Data          12  gimbal_fsm.o(.bss)
    Arm_Test                                 0x20003b40   Data          12  gimbal_fsm.o(.bss)
    Mining                                   0x20003b4c   Data          12  gimbal_fsm.o(.bss)
    Keyboard                                 0x20003b58   Data          12  gimbal_fsm.o(.bss)
    Gimbal_State_Table                       0x20003b64   Data         108  gimbal_fsm.o(.bss)
    error_list                               0x20003bd0   Data         216  detect_task.o(.bss)
    Gimbal                                   0x20003ca8   Data          16  gimbal_task.o(.bss)
    INS                                      0x20003cb8   Data         128  imu_task.o(.bss)
    IMU_Param                                0x20003d38   Data          28  imu_task.o(.bss)
    TempCtrl                                 0x20003d54   Data         144  imu_task.o(.bss)
    gyroDiff                                 0x20003de4   Data          12  bmi088driver.o(.bss)
    BMI088                                   0x20003df0   Data          52  bmi088driver.o(.bss)
    QEKF_INS                                 0x20003e28   Data         472  quaternionekf.o(.bss)
    IMU_QuaternionEKF_K                      0x20004000   Data          72  quaternionekf.o(.bss)
    IMU_QuaternionEKF_H                      0x20004048   Data          72  quaternionekf.o(.bss)
    __libspace_start                         0x20007d80   Data          96  libspace.o(.bss)
    __temporary_stack_top$libspace           0x20007de0   Data           0  libspace.o(.bss)



==============================================================================

Memory Map of the image

  Image Entry point : 0x08000189

  Load Region LR_IROM1 (Base: 0x08000000, Size: 0x0000ca70, Max: 0x00100000, ABSOLUTE, COMPRESSED[0x0000c854])

    Execution Region ER_IROM1 (Exec base: 0x08000000, Load base: 0x08000000, Size: 0x0000c7f0, Max: 0x00100000, ABSOLUTE)

    Exec Addr    Load Addr    Size         Type   Attr      Idx    E Section Name        Object

    0x08000000   0x08000000   0x00000188   Data   RO            3    RESET               startup_stm32f407xx.o
    0x08000188   0x08000188   0x00000008   Code   RO         8874  * !!!main             c_w.l(__main.o)
    0x08000190   0x08000190   0x00000034   Code   RO         9326    !!!scatter          c_w.l(__scatter.o)
    0x080001c4   0x080001c4   0x0000005a   Code   RO         9324    !!dczerorl2         c_w.l(__dczerorl2.o)
    0x0800021e   0x0800021e   0x00000002   PAD
    0x08000220   0x08000220   0x0000001c   Code   RO         9328    !!handler_zi        c_w.l(__scatter_zi.o)
    0x0800023c   0x0800023c   0x00000002   Code   RO         9139    .ARM.Collect$$libinit$$00000000  c_w.l(libinit.o)
    0x0800023e   0x0800023e   0x00000004   Code   RO         8980    .ARM.Collect$$libinit$$00000001  c_w.l(libinit2.o)
    0x08000242   0x08000242   0x00000000   Code   RO         8983    .ARM.Collect$$libinit$$00000004  c_w.l(libinit2.o)
    0x08000242   0x08000242   0x00000008   Code   RO         8984    .ARM.Collect$$libinit$$00000005  c_w.l(libinit2.o)
    0x0800024a   0x0800024a   0x00000000   Code   RO         8986    .ARM.Collect$$libinit$$0000000A  c_w.l(libinit2.o)
    0x0800024a   0x0800024a   0x00000000   Code   RO         8988    .ARM.Collect$$libinit$$0000000C  c_w.l(libinit2.o)
    0x0800024a   0x0800024a   0x00000000   Code   RO         8990    .ARM.Collect$$libinit$$0000000E  c_w.l(libinit2.o)
    0x0800024a   0x0800024a   0x00000000   Code   RO         8993    .ARM.Collect$$libinit$$00000011  c_w.l(libinit2.o)
    0x0800024a   0x0800024a   0x00000000   Code   RO         8995    .ARM.Collect$$libinit$$00000013  c_w.l(libinit2.o)
    0x0800024a   0x0800024a   0x00000000   Code   RO         8997    .ARM.Collect$$libinit$$00000015  c_w.l(libinit2.o)
    0x0800024a   0x0800024a   0x00000000   Code   RO         8999    .ARM.Collect$$libinit$$00000017  c_w.l(libinit2.o)
    0x0800024a   0x0800024a   0x00000000   Code   RO         9001    .ARM.Collect$$libinit$$00000019  c_w.l(libinit2.o)
    0x0800024a   0x0800024a   0x00000000   Code   RO         9003    .ARM.Collect$$libinit$$0000001B  c_w.l(libinit2.o)
    0x0800024a   0x0800024a   0x00000000   Code   RO         9005    .ARM.Collect$$libinit$$0000001D  c_w.l(libinit2.o)
    0x0800024a   0x0800024a   0x00000000   Code   RO         9007    .ARM.Collect$$libinit$$0000001F  c_w.l(libinit2.o)
    0x0800024a   0x0800024a   0x00000000   Code   RO         9009    .ARM.Collect$$libinit$$00000021  c_w.l(libinit2.o)
    0x0800024a   0x0800024a   0x00000000   Code   RO         9011    .ARM.Collect$$libinit$$00000023  c_w.l(libinit2.o)
    0x0800024a   0x0800024a   0x00000000   Code   RO         9013    .ARM.Collect$$libinit$$00000025  c_w.l(libinit2.o)
    0x0800024a   0x0800024a   0x00000000   Code   RO         9017    .ARM.Collect$$libinit$$0000002C  c_w.l(libinit2.o)
    0x0800024a   0x0800024a   0x00000000   Code   RO         9019    .ARM.Collect$$libinit$$0000002E  c_w.l(libinit2.o)
    0x0800024a   0x0800024a   0x00000000   Code   RO         9021    .ARM.Collect$$libinit$$00000030  c_w.l(libinit2.o)
    0x0800024a   0x0800024a   0x00000000   Code   RO         9023    .ARM.Collect$$libinit$$00000032  c_w.l(libinit2.o)
    0x0800024a   0x0800024a   0x00000002   Code   RO         9024    .ARM.Collect$$libinit$$00000033  c_w.l(libinit2.o)
    0x0800024c   0x0800024c   0x00000002   Code   RO         9270    .ARM.Collect$$libshutdown$$00000000  c_w.l(libshutdown.o)
    0x0800024e   0x0800024e   0x00000000   Code   RO         9188    .ARM.Collect$$libshutdown$$00000002  c_w.l(libshutdown2.o)
    0x0800024e   0x0800024e   0x00000000   Code   RO         9190    .ARM.Collect$$libshutdown$$00000004  c_w.l(libshutdown2.o)
    0x0800024e   0x0800024e   0x00000000   Code   RO         9192    .ARM.Collect$$libshutdown$$00000006  c_w.l(libshutdown2.o)
    0x0800024e   0x0800024e   0x00000000   Code   RO         9195    .ARM.Collect$$libshutdown$$00000009  c_w.l(libshutdown2.o)
    0x0800024e   0x0800024e   0x00000000   Code   RO         9198    .ARM.Collect$$libshutdown$$0000000C  c_w.l(libshutdown2.o)
    0x0800024e   0x0800024e   0x00000000   Code   RO         9200    .ARM.Collect$$libshutdown$$0000000E  c_w.l(libshutdown2.o)
    0x0800024e   0x0800024e   0x00000000   Code   RO         9203    .ARM.Collect$$libshutdown$$00000011  c_w.l(libshutdown2.o)
    0x0800024e   0x0800024e   0x00000002   Code   RO         9204    .ARM.Collect$$libshutdown$$00000012  c_w.l(libshutdown2.o)
    0x08000250   0x08000250   0x00000000   Code   RO         8944    .ARM.Collect$$rtentry$$00000000  c_w.l(__rtentry.o)
    0x08000250   0x08000250   0x00000000   Code   RO         9054    .ARM.Collect$$rtentry$$00000002  c_w.l(__rtentry2.o)
    0x08000250   0x08000250   0x00000006   Code   RO         9066    .ARM.Collect$$rtentry$$00000004  c_w.l(__rtentry4.o)
    0x08000256   0x08000256   0x00000000   Code   RO         9056    .ARM.Collect$$rtentry$$00000009  c_w.l(__rtentry2.o)
    0x08000256   0x08000256   0x00000004   Code   RO         9057    .ARM.Collect$$rtentry$$0000000A  c_w.l(__rtentry2.o)
    0x0800025a   0x0800025a   0x00000000   Code   RO         9059    .ARM.Collect$$rtentry$$0000000C  c_w.l(__rtentry2.o)
    0x0800025a   0x0800025a   0x00000008   Code   RO         9060    .ARM.Collect$$rtentry$$0000000D  c_w.l(__rtentry2.o)
    0x08000262   0x08000262   0x00000002   Code   RO         9142    .ARM.Collect$$rtexit$$00000000  c_w.l(rtexit.o)
    0x08000264   0x08000264   0x00000000   Code   RO         9228    .ARM.Collect$$rtexit$$00000002  c_w.l(rtexit2.o)
    0x08000264   0x08000264   0x00000004   Code   RO         9229    .ARM.Collect$$rtexit$$00000003  c_w.l(rtexit2.o)
    0x08000268   0x08000268   0x00000006   Code   RO         9230    .ARM.Collect$$rtexit$$00000004  c_w.l(rtexit2.o)
    0x0800026e   0x0800026e   0x00000002   PAD
    0x08000270   0x08000270   0x000000be   Code   RO         8533    .emb_text           port.o
    0x0800032e   0x0800032e   0x00000002   PAD
    0x08000330   0x08000330   0x00000000   Code   RO         9077    .emb_text           c_w.l(maybetermalloc1.o)
    0x08000330   0x08000330   0x00000040   Code   RO            4    .text               startup_stm32f407xx.o
    0x08000370   0x08000370   0x0000005e   Code   RO         8800    .text               c_w.l(h1_alloc.o)
    0x080003ce   0x080003ce   0x0000004e   Code   RO         8802    .text               c_w.l(h1_free.o)
    0x0800041c   0x0800041c   0x000000ee   Code   RO         8858    .text               c_w.l(lludivv7m.o)
    0x0800050a   0x0800050a   0x0000008a   Code   RO         8862    .text               c_w.l(rt_memcpy_v6.o)
    0x08000594   0x08000594   0x00000064   Code   RO         8864    .text               c_w.l(rt_memcpy_w.o)
    0x080005f8   0x080005f8   0x00000044   Code   RO         8868    .text               c_w.l(rt_memclr.o)
    0x0800063c   0x0800063c   0x0000004e   Code   RO         8870    .text               c_w.l(rt_memclr_w.o)
    0x0800068a   0x0800068a   0x00000006   Code   RO         8872    .text               c_w.l(heapauxi.o)
    0x08000690   0x08000690   0x00000008   Code   RO         8952    .text               c_w.l(rt_heap_descriptor_intlibspace.o)
    0x08000698   0x08000698   0x00000004   Code   RO         8954    .text               c_w.l(hguard.o)
    0x0800069c   0x0800069c   0x0000008a   Code   RO         8956    .text               c_w.l(init_alloc.o)
    0x08000726   0x08000726   0x0000000e   Code   RO         8960    .text               c_w.l(h1_init.o)
    0x08000734   0x08000734   0x00000016   Code   RO         8974    .text               c_w.l(_rserrno.o)
    0x0800074a   0x0800074a   0x00000002   PAD
    0x0800074c   0x0800074c   0x00000008   Code   RO         9050    .text               c_w.l(libspace.o)
    0x08000754   0x08000754   0x00000008   Code   RO         9073    .text               c_w.l(rt_errno_addr_intlibspace.o)
    0x0800075c   0x0800075c   0x00000034   Code   RO         9079    .text               c_w.l(h1_extend.o)
    0x08000790   0x08000790   0x0000000e   Code   RO         9090    .text               c_w.l(defsig_rtmem_outer.o)
    0x0800079e   0x0800079e   0x00000002   Code   RO         9103    .text               c_w.l(use_no_semi.o)
    0x080007a0   0x080007a0   0x00000000   Code   RO         9105    .text               c_w.l(indicate_semi.o)
    0x080007a0   0x080007a0   0x0000004a   Code   RO         9106    .text               c_w.l(sys_stackheap_outer.o)
    0x080007ea   0x080007ea   0x00000012   Code   RO         9118    .text               c_w.l(exit.o)
    0x080007fc   0x080007fc   0x0000000a   Code   RO         9120    .text               c_w.l(defsig_exit.o)
    0x08000806   0x08000806   0x00000002   PAD
    0x08000808   0x08000808   0x00000050   Code   RO         9126    .text               c_w.l(defsig_rtmem_inner.o)
    0x08000858   0x08000858   0x0000000c   Code   RO         9140    .text               c_w.l(sys_exit.o)
    0x08000864   0x08000864   0x00000032   Code   RO         9183    .text               c_w.l(defsig_general.o)
    0x08000896   0x08000896   0x0000000e   Code   RO         9225    .text               c_w.l(sys_wrch.o)
    0x080008a4   0x080008a4   0x000000a0   Code   RO         8611    .text.arm_cos_f32   arm_cortexM4lf_math.lib(arm_cos_f32.o)
    0x08000944   0x08000944   0x000000be   Code   RO         8631    .text.arm_mat_add_f32  arm_cortexM4lf_math.lib(arm_mat_add_f32.o)
    0x08000a02   0x08000a02   0x00000008   Code   RO         8641    .text.arm_mat_init_f32  arm_cortexM4lf_math.lib(arm_mat_init_f32.o)
    0x08000a0a   0x08000a0a   0x00000002   PAD
    0x08000a0c   0x08000a0c   0x000002d0   Code   RO         8650    .text.arm_mat_inverse_f32  arm_cortexM4lf_math.lib(arm_mat_inverse_f32.o)
    0x08000cdc   0x08000cdc   0x0000013c   Code   RO         8660    .text.arm_mat_mult_f32  arm_cortexM4lf_math.lib(arm_mat_mult_f32.o)
    0x08000e18   0x08000e18   0x000000be   Code   RO         8670    .text.arm_mat_sub_f32  arm_cortexM4lf_math.lib(arm_mat_sub_f32.o)
    0x08000ed6   0x08000ed6   0x00000002   PAD
    0x08000ed8   0x08000ed8   0x000000b2   Code   RO         8680    .text.arm_mat_trans_f32  arm_cortexM4lf_math.lib(arm_mat_trans_f32.o)
    0x08000f8a   0x08000f8a   0x00000002   PAD
    0x08000f8c   0x08000f8c   0x0000008c   Code   RO         8690    .text.arm_power_f32  arm_cortexM4lf_math.lib(arm_power_f32.o)
    0x08001018   0x08001018   0x00000098   Code   RO         8621    .text.arm_sin_f32   arm_cortexM4lf_math.lib(arm_sin_f32.o)
    0x080010b0   0x080010b0   0x00000020   Code   RO         1773    i.Arm_Prepare       gimbal_fsm.o
    0x080010d0   0x080010d0   0x00000014   Code   RO         1774    i.Arm_State         gimbal_fsm.o
    0x080010e4   0x080010e4   0x00000054   Code   RO         1775    i.Arm_bhv           gimbal_fsm.o
    0x08001138   0x08001138   0x00000290   Code   RO         1559    i.Arms_Drive        gimbalmotor.o
    0x080013c8   0x080013c8   0x00000014   Code   RO         2660    i.BMI088_ACCEL_NS_H  bmi088middleware.o
    0x080013dc   0x080013dc   0x00000014   Code   RO         2661    i.BMI088_ACCEL_NS_L  bmi088middleware.o
    0x080013f0   0x080013f0   0x00000014   Code   RO         2662    i.BMI088_GYRO_NS_H  bmi088middleware.o
    0x08001404   0x08001404   0x00000014   Code   RO         2663    i.BMI088_GYRO_NS_L  bmi088middleware.o
    0x08001418   0x08001418   0x0000027c   Code   RO         2575    i.BMI088_Read       bmi088driver.o
    0x08001694   0x08001694   0x00000026   Code   RO         2577    i.BMI088_read_muli_reg  bmi088driver.o
    0x080016ba   0x080016ba   0x00000002   PAD
    0x080016bc   0x080016bc   0x00000024   Code   RO         2664    i.BMI088_read_write_byte  bmi088middleware.o
    0x080016e0   0x080016e0   0x0000004c   Code   RO         1200    i.Block_Detect      bsp_motor_encoder.o
    0x0800172c   0x0800172c   0x0000000e   Code   RO         1721    i.BoardCommuni_Task  boardcommuni_task.o
    0x0800173a   0x0800173a   0x0000015a   Code   RO         2029    i.BodyFrameToEarthFrame  imu_task.o
    0x08001894   0x08001894   0x00000004   Code   RO          716    i.BusFault_Handler  stm32f4xx_it.o
    0x08001898   0x08001898   0x00000054   Code   RO          998    i.CAN1_C620_OR_C610_205_TO_208_SendMsg  bsp_can.o
    0x080018ec   0x080018ec   0x00000040   Code   RO         1000    i.CAN1_GM6020_5_TO_8_SendMsg  bsp_can.o
    0x0800192c   0x0800192c   0x00000010   Code   RO          717    i.CAN1_RX0_IRQHandler  stm32f4xx_it.o
    0x0800193c   0x0800193c   0x00000010   Code   RO          718    i.CAN1_TX_IRQHandler  stm32f4xx_it.o
    0x0800194c   0x0800194c   0x00000010   Code   RO          719    i.CAN2_RX0_IRQHandler  stm32f4xx_it.o
    0x0800195c   0x0800195c   0x00000010   Code   RO          720    i.CAN2_TX_IRQHandler  stm32f4xx_it.o
    0x0800196c   0x0800196c   0x000000c4   Code   RO         1510    i.CAN_A2B_RC_Send   boardcommuni.o
    0x08001a30   0x08001a30   0x000000cc   Code   RO         1202    i.CAN_DATA_Encoder_Deal  bsp_motor_encoder.o
    0x08001afc   0x08001afc   0x000000cc   Code   RO         2479    i.Changing_Integration_Rate  pid.o
    0x08001bc8   0x08001bc8   0x00000010   Code   RO          721    i.DMA1_Stream1_IRQHandler  stm32f4xx_it.o
    0x08001bd8   0x08001bd8   0x00000010   Code   RO          722    i.DMA2_Stream0_IRQHandler  stm32f4xx_it.o
    0x08001be8   0x08001be8   0x00000010   Code   RO          723    i.DMA2_Stream3_IRQHandler  stm32f4xx_it.o
    0x08001bf8   0x08001bf8   0x00000034   Code   RO         3842    i.DMA_CalcBaseAndBitshift  stm32f4xx_hal_dma.o
    0x08001c2c   0x08001c2c   0x000000aa   Code   RO         3843    i.DMA_CheckFifoParam  stm32f4xx_hal_dma.o
    0x08001cd6   0x08001cd6   0x00000002   PAD
    0x08001cd8   0x08001cd8   0x00000030   Code   RO         2714    i.DWT_CNT_Update    bsp_dwt.o
    0x08001d08   0x08001d08   0x0000004c   Code   RO         2716    i.DWT_GetDeltaT     bsp_dwt.o
    0x08001d54   0x08001d54   0x00000068   Code   RO         2721    i.DWT_Init          bsp_dwt.o
    0x08001dbc   0x08001dbc   0x00000002   Code   RO          724    i.DebugMon_Handler  stm32f4xx_it.o
    0x08001dbe   0x08001dbe   0x00000002   PAD
    0x08001dc0   0x08001dc0   0x0000027c   Code   RO         1946    i.Detect_Task       detect_task.o
    0x0800203c   0x0800203c   0x00000124   Code   RO         1006    i.ECF_CAN_Init      bsp_can.o
    0x08002160   0x08002160   0x00000008   Code   RO         1007    i.ECF_CAN_Rx_Callback_Register  bsp_can.o
    0x08002168   0x08002168   0x00000100   Code   RO         1008    i.ECF_CAN_Send_Msg_FIFO  bsp_can.o
    0x08002268   0x08002268   0x00000038   Code   RO         1410    i.ECF_PWM_50HZ_Output_Init  bsp_pwm.o
    0x080022a0   0x080022a0   0x0000001c   Code   RO          901    i.ECF_RC_Init       bsp_dr16.o
    0x080022bc   0x080022bc   0x00000010   Code   RO          902    i.ECF_RC_UART_Handler  bsp_dr16.o
    0x080022cc   0x080022cc   0x0000015a   Code   RO         2030    i.EarthFrameToBodyFrame  imu_task.o
    0x08002426   0x08002426   0x00000002   PAD
    0x08002428   0x08002428   0x00000088   Code   RO         1204    i.Encoder_Init      bsp_motor_encoder.o
    0x080024b0   0x080024b0   0x0000000e   Code   RO         1205    i.Encoder_Struct_Zero  bsp_motor_encoder.o
    0x080024be   0x080024be   0x00000006   Code   RO           13    i.Error_Handler     main.o
    0x080024c4   0x080024c4   0x00000058   Code   RO         1749    i.FSM_Deal          fsm.o
    0x0800251c   0x0800251c   0x000000f4   Code   RO         1776    i.Gimbal_Fsm_Init   gimbal_fsm.o
    0x08002610   0x08002610   0x00000034   Code   RO         1996    i.Gimbal_Init       gimbal_task.o
    0x08002644   0x08002644   0x0000033c   Code   RO         1560    i.Gimbal_Motor_Init  gimbalmotor.o
    0x08002980   0x08002980   0x00000002   Code   RO         1561    i.Gimbal_PowerOff_Drive  gimbalmotor.o
    0x08002982   0x08002982   0x00000002   PAD
    0x08002984   0x08002984   0x00000034   Code   RO         1997    i.Gimbal_Task       gimbal_task.o
    0x080029b8   0x080029b8   0x0000002a   Code   RO         3105    i.HAL_CAN_ActivateNotification  stm32f4xx_hal_can.o
    0x080029e2   0x080029e2   0x00000156   Code   RO         3106    i.HAL_CAN_AddTxMessage  stm32f4xx_hal_can.o
    0x08002b38   0x08002b38   0x00000124   Code   RO         3107    i.HAL_CAN_ConfigFilter  stm32f4xx_hal_can.o
    0x08002c5c   0x08002c5c   0x00000058   Code   RO         1009    i.HAL_CAN_ErrorCallback  bsp_can.o
    0x08002cb4   0x08002cb4   0x0000017a   Code   RO         3113    i.HAL_CAN_GetRxMessage  stm32f4xx_hal_can.o
    0x08002e2e   0x08002e2e   0x00000036   Code   RO         3115    i.HAL_CAN_GetTxMailboxesFreeLevel  stm32f4xx_hal_can.o
    0x08002e64   0x08002e64   0x0000024e   Code   RO         3117    i.HAL_CAN_IRQHandler  stm32f4xx_hal_can.o
    0x080030b2   0x080030b2   0x00000174   Code   RO         3118    i.HAL_CAN_Init      stm32f4xx_hal_can.o
    0x08003226   0x08003226   0x00000002   PAD
    0x08003228   0x08003228   0x00000180   Code   RO          404    i.HAL_CAN_MspInit   can.o
    0x080033a8   0x080033a8   0x00000022   Code   RO         3124    i.HAL_CAN_ResetError  stm32f4xx_hal_can.o
    0x080033ca   0x080033ca   0x00000002   Code   RO         3125    i.HAL_CAN_RxFifo0FullCallback  stm32f4xx_hal_can.o
    0x080033cc   0x080033cc   0x00000054   Code   RO         1010    i.HAL_CAN_RxFifo0MsgPendingCallback  bsp_can.o
    0x08003420   0x08003420   0x00000002   Code   RO         3127    i.HAL_CAN_RxFifo1FullCallback  stm32f4xx_hal_can.o
    0x08003422   0x08003422   0x00000002   Code   RO         3128    i.HAL_CAN_RxFifo1MsgPendingCallback  stm32f4xx_hal_can.o
    0x08003424   0x08003424   0x00000002   Code   RO         3129    i.HAL_CAN_SleepCallback  stm32f4xx_hal_can.o
    0x08003426   0x08003426   0x0000005e   Code   RO         3130    i.HAL_CAN_Start     stm32f4xx_hal_can.o
    0x08003484   0x08003484   0x00000002   Code   RO         3132    i.HAL_CAN_TxMailbox0AbortCallback  stm32f4xx_hal_can.o
    0x08003486   0x08003486   0x00000002   PAD
    0x08003488   0x08003488   0x00000050   Code   RO         1011    i.HAL_CAN_TxMailbox0CompleteCallback  bsp_can.o
    0x080034d8   0x080034d8   0x00000002   Code   RO         3134    i.HAL_CAN_TxMailbox1AbortCallback  stm32f4xx_hal_can.o
    0x080034da   0x080034da   0x00000002   PAD
    0x080034dc   0x080034dc   0x00000050   Code   RO         1012    i.HAL_CAN_TxMailbox1CompleteCallback  bsp_can.o
    0x0800352c   0x0800352c   0x00000002   Code   RO         3136    i.HAL_CAN_TxMailbox2AbortCallback  stm32f4xx_hal_can.o
    0x0800352e   0x0800352e   0x00000002   PAD
    0x08003530   0x08003530   0x00000050   Code   RO         1013    i.HAL_CAN_TxMailbox2CompleteCallback  bsp_can.o
    0x08003580   0x08003580   0x00000002   Code   RO         3139    i.HAL_CAN_WakeUpFromRxMsgCallback  stm32f4xx_hal_can.o
    0x08003582   0x08003582   0x000000ac   Code   RO         3845    i.HAL_DMA_Abort     stm32f4xx_hal_dma.o
    0x0800362e   0x0800362e   0x00000028   Code   RO         3846    i.HAL_DMA_Abort_IT  stm32f4xx_hal_dma.o
    0x08003656   0x08003656   0x00000002   PAD
    0x08003658   0x08003658   0x00000240   Code   RO         3850    i.HAL_DMA_IRQHandler  stm32f4xx_hal_dma.o
    0x08003898   0x08003898   0x000000ec   Code   RO         3851    i.HAL_DMA_Init      stm32f4xx_hal_dma.o
    0x08003984   0x08003984   0x00000028   Code   RO         4269    i.HAL_Delay         stm32f4xx_hal.o
    0x080039ac   0x080039ac   0x000001f4   Code   RO         3738    i.HAL_GPIO_Init     stm32f4xx_hal_gpio.o
    0x08003ba0   0x08003ba0   0x0000000c   Code   RO         3742    i.HAL_GPIO_WritePin  stm32f4xx_hal_gpio.o
    0x08003bac   0x08003bac   0x0000000c   Code   RO         4275    i.HAL_GetTick       stm32f4xx_hal.o
    0x08003bb8   0x08003bb8   0x000001d0   Code   RO         4531    i.HAL_I2C_Init      stm32f4xx_hal_i2c.o
    0x08003d88   0x08003d88   0x00000088   Code   RO          477    i.HAL_I2C_MspInit   i2c.o
    0x08003e10   0x08003e10   0x00000018   Code   RO         4281    i.HAL_IncTick       stm32f4xx_hal.o
    0x08003e28   0x08003e28   0x0000003c   Code   RO         4282    i.HAL_Init          stm32f4xx_hal.o
    0x08003e64   0x08003e64   0x000000b4   Code   RO          862    i.HAL_InitTick      stm32f4xx_hal_timebase_tim.o
    0x08003f18   0x08003f18   0x00000054   Code   RO          838    i.HAL_MspInit       stm32f4xx_hal_msp.o
    0x08003f6c   0x08003f6c   0x00000020   Code   RO         4127    i.HAL_NVIC_EnableIRQ  stm32f4xx_hal_cortex.o
    0x08003f8c   0x08003f8c   0x0000007c   Code   RO         4133    i.HAL_NVIC_SetPriority  stm32f4xx_hal_cortex.o
    0x08004008   0x08004008   0x00000028   Code   RO         4134    i.HAL_NVIC_SetPriorityGrouping  stm32f4xx_hal_cortex.o
    0x08004030   0x08004030   0x00000166   Code   RO         6705    i.HAL_PCD_Init      stm32f4xx_hal_pcd.o
    0x08004196   0x08004196   0x00000002   PAD
    0x08004198   0x08004198   0x00000098   Code   RO          675    i.HAL_PCD_MspInit   usb_otg.o
    0x08004230   0x08004230   0x00000184   Code   RO         3339    i.HAL_RCC_ClockConfig  stm32f4xx_hal_rcc.o
    0x080043b4   0x080043b4   0x00000044   Code   RO         3343    i.HAL_RCC_GetClockConfig  stm32f4xx_hal_rcc.o
    0x080043f8   0x080043f8   0x0000000c   Code   RO         3344    i.HAL_RCC_GetHCLKFreq  stm32f4xx_hal_rcc.o
    0x08004404   0x08004404   0x00000020   Code   RO         3346    i.HAL_RCC_GetPCLK1Freq  stm32f4xx_hal_rcc.o
    0x08004424   0x08004424   0x00000020   Code   RO         3347    i.HAL_RCC_GetPCLK2Freq  stm32f4xx_hal_rcc.o
    0x08004444   0x08004444   0x000000b0   Code   RO         3348    i.HAL_RCC_GetSysClockFreq  stm32f4xx_hal_rcc.o
    0x080044f4   0x080044f4   0x0000049c   Code   RO         3351    i.HAL_RCC_OscConfig  stm32f4xx_hal_rcc.o
    0x08004990   0x08004990   0x000000c8   Code   RO         5021    i.HAL_SPI_Init      stm32f4xx_hal_spi.o
    0x08004a58   0x08004a58   0x00000158   Code   RO          519    i.HAL_SPI_MspInit   spi.o
    0x08004bb0   0x08004bb0   0x0000022a   Code   RO         5030    i.HAL_SPI_TransmitReceive  stm32f4xx_hal_spi.o
    0x08004dda   0x08004dda   0x00000002   Code   RO         6049    i.HAL_TIMEx_BreakCallback  stm32f4xx_hal_tim_ex.o
    0x08004ddc   0x08004ddc   0x00000002   Code   RO         6050    i.HAL_TIMEx_CommutCallback  stm32f4xx_hal_tim_ex.o
    0x08004dde   0x08004dde   0x00000074   Code   RO         6052    i.HAL_TIMEx_ConfigBreakDeadTime  stm32f4xx_hal_tim_ex.o
    0x08004e52   0x08004e52   0x00000002   PAD
    0x08004e54   0x08004e54   0x000000b4   Code   RO         6068    i.HAL_TIMEx_MasterConfigSynchronization  stm32f4xx_hal_tim_ex.o
    0x08004f08   0x08004f08   0x00000066   Code   RO         5334    i.HAL_TIM_Base_Init  stm32f4xx_hal_tim.o
    0x08004f6e   0x08004f6e   0x00000002   PAD
    0x08004f70   0x08004f70   0x00000078   Code   RO          561    i.HAL_TIM_Base_MspInit  tim.o
    0x08004fe8   0x08004fe8   0x0000009c   Code   RO         5337    i.HAL_TIM_Base_Start  stm32f4xx_hal_tim.o
    0x08005084   0x08005084   0x000000a8   Code   RO         5339    i.HAL_TIM_Base_Start_IT  stm32f4xx_hal_tim.o
    0x0800512c   0x0800512c   0x0000010c   Code   RO         5343    i.HAL_TIM_ConfigClockSource  stm32f4xx_hal_tim.o
    0x08005238   0x08005238   0x00000002   Code   RO         5368    i.HAL_TIM_IC_CaptureCallback  stm32f4xx_hal_tim.o
    0x0800523a   0x0800523a   0x00000196   Code   RO         5382    i.HAL_TIM_IRQHandler  stm32f4xx_hal_tim.o
    0x080053d0   0x080053d0   0x000000fc   Code   RO          562    i.HAL_TIM_MspPostInit  tim.o
    0x080054cc   0x080054cc   0x00000002   Code   RO         5385    i.HAL_TIM_OC_DelayElapsedCallback  stm32f4xx_hal_tim.o
    0x080054ce   0x080054ce   0x00000104   Code   RO         5406    i.HAL_TIM_PWM_ConfigChannel  stm32f4xx_hal_tim.o
    0x080055d2   0x080055d2   0x00000066   Code   RO         5409    i.HAL_TIM_PWM_Init  stm32f4xx_hal_tim.o
    0x08005638   0x08005638   0x00000048   Code   RO          564    i.HAL_TIM_PWM_MspInit  tim.o
    0x08005680   0x08005680   0x00000002   Code   RO         5412    i.HAL_TIM_PWM_PulseFinishedCallback  stm32f4xx_hal_tim.o
    0x08005682   0x08005682   0x00000002   PAD
    0x08005684   0x08005684   0x0000010c   Code   RO         5414    i.HAL_TIM_PWM_Start  stm32f4xx_hal_tim.o
    0x08005790   0x08005790   0x00000012   Code   RO           14    i.HAL_TIM_PeriodElapsedCallback  main.o
    0x080057a2   0x080057a2   0x00000002   Code   RO         5425    i.HAL_TIM_TriggerCallback  stm32f4xx_hal_tim.o
    0x080057a4   0x080057a4   0x00000002   Code   RO         6327    i.HAL_UARTEx_RxEventCallback  stm32f4xx_hal_uart.o
    0x080057a6   0x080057a6   0x00000002   Code   RO         6341    i.HAL_UART_ErrorCallback  stm32f4xx_hal_uart.o
    0x080057a8   0x080057a8   0x000002e0   Code   RO         6344    i.HAL_UART_IRQHandler  stm32f4xx_hal_uart.o
    0x08005a88   0x08005a88   0x00000072   Code   RO         6345    i.HAL_UART_Init     stm32f4xx_hal_uart.o
    0x08005afa   0x08005afa   0x00000002   PAD
    0x08005afc   0x08005afc   0x000000e0   Code   RO          633    i.HAL_UART_MspInit  usart.o
    0x08005bdc   0x08005bdc   0x00000002   Code   RO         6351    i.HAL_UART_RxCpltCallback  stm32f4xx_hal_uart.o
    0x08005bde   0x08005bde   0x00000002   Code   RO         6356    i.HAL_UART_TxCpltCallback  stm32f4xx_hal_uart.o
    0x08005be0   0x08005be0   0x00000130   Code   RO         2818    i.H_K_R_Adjustment  kalman_filter.o
    0x08005d10   0x08005d10   0x00000004   Code   RO          725    i.HardFault_Handler  stm32f4xx_it.o
    0x08005d14   0x08005d14   0x00000374   Code   RO         2032    i.IMU_Param_Correction  imu_task.o
    0x08006088   0x08006088   0x00000120   Code   RO         2898    i.IMU_QuaternionEKF_Init  quaternionekf.o
    0x080061a8   0x080061a8   0x00000034   Code   RO         2899    i.IMU_QuaternionEKF_Observe  quaternionekf.o
    0x080061dc   0x080061dc   0x00000128   Code   RO         2900    i.IMU_QuaternionEKF_SetH  quaternionekf.o
    0x08006304   0x08006304   0x00000634   Code   RO         2901    i.IMU_QuaternionEKF_Update  quaternionekf.o
    0x08006938   0x08006938   0x00000240   Code   RO         2902    i.IMU_QuaternionEKF_User_Func1  quaternionekf.o
    0x08006b78   0x08006b78   0x00000520   Code   RO         2903    i.IMU_QuaternionEKF_xhatUpdate  quaternionekf.o
    0x08007098   0x08007098   0x00000074   Code   RO         2033    i.IMU_Temperature_Ctrl  imu_task.o
    0x0800710c   0x0800710c   0x000000c8   Code   RO         2034    i.INS_Init          imu_task.o
    0x080071d4   0x080071d4   0x00000274   Code   RO         2035    i.INS_Task          imu_task.o
    0x08007448   0x08007448   0x0000070c   Code   RO         2819    i.Kalman_Filter_Init  kalman_filter.o
    0x08007b54   0x08007b54   0x00000050   Code   RO         2820    i.Kalman_Filter_Measure  kalman_filter.o
    0x08007ba4   0x08007ba4   0x00000068   Code   RO         2821    i.Kalman_Filter_P_Update  kalman_filter.o
    0x08007c0c   0x08007c0c   0x00000068   Code   RO         2822    i.Kalman_Filter_PminusUpdate  kalman_filter.o
    0x08007c74   0x08007c74   0x000000d2   Code   RO         2823    i.Kalman_Filter_SetK  kalman_filter.o
    0x08007d46   0x08007d46   0x00000002   PAD
    0x08007d48   0x08007d48   0x00000128   Code   RO         2824    i.Kalman_Filter_Update  kalman_filter.o
    0x08007e70   0x08007e70   0x0000007c   Code   RO         2825    i.Kalman_Filter_xhatMinusUpdate  kalman_filter.o
    0x08007eec   0x08007eec   0x00000086   Code   RO         2826    i.Kalman_Filter_xhatUpdate  kalman_filter.o
    0x08007f72   0x08007f72   0x00000002   PAD
    0x08007f74   0x08007f74   0x00000020   Code   RO         1777    i.KeyBoard_Prepare  gimbal_fsm.o
    0x08007f94   0x08007f94   0x00000002   Code   RO         1778    i.KeyBoard_State    gimbal_fsm.o
    0x08007f96   0x08007f96   0x00000002   PAD
    0x08007f98   0x08007f98   0x00000030   Code   RO         1779    i.KeyBoard_bhv      gimbal_fsm.o
    0x08007fc8   0x08007fc8   0x000001e0   Code   RO         1455    i.Key_Mouse_Deal    remotedeal.o
    0x080081a8   0x080081a8   0x00000020   Code   RO         1780    i.Lift_Prepare      gimbal_fsm.o
    0x080081c8   0x080081c8   0x00000014   Code   RO         1781    i.Lift_State        gimbal_fsm.o
    0x080081dc   0x080081dc   0x00000024   Code   RO         1782    i.Lift_bhv          gimbal_fsm.o
    0x08008200   0x08008200   0x00000044   Code   RO          405    i.MX_CAN1_Init      can.o
    0x08008244   0x08008244   0x00000048   Code   RO          406    i.MX_CAN2_Init      can.o
    0x0800828c   0x0800828c   0x00000078   Code   RO          452    i.MX_DMA_Init       dma.o
    0x08008304   0x08008304   0x000000b4   Code   RO          344    i.MX_FREERTOS_Init  freertos.o
    0x080083b8   0x080083b8   0x000001dc   Code   RO          320    i.MX_GPIO_Init      gpio.o
    0x08008594   0x08008594   0x0000003c   Code   RO          478    i.MX_I2C2_Init      i2c.o
    0x080085d0   0x080085d0   0x00000048   Code   RO          520    i.MX_SPI1_Init      spi.o
    0x08008618   0x08008618   0x00000070   Code   RO          565    i.MX_TIM10_Init     tim.o
    0x08008688   0x08008688   0x000000b4   Code   RO          566    i.MX_TIM1_Init      tim.o
    0x0800873c   0x0800873c   0x000000a4   Code   RO          567    i.MX_TIM4_Init      tim.o
    0x080087e0   0x080087e0   0x0000003c   Code   RO          634    i.MX_USART3_UART_Init  usart.o
    0x0800881c   0x0800881c   0x00000038   Code   RO          676    i.MX_USB_OTG_FS_PCD_Init  usb_otg.o
    0x08008854   0x08008854   0x00000004   Code   RO          726    i.MemManage_Handler  stm32f4xx_it.o
    0x08008858   0x08008858   0x00000120   Code   RO         1563    i.MotorDataDeal     gimbalmotor.o
    0x08008978   0x08008978   0x00000004   Code   RO          727    i.NMI_Handler       stm32f4xx_it.o
    0x0800897c   0x0800897c   0x00000002   Code   RO         1786    i.Offline_Prepare   gimbal_fsm.o
    0x0800897e   0x0800897e   0x00000002   PAD
    0x08008980   0x08008980   0x00000014   Code   RO         1787    i.Offline_State     gimbal_fsm.o
    0x08008994   0x08008994   0x000001b8   Code   RO         2480    i.PidCalculate      pid.o
    0x08008b4c   0x08008b4c   0x0000003e   Code   RO         2481    i.PidInit           pid.o
    0x08008b8a   0x08008b8a   0x0000008a   Code   RO         2482    i.PidInitMode       pid.o
    0x08008c14   0x08008c14   0x00000014   Code   RO         1788    i.PowerOff_bhv      gimbal_fsm.o
    0x08008c28   0x08008c28   0x0000008c   Code   RO          903    i.RC_Check_Data_IS_ERROR  bsp_dr16.o
    0x08008cb4   0x08008cb4   0x000000d6   Code   RO          904    i.RC_DataProcess    bsp_dr16.o
    0x08008d8a   0x08008d8a   0x00000002   PAD
    0x08008d8c   0x08008d8c   0x00000024   Code   RO          905    i.RC_DataReload     bsp_dr16.o
    0x08008db0   0x08008db0   0x00000008   Code   RO          906    i.RC_Get_RC_Pointer  bsp_dr16.o
    0x08008db8   0x08008db8   0x00000088   Code   RO          907    i.RC_Init           bsp_dr16.o
    0x08008e40   0x08008e40   0x00000110   Code   RO          909    i.RC_UART_IRQHandler  bsp_dr16.o
    0x08008f50   0x08008f50   0x00000010   Code   RO          910    i.RC_abs            bsp_dr16.o
    0x08008f60   0x08008f60   0x00000060   Code   RO         1456    i.Rc_Deal           remotedeal.o
    0x08008fc0   0x08008fc0   0x00000034   Code   RO         1457    i.Remote_Data_Deal  remotedeal.o
    0x08008ff4   0x08008ff4   0x00000074   Code   RO         1458    i.Remote_Data_Init  remotedeal.o
    0x08009068   0x08009068   0x00000014   Code   RO         1459    i.Remote_Data_Zero  remotedeal.o
    0x0800907c   0x0800907c   0x0000001a   Code   RO         1694    i.Remote_Task       remote_task.o
    0x08009096   0x08009096   0x00000002   PAD
    0x08009098   0x08009098   0x00000008   Code   RO         1789    i.Return_Gimbal_FSM  gimbal_fsm.o
    0x080090a0   0x080090a0   0x00000008   Code   RO         1564    i.Return_Grasp_t_Pointer  gimbalmotor.o
    0x080090a8   0x080090a8   0x00000008   Code   RO         1460    i.Return_RemoteDeal_Point  remotedeal.o
    0x080090b0   0x080090b0   0x0000006c   Code   RO         5059    i.SPI_EndRxTxTransaction  stm32f4xx_hal_spi.o
    0x0800911c   0x0800911c   0x000000d8   Code   RO         5064    i.SPI_WaitFlagStateUntilTimeout  stm32f4xx_hal_spi.o
    0x080091f4   0x080091f4   0x0000000a   Code   RO          345    i.StartDefaultTask  freertos.o
    0x080091fe   0x080091fe   0x0000000e   Code   RO         1750    i.StateChange       fsm.o
    0x0800920c   0x0800920c   0x00000034   Code   RO         8534    i.SysTick_Handler   port.o
    0x08009240   0x08009240   0x00000034   Code   RO         1647    i.Sys_Init          sysinit.o
    0x08009274   0x08009274   0x000000b4   Code   RO           15    i.SystemClock_Config  main.o
    0x08009328   0x08009328   0x00000014   Code   RO         7280    i.SystemInit        system_stm32f4xx.o
    0x0800933c   0x0800933c   0x00000018   Code   RO          728    i.TIM1_UP_TIM10_IRQHandler  stm32f4xx_it.o
    0x08009354   0x08009354   0x00000010   Code   RO          729    i.TIM2_IRQHandler   stm32f4xx_it.o
    0x08009364   0x08009364   0x000000d8   Code   RO         5427    i.TIM_Base_SetConfig  stm32f4xx_hal_tim.o
    0x0800943c   0x0800943c   0x00000022   Code   RO         5428    i.TIM_CCxChannelCmd  stm32f4xx_hal_tim.o
    0x0800945e   0x0800945e   0x00000016   Code   RO         5438    i.TIM_ETR_SetConfig  stm32f4xx_hal_tim.o
    0x08009474   0x08009474   0x00000012   Code   RO         5439    i.TIM_ITRx_SetConfig  stm32f4xx_hal_tim.o
    0x08009486   0x08009486   0x00000002   PAD
    0x08009488   0x08009488   0x00000070   Code   RO         5440    i.TIM_OC1_SetConfig  stm32f4xx_hal_tim.o
    0x080094f8   0x080094f8   0x0000007c   Code   RO         5441    i.TIM_OC2_SetConfig  stm32f4xx_hal_tim.o
    0x08009574   0x08009574   0x00000078   Code   RO         5442    i.TIM_OC3_SetConfig  stm32f4xx_hal_tim.o
    0x080095ec   0x080095ec   0x00000054   Code   RO         5443    i.TIM_OC4_SetConfig  stm32f4xx_hal_tim.o
    0x08009640   0x08009640   0x0000003a   Code   RO         2791    i.TIM_Set_PWM       bsp_pwm_1.o
    0x0800967a   0x0800967a   0x00000026   Code   RO         5445    i.TIM_TI1_ConfigInputStage  stm32f4xx_hal_tim.o
    0x080096a0   0x080096a0   0x00000028   Code   RO         5447    i.TIM_TI2_ConfigInputStage  stm32f4xx_hal_tim.o
    0x080096c8   0x080096c8   0x00000034   Code   RO         1565    i.Three_Degrees_Arms_Init  gimbalmotor.o
    0x080096fc   0x080096fc   0x00000014   Code   RO         6358    i.UART_DMAAbortOnError  stm32f4xx_hal_uart.o
    0x08009710   0x08009710   0x0000006c   Code   RO         6368    i.UART_EndRxTransfer  stm32f4xx_hal_uart.o
    0x0800977c   0x0800977c   0x00000020   Code   RO         6369    i.UART_EndTransmit_IT  stm32f4xx_hal_uart.o
    0x0800979c   0x0800979c   0x000000f8   Code   RO         6371    i.UART_Receive_IT   stm32f4xx_hal_uart.o
    0x08009894   0x08009894   0x0000022c   Code   RO         6372    i.UART_SetConfig    stm32f4xx_hal_uart.o
    0x08009ac0   0x08009ac0   0x00000060   Code   RO         6375    i.UART_Transmit_IT  stm32f4xx_hal_uart.o
    0x08009b20   0x08009b20   0x00000014   Code   RO          730    i.USART3_IRQHandler  stm32f4xx_it.o
    0x08009b34   0x08009b34   0x00000084   Code   RO         6973    i.USB_CoreInit      stm32f4xx_ll_usb.o
    0x08009bb8   0x08009bb8   0x00000058   Code   RO         6974    i.USB_CoreReset     stm32f4xx_ll_usb.o
    0x08009c10   0x08009c10   0x00000024   Code   RO         6979    i.USB_DevDisconnect  stm32f4xx_ll_usb.o
    0x08009c34   0x08009c34   0x000001e0   Code   RO         6980    i.USB_DevInit       stm32f4xx_ll_usb.o
    0x08009e14   0x08009e14   0x0000000e   Code   RO         6981    i.USB_DisableGlobalInt  stm32f4xx_ll_usb.o
    0x08009e22   0x08009e22   0x00000002   PAD
    0x08009e24   0x08009e24   0x00000054   Code   RO         6991    i.USB_FlushRxFifo   stm32f4xx_ll_usb.o
    0x08009e78   0x08009e78   0x00000058   Code   RO         6992    i.USB_FlushTxFifo   stm32f4xx_ll_usb.o
    0x08009ed0   0x08009ed0   0x0000000a   Code   RO         6996    i.USB_GetMode       stm32f4xx_ll_usb.o
    0x08009eda   0x08009eda   0x00000068   Code   RO         7010    i.USB_SetCurrentMode  stm32f4xx_ll_usb.o
    0x08009f42   0x08009f42   0x00000012   Code   RO         7012    i.USB_SetDevSpeed   stm32f4xx_ll_usb.o
    0x08009f54   0x08009f54   0x00000004   Code   RO          731    i.UsageFault_Handler  stm32f4xx_it.o
    0x08009f58   0x08009f58   0x00000026   Code   RO         9032    i.__ARM_fpclassifyf  m_wm.l(fpclassifyf.o)
    0x08009f7e   0x08009f7e   0x00000002   PAD
    0x08009f80   0x08009f80   0x00000010   Code   RO         4140    i.__NVIC_GetPriorityGrouping  stm32f4xx_hal_cortex.o
    0x08009f90   0x08009f90   0x00000028   Code   RO         4141    i.__NVIC_SetPriority  stm32f4xx_hal_cortex.o
    0x08009fb8   0x08009fb8   0x00000118   Code   RO         8888    i.__hardfp_acosf    m_wm.l(acosf.o)
    0x0800a0d0   0x0800a0d0   0x0000012c   Code   RO         8900    i.__hardfp_asinf    m_wm.l(asinf.o)
    0x0800a1fc   0x0800a1fc   0x000002ac   Code   RO         8912    i.__hardfp_atan2f   m_wm.l(atan2f.o)
    0x0800a4a8   0x0800a4a8   0x00000006   Code   RO         9035    i.__mathlib_flt_infnan  m_wm.l(funder.o)
    0x0800a4ae   0x0800a4ae   0x00000006   Code   RO         9036    i.__mathlib_flt_infnan2  m_wm.l(funder.o)
    0x0800a4b4   0x0800a4b4   0x00000010   Code   RO         9037    i.__mathlib_flt_invalid  m_wm.l(funder.o)
    0x0800a4c4   0x0800a4c4   0x00000010   Code   RO         9040    i.__mathlib_flt_underflow  m_wm.l(funder.o)
    0x0800a4d4   0x0800a4d4   0x00000020   Code   RO         1207    i.angle_limiting_int32  bsp_motor_encoder.o
    0x0800a4f4   0x0800a4f4   0x0000007e   Code   RO         1014    i.can_tx_mailbox_complete_hanle  bsp_can.o
    0x0800a572   0x0800a572   0x00000002   PAD
    0x0800a574   0x0800a574   0x00000124   Code   RO         1947    i.detect_hook       detect_task.o
    0x0800a698   0x0800a698   0x00000174   Code   RO         1948    i.detect_init       detect_task.o
    0x0800a80c   0x0800a80c   0x00000074   Code   RO         2484    i.f_Derivative_On_Measurement  pid.o
    0x0800a880   0x0800a880   0x00000046   Code   RO         2485    i.f_Integral_Limit  pid.o
    0x0800a8c6   0x0800a8c6   0x00000046   Code   RO         2486    i.f_Output_Limit    pid.o
    0x0800a90c   0x0800a90c   0x0000003c   Code   RO         2487    i.f_Separated_Integral  pid.o
    0x0800a948   0x0800a948   0x000000cc   Code   RO         2488    i.f_StepIn          pid.o
    0x0800aa14   0x0800aa14   0x0000005a   Code   RO         2134    i.fifo_get          fifo.o
    0x0800aa6e   0x0800aa6e   0x0000003e   Code   RO         2135    i.fifo_get_noprotect  fifo.o
    0x0800aaac   0x0800aaac   0x00000022   Code   RO         2136    i.fifo_init         fifo.o
    0x0800aace   0x0800aace   0x0000000e   Code   RO         2137    i.fifo_is_empty     fifo.o
    0x0800aadc   0x0800aadc   0x0000000e   Code   RO         2138    i.fifo_is_full      fifo.o
    0x0800aaea   0x0800aaea   0x0000005a   Code   RO         2140    i.fifo_put          fifo.o
    0x0800ab44   0x0800ab44   0x00000042   Code   RO         2330    i.first_order_filter  filter.o
    0x0800ab86   0x0800ab86   0x00000042   Code   RO         2489    i.first_order_filter  pid.o
    0x0800abc8   0x0800abc8   0x00000030   Code   RO         2331    i.first_order_filter_init  filter.o
    0x0800abf8   0x0800abf8   0x0000002a   Code   RO         2974    i.float_constrain   user_lib.o
    0x0800ac22   0x0800ac22   0x00000002   PAD
    0x0800ac24   0x0800ac24   0x00000048   Code   RO         2976    i.float_rounding    user_lib.o
    0x0800ac6c   0x0800ac6c   0x00000012   Code   RO         2039    i.imu_Task          imu_task.o
    0x0800ac7e   0x0800ac7e   0x00000002   PAD
    0x0800ac80   0x0800ac80   0x0000003c   Code   RO         2904    i.invSqrt           quaternionekf.o
    0x0800acbc   0x0800acbc   0x00000044   Code   RO           16    i.main              main.o
    0x0800ad00   0x0800ad00   0x0000000e   Code   RO         8099    i.makeFreeRtosPriority  cmsis_os.o
    0x0800ad0e   0x0800ad0e   0x0000004a   Code   RO         2490    i.motor_position_speed_control  pid.o
    0x0800ad58   0x0800ad58   0x00000018   Code   RO         8101    i.osDelay           cmsis_os.o
    0x0800ad70   0x0800ad70   0x0000000a   Code   RO         8104    i.osKernelStart     cmsis_os.o
    0x0800ad7a   0x0800ad7a   0x0000005e   Code   RO         8138    i.osThreadCreate    cmsis_os.o
    0x0800add8   0x0800add8   0x00000050   Code   RO         2492    i.pid_clear         pid.o
    0x0800ae28   0x0800ae28   0x00000098   Code   RO         7770    i.prvAddCurrentTaskToDelayedList  tasks.o
    0x0800aec0   0x0800aec0   0x000000b4   Code   RO         7771    i.prvAddNewTaskToReadyList  tasks.o
    0x0800af74   0x0800af74   0x00000048   Code   RO         7772    i.prvCheckTasksWaitingTermination  tasks.o
    0x0800afbc   0x0800afbc   0x00000050   Code   RO         7773    i.prvDeleteTCB      tasks.o
    0x0800b00c   0x0800b00c   0x0000007c   Code   RO         8466    i.prvHeapInit       heap_4.o
    0x0800b088   0x0800b088   0x00000028   Code   RO         7774    i.prvIdleTask       tasks.o
    0x0800b0b0   0x0800b0b0   0x000000b4   Code   RO         7775    i.prvInitialiseNewTask  tasks.o
    0x0800b164   0x0800b164   0x00000068   Code   RO         7776    i.prvInitialiseTaskLists  tasks.o
    0x0800b1cc   0x0800b1cc   0x00000068   Code   RO         8467    i.prvInsertBlockIntoFreeList  heap_4.o
    0x0800b234   0x0800b234   0x00000034   Code   RO         7777    i.prvResetNextTaskUnblockTime  tasks.o
    0x0800b268   0x0800b268   0x00000040   Code   RO         8535    i.prvTaskExitError  port.o
    0x0800b2a8   0x0800b2a8   0x0000014c   Code   RO         8468    i.pvPortMalloc      heap_4.o
    0x0800b3f4   0x0800b3f4   0x0000002c   Code   RO         8536    i.pxPortInitialiseStack  port.o
    0x0800b420   0x0800b420   0x00000014   Code   RO          912    i.rc_lost_time_refresh  bsp_dr16.o
    0x0800b434   0x0800b434   0x0000003e   Code   RO         8932    i.sqrtf             m_wm.l(sqrtf.o)
    0x0800b472   0x0800b472   0x00000028   Code   RO         7408    i.uxListRemove      list.o
    0x0800b49a   0x0800b49a   0x00000002   PAD
    0x0800b49c   0x0800b49c   0x00000018   Code   RO          346    i.vApplicationGetIdleTaskMemory  freertos.o
    0x0800b4b4   0x0800b4b4   0x00000002   Code   RO          347    i.vApplicationStackOverflowHook  freertos.o
    0x0800b4b6   0x0800b4b6   0x0000001a   Code   RO         7409    i.vListInitialise   list.o
    0x0800b4d0   0x0800b4d0   0x00000006   Code   RO         7410    i.vListInitialiseItem  list.o
    0x0800b4d6   0x0800b4d6   0x00000034   Code   RO         7411    i.vListInsert       list.o
    0x0800b50a   0x0800b50a   0x00000018   Code   RO         7412    i.vListInsertEnd    list.o
    0x0800b522   0x0800b522   0x00000002   PAD
    0x0800b524   0x0800b524   0x00000054   Code   RO         8538    i.vPortEnterCritical  port.o
    0x0800b578   0x0800b578   0x0000003c   Code   RO         8539    i.vPortExitCritical  port.o
    0x0800b5b4   0x0800b5b4   0x000000a4   Code   RO         8469    i.vPortFree         heap_4.o
    0x0800b658   0x0800b658   0x00000028   Code   RO         8540    i.vPortSetupTimerInterrupt  port.o
    0x0800b680   0x0800b680   0x0000005c   Code   RO         7786    i.vTaskDelay        tasks.o
    0x0800b6dc   0x0800b6dc   0x000000b0   Code   RO         7799    i.vTaskStartScheduler  tasks.o
    0x0800b78c   0x0800b78c   0x00000010   Code   RO         7801    i.vTaskSuspendAll   tasks.o
    0x0800b79c   0x0800b79c   0x000000a8   Code   RO         7802    i.vTaskSwitchContext  tasks.o
    0x0800b844   0x0800b844   0x00000168   Code   RO         8542    i.xPortStartScheduler  port.o
    0x0800b9ac   0x0800b9ac   0x00000064   Code   RO         7805    i.xTaskCreate       tasks.o
    0x0800ba10   0x0800ba10   0x000000ba   Code   RO         7806    i.xTaskCreateStatic  tasks.o
    0x0800baca   0x0800baca   0x00000002   PAD
    0x0800bacc   0x0800bacc   0x0000000c   Code   RO         7811    i.xTaskGetTickCount  tasks.o
    0x0800bad8   0x0800bad8   0x00000148   Code   RO         7813    i.xTaskIncrementTick  tasks.o
    0x0800bc20   0x0800bc20   0x00000104   Code   RO         7819    i.xTaskResumeAll    tasks.o
    0x0800bd24   0x0800bd24   0x0000000a   Code   RO         9099    x$fpl$fpinit        fz_wm.l(fpinit.o)
    0x0800bd2e   0x0800bd2e   0x00000000   Code   RO         9031    x$fpl$usenofp       fz_wm.l(usenofp.o)
    0x0800bd2e   0x0800bd2e   0x00000002   PAD
    0x0800bd30   0x0800bd30   0x000000a8   Data   RO          349    .constdata          freertos.o
    0x0800bdd8   0x0800bdd8   0x000000a8   Data   RO         1567    .constdata          gimbalmotor.o
    0x0800be80   0x0800be80   0x0000001e   Data   RO         1952    .constdata          detect_task.o
    0x0800be9e   0x0800be9e   0x00000002   PAD
    0x0800bea0   0x0800bea0   0x00000030   Data   RO         2041    .constdata          imu_task.o
    0x0800bed0   0x0800bed0   0x00000090   Data   RO         2906    .constdata          quaternionekf.o
    0x0800bf60   0x0800bf60   0x00000008   Data   RO         3857    .constdata          stm32f4xx_hal_dma.o
    0x0800bf68   0x0800bf68   0x00000018   Data   RO         7281    .constdata          system_stm32f4xx.o
    0x0800bf80   0x0800bf80   0x0000004c   Data   RO          350    .conststring        freertos.o
    0x0800bfcc   0x0800bfcc   0x00000804   Data   RO         8786    .rodata.sinTable_f32  arm_cortexM4lf_math.lib(arm_common_tables.o)
    0x0800c7d0   0x0800c7d0   0x00000020   Data   RO         9322    Region$$Table       anon$$obj.o


    Execution Region RW_IRAM1 (Exec base: 0x20000000, Load base: 0x0800c7f0, Size: 0x0000bde0, Max: 0x00020000, ABSOLUTE, COMPRESSED[0x00000064])

    Exec Addr    Load Addr    Size         Type   Attr      Idx    E Section Name        Object

    0x20000000   COMPRESSED   0x00000018   Data   RW          351    .data               freertos.o
    0x20000018   COMPRESSED   0x00000004   Data   RW          408    .data               can.o
    0x2000001c   COMPRESSED   0x00000006   Data   RW          914    .data               bsp_dr16.o
    0x20000022   COMPRESSED   0x00000012   Data   RW         1016    .data               bsp_can.o
    0x20000034   COMPRESSED   0x00000010   Data   RW         1512    .data               boardcommuni.o
    0x20000044   COMPRESSED   0x00000005   Data   RW         1953    .data               detect_task.o
    0x20000049   COMPRESSED   0x00000003   PAD
    0x2000004c   COMPRESSED   0x00000048   Data   RW         2042    .data               imu_task.o
    0x20000094   COMPRESSED   0x00000040   Data   RW         2584    .data               bmi088driver.o
    0x200000d4   COMPRESSED   0x00000004   Data   RW         2665    .data               bmi088middleware.o
    0x200000d8   COMPRESSED   0x00000040   Data   RW         2723    .data               bsp_dwt.o
    0x20000118   COMPRESSED   0x00000004   Data   RW         2827    .data               kalman_filter.o
    0x2000011c   COMPRESSED   0x000000d4   Data   RW         2907    .data               quaternionekf.o
    0x200001f0   COMPRESSED   0x00000018   Data   RW         2984    .data               user_lib.o
    0x20000208   COMPRESSED   0x00000009   Data   RW         4289    .data               stm32f4xx_hal.o
    0x20000211   COMPRESSED   0x00000003   PAD
    0x20000214   COMPRESSED   0x00000004   Data   RW         7282    .data               system_stm32f4xx.o
    0x20000218   COMPRESSED   0x0000003c   Data   RW         7822    .data               tasks.o
    0x20000254   COMPRESSED   0x00000020   Data   RW         8475    .data               heap_4.o
    0x20000274   COMPRESSED   0x0000000c   Data   RW         8543    .data               port.o
    0x20000280        -       0x00000254   Zero   RW          348    .bss                freertos.o
    0x200004d4        -       0x00000050   Zero   RW          407    .bss                can.o
    0x20000524        -       0x00000054   Zero   RW          479    .bss                i2c.o
    0x20000578        -       0x00000118   Zero   RW          521    .bss                spi.o
    0x20000690        -       0x000000d8   Zero   RW          568    .bss                tim.o
    0x20000768        -       0x000000a4   Zero   RW          635    .bss                usart.o
    0x2000080c        -       0x0000050c   Zero   RW          677    .bss                usb_otg.o
    0x20000d18        -       0x00000048   Zero   RW          865    .bss                stm32f4xx_hal_timebase_tim.o
    0x20000d60        -       0x00000068   Zero   RW          913    .bss                bsp_dr16.o
    0x20000dc8        -       0x00002060   Zero   RW         1015    .bss                bsp_can.o
    0x20002e28        -       0x00000280   Zero   RW         1209    .bss                bsp_motor_encoder.o
    0x200030a8        -       0x00000065   Zero   RW         1461    .bss                remotedeal.o
    0x2000310d   COMPRESSED   0x00000003   PAD
    0x20003110        -       0x00000a08   Zero   RW         1566    .bss                gimbalmotor.o
    0x20003b18        -       0x000000b8   Zero   RW         1790    .bss                gimbal_fsm.o
    0x20003bd0        -       0x000000d8   Zero   RW         1951    .bss                detect_task.o
    0x20003ca8        -       0x00000010   Zero   RW         1998    .bss                gimbal_task.o
    0x20003cb8        -       0x0000012c   Zero   RW         2040    .bss                imu_task.o
    0x20003de4        -       0x00000040   Zero   RW         2583    .bss                bmi088driver.o
    0x20003e24   COMPRESSED   0x00000004   PAD
    0x20003e28        -       0x00000268   Zero   RW         2905    .bss                quaternionekf.o
    0x20004090        -       0x000000f0   Zero   RW         7821    .bss                tasks.o
    0x20004180        -       0x00003c00   Zero   RW         8474    .bss                heap_4.o
    0x20007d80        -       0x00000060   Zero   RW         9051    .bss                c_w.l(libspace.o)
    0x20007de0        -       0x00003000   Zero   RW            2    HEAP                startup_stm32f407xx.o
    0x2000ade0        -       0x00001000   Zero   RW            1    STACK               startup_stm32f407xx.o


==============================================================================

Image component sizes


      Code (inc. data)   RO Data    RW Data    ZI Data      Debug   Object Name

       674         16          0         64         64       6744   bmi088driver.o
       116         30          0          4          0       3348   bmi088middleware.o
       196         16          0         16          0       5034   boardcommuni.o
        14          0          0          0          0        584   boardcommuni_task.o
      1242        138          0         18       8288      16343   bsp_can.o
       886         46          0          6        104       6897   bsp_dr16.o
       228         50          0         64          0       3398   bsp_dwt.o
       462         10          0          0        640       6574   bsp_motor_encoder.o
        56          0          0          0          0       1155   bsp_pwm.o
        58          0          0          0          0        930   bsp_pwm_1.o
       524         44          0          4         80       2654   can.o
       142          0          0          0          0      23319   cmsis_os.o
      1300         40         30          5        216       2925   detect_task.o
       120          6          0          0          0        898   dma.o
         0          0          0          0          0      14524   event_groups.o
       304          0          0          0          0       4610   fifo.o
       114          4          0          0          0       3383   filter.o
       216         40        244         24        596       8325   freertos.o
       102          0          0          0          0       2249   fsm.o
       600        140          0          0        184      31046   gimbal_fsm.o
       104         16          0          0         16       1810   gimbal_task.o
      1834         80        168          0       2568       6506   gimbalmotor.o
       476         30          0          0          0       1307   gpio.o
       724         74          0         32      15360       7687   heap_4.o
       196         24          0          0         84       1813   i2c.o
      2538        186         48         72        300       7283   imu_task.o
      3160         26          0          4          0       9151   kalman_filter.o
       148          0          0          0          0       3798   list.o
       272         10          0          0          0     779495   main.o
      1584         30          0          0          0       8426   pid.o
       894         78          0         12          0      11572   port.o
      4172        232        144        212        616      10435   quaternionekf.o
        26          0          0          0          0        566   remote_task.o
       772         36          0          0        101       4101   remotedeal.o
       416         38          0          0        280       2087   spi.o
        64         26        392          0      16384        884   startup_stm32f407xx.o
       136         24          0          9          0       8990   stm32f4xx_hal.o
      2214          6          0          0          0      14031   stm32f4xx_hal_can.o
       252         22          0          0          0      33906   stm32f4xx_hal_cortex.o
      1246         16          8          0          0       5639   stm32f4xx_hal_dma.o
       512         46          0          0          0       2228   stm32f4xx_hal_gpio.o
       464         18          0          0          0       2147   stm32f4xx_hal_i2c.o
        84          6          0          0          0        938   stm32f4xx_hal_msp.o
       358          0          0          0          0       1503   stm32f4xx_hal_pcd.o
      1888         94          0          0          0       6577   stm32f4xx_hal_rcc.o
      1078         14          0          0          0       4857   stm32f4xx_hal_spi.o
      2546        172          0          0          0      17463   stm32f4xx_hal_tim.o
       300         30          0          0          0       3509   stm32f4xx_hal_tim_ex.o
       180         18          0          0         72       1583   stm32f4xx_hal_timebase_tim.o
      1918         14          0          0          0      10044   stm32f4xx_hal_uart.o
       194         62          0          0          0       8446   stm32f4xx_it.o
      1054         24          0          0          0       8033   stm32f4xx_ll_usb.o
        52          4          0          0          0       3019   sysinit.o
        20          6         24          4          0       1247   system_stm32f4xx.o
      2198        274          0         60        240      21793   tasks.o
       900         82          0          0        216       4878   tim.o
       284         32          0          0        164       1953   usart.o
       208         12          0          0       1292       1897   usb_otg.o
       114         10          0         24          0       6012   user_lib.o

    ----------------------------------------------------------------------
     42994       2452       1092        640      47872    1172554   Object Totals
         0          0         32          0          0          0   (incl. Generated)
        60          0          2          6          7          0   (incl. Padding)

    ----------------------------------------------------------------------

      Code (inc. data)   RO Data    RW Data    ZI Data      Debug   Library Member Name

         0          0       2052          0          0       4961   arm_common_tables.o
       160         12          0          0          0       1103   arm_cos_f32.o
       190          0          0          0          0       1722   arm_mat_add_f32.o
         8          0          0          0          0        841   arm_mat_init_f32.o
       720          4          0          0          0       3422   arm_mat_inverse_f32.o
       316          4          0          0          0       2322   arm_mat_mult_f32.o
       190          0          0          0          0       1722   arm_mat_sub_f32.o
       178          0          0          0          0       1815   arm_mat_trans_f32.o
       140          4          0          0          0       1080   arm_power_f32.o
       152         12          0          0          0       1098   arm_sin_f32.o
        90          0          0          0          0          0   __dczerorl2.o
         8          0          0          0          0         68   __main.o
         0          0          0          0          0          0   __rtentry.o
        12          0          0          0          0          0   __rtentry2.o
         6          0          0          0          0          0   __rtentry4.o
        52          8          0          0          0          0   __scatter.o
        28          0          0          0          0          0   __scatter_zi.o
        22          0          0          0          0        100   _rserrno.o
        10          0          0          0          0         68   defsig_exit.o
        50          0          0          0          0         88   defsig_general.o
        80         58          0          0          0         76   defsig_rtmem_inner.o
        14          0          0          0          0         80   defsig_rtmem_outer.o
        18          0          0          0          0         80   exit.o
        94          0          0          0          0         80   h1_alloc.o
        52          0          0          0          0         68   h1_extend.o
        78          0          0          0          0         80   h1_free.o
        14          0          0          0          0         84   h1_init.o
         6          0          0          0          0        152   heapauxi.o
         4          0          0          0          0        136   hguard.o
         0          0          0          0          0          0   indicate_semi.o
       138          0          0          0          0        168   init_alloc.o
         2          0          0          0          0          0   libinit.o
        14          0          0          0          0          0   libinit2.o
         2          0          0          0          0          0   libshutdown.o
         2          0          0          0          0          0   libshutdown2.o
         8          4          0          0         96         68   libspace.o
       238          0          0          0          0        100   lludivv7m.o
         0          0          0          0          0          0   maybetermalloc1.o
         8          4          0          0          0         68   rt_errno_addr_intlibspace.o
         8          4          0          0          0         68   rt_heap_descriptor_intlibspace.o
        68          0          0          0          0         68   rt_memclr.o
        78          0          0          0          0         80   rt_memclr_w.o
       138          0          0          0          0         68   rt_memcpy_v6.o
       100          0          0          0          0         80   rt_memcpy_w.o
         2          0          0          0          0          0   rtexit.o
        10          0          0          0          0          0   rtexit2.o
        12          4          0          0          0         68   sys_exit.o
        74          0          0          0          0         80   sys_stackheap_outer.o
        14          0          0          0          0         76   sys_wrch.o
         2          0          0          0          0         68   use_no_semi.o
        10          0          0          0          0        116   fpinit.o
         0          0          0          0          0          0   usenofp.o
       280         46          0          0          0        176   acosf.o
       300         42          0          0          0        176   asinf.o
       684         90          0          0          0        208   atan2f.o
        38          0          0          0          0        116   fpclassifyf.o
        44         12          0          0          0        464   funder.o
        62          0          0          0          0        136   sqrtf.o

    ----------------------------------------------------------------------
      5046        308       2052          0         96      23698   Library Totals
        18          0          0          0          0          0   (incl. Padding)

    ----------------------------------------------------------------------

      Code (inc. data)   RO Data    RW Data    ZI Data      Debug   Library Name

      2054         36       2052          0          0      20086   arm_cortexM4lf_math.lib
      1556         82          0          0         96       2220   c_w.l
        10          0          0          0          0        116   fz_wm.l
      1408        190          0          0          0       1276   m_wm.l

    ----------------------------------------------------------------------
      5046        308       2052          0         96      23698   Library Totals

    ----------------------------------------------------------------------

==============================================================================


      Code (inc. data)   RO Data    RW Data    ZI Data      Debug   

     48040       2760       3144        640      47968    1165328   Grand Totals
     48040       2760       3144        100      47968    1165328   ELF Image Totals (compressed)
     48040       2760       3144        100          0          0   ROM Totals

==============================================================================

    Total RO  Size (Code + RO Data)                51184 (  49.98kB)
    Total RW  Size (RW Data + ZI Data)             48608 (  47.47kB)
    Total ROM Size (Code + RO Data + RW Data)      51284 (  50.08kB)

==============================================================================

