Component: ARM Compiler 5.06 update 7 (build 960) Tool: armlink [4d3601]

==============================================================================

Section Cross References

    startup_stm32f407xx.o(STACK) refers (Special) to heapauxi.o(.text) for __use_two_region_memory
    startup_stm32f407xx.o(HEAP) refers (Special) to heapauxi.o(.text) for __use_two_region_memory
    startup_stm32f407xx.o(RESET) refers (Special) to heapauxi.o(.text) for __use_two_region_memory
    startup_stm32f407xx.o(RESET) refers to startup_stm32f407xx.o(STACK) for __initial_sp
    startup_stm32f407xx.o(RESET) refers to startup_stm32f407xx.o(.text) for Reset_Handler
    startup_stm32f407xx.o(RESET) refers to stm32f4xx_it.o(i.NMI_Handler) for NMI_Handler
    startup_stm32f407xx.o(RESET) refers to stm32f4xx_it.o(i.HardFault_Handler) for HardFault_Handler
    startup_stm32f407xx.o(RESET) refers to stm32f4xx_it.o(i.MemManage_Handler) for MemManage_Handler
    startup_stm32f407xx.o(RESET) refers to stm32f4xx_it.o(i.BusFault_Handler) for BusFault_Handler
    startup_stm32f407xx.o(RESET) refers to stm32f4xx_it.o(i.UsageFault_Handler) for UsageFault_Handler
    startup_stm32f407xx.o(RESET) refers to port.o(.emb_text) for SVC_Handler
    startup_stm32f407xx.o(RESET) refers to stm32f4xx_it.o(i.DebugMon_Handler) for DebugMon_Handler
    startup_stm32f407xx.o(RESET) refers to port.o(i.SysTick_Handler) for SysTick_Handler
    startup_stm32f407xx.o(RESET) refers to stm32f4xx_it.o(i.DMA1_Stream1_IRQHandler) for DMA1_Stream1_IRQHandler
    startup_stm32f407xx.o(RESET) refers to stm32f4xx_it.o(i.CAN1_TX_IRQHandler) for CAN1_TX_IRQHandler
    startup_stm32f407xx.o(RESET) refers to stm32f4xx_it.o(i.CAN1_RX0_IRQHandler) for CAN1_RX0_IRQHandler
    startup_stm32f407xx.o(RESET) refers to stm32f4xx_it.o(i.TIM1_UP_TIM10_IRQHandler) for TIM1_UP_TIM10_IRQHandler
    startup_stm32f407xx.o(RESET) refers to stm32f4xx_it.o(i.TIM2_IRQHandler) for TIM2_IRQHandler
    startup_stm32f407xx.o(RESET) refers to stm32f4xx_it.o(i.USART3_IRQHandler) for USART3_IRQHandler
    startup_stm32f407xx.o(RESET) refers to stm32f4xx_it.o(i.DMA2_Stream0_IRQHandler) for DMA2_Stream0_IRQHandler
    startup_stm32f407xx.o(RESET) refers to stm32f4xx_it.o(i.DMA2_Stream3_IRQHandler) for DMA2_Stream3_IRQHandler
    startup_stm32f407xx.o(RESET) refers to stm32f4xx_it.o(i.CAN2_TX_IRQHandler) for CAN2_TX_IRQHandler
    startup_stm32f407xx.o(RESET) refers to stm32f4xx_it.o(i.CAN2_RX0_IRQHandler) for CAN2_RX0_IRQHandler
    startup_stm32f407xx.o(.text) refers (Special) to heapauxi.o(.text) for __use_two_region_memory
    startup_stm32f407xx.o(.text) refers to system_stm32f4xx.o(i.SystemInit) for SystemInit
    startup_stm32f407xx.o(.text) refers to __main.o(!!!main) for __main
    startup_stm32f407xx.o(.text) refers to startup_stm32f407xx.o(HEAP) for Heap_Mem
    startup_stm32f407xx.o(.text) refers to startup_stm32f407xx.o(STACK) for Stack_Mem
    main.o(i.HAL_TIM_PeriodElapsedCallback) refers to stm32f4xx_hal.o(i.HAL_IncTick) for HAL_IncTick
    main.o(i.SystemClock_Config) refers to rt_memclr_w.o(.text) for __aeabi_memclr4
    main.o(i.SystemClock_Config) refers to stm32f4xx_hal_rcc.o(i.HAL_RCC_OscConfig) for HAL_RCC_OscConfig
    main.o(i.SystemClock_Config) refers to main.o(i.Error_Handler) for Error_Handler
    main.o(i.SystemClock_Config) refers to stm32f4xx_hal_rcc.o(i.HAL_RCC_ClockConfig) for HAL_RCC_ClockConfig
    main.o(i.main) refers to stm32f4xx_hal.o(i.HAL_Init) for HAL_Init
    main.o(i.main) refers to main.o(i.SystemClock_Config) for SystemClock_Config
    main.o(i.main) refers to gpio.o(i.MX_GPIO_Init) for MX_GPIO_Init
    main.o(i.main) refers to dma.o(i.MX_DMA_Init) for MX_DMA_Init
    main.o(i.main) refers to can.o(i.MX_CAN1_Init) for MX_CAN1_Init
    main.o(i.main) refers to can.o(i.MX_CAN2_Init) for MX_CAN2_Init
    main.o(i.main) refers to usart.o(i.MX_USART3_UART_Init) for MX_USART3_UART_Init
    main.o(i.main) refers to tim.o(i.MX_TIM4_Init) for MX_TIM4_Init
    main.o(i.main) refers to tim.o(i.MX_TIM1_Init) for MX_TIM1_Init
    main.o(i.main) refers to i2c.o(i.MX_I2C2_Init) for MX_I2C2_Init
    main.o(i.main) refers to usb_otg.o(i.MX_USB_OTG_FS_PCD_Init) for MX_USB_OTG_FS_PCD_Init
    main.o(i.main) refers to spi.o(i.MX_SPI1_Init) for MX_SPI1_Init
    main.o(i.main) refers to tim.o(i.MX_TIM10_Init) for MX_TIM10_Init
    main.o(i.main) refers to sysinit.o(i.Sys_Init) for Sys_Init
    main.o(i.main) refers to freertos.o(i.MX_FREERTOS_Init) for MX_FREERTOS_Init
    main.o(i.main) refers to cmsis_os.o(i.osKernelStart) for osKernelStart
    gpio.o(i.MX_GPIO_Init) refers to rt_memclr_w.o(.text) for __aeabi_memclr4
    gpio.o(i.MX_GPIO_Init) refers to stm32f4xx_hal_gpio.o(i.HAL_GPIO_WritePin) for HAL_GPIO_WritePin
    gpio.o(i.MX_GPIO_Init) refers to stm32f4xx_hal_gpio.o(i.HAL_GPIO_Init) for HAL_GPIO_Init
    freertos.o(i.MX_FREERTOS_Init) refers to rt_memcpy_w.o(.text) for __aeabi_memcpy4
[...]
    HAL_TIMEx_CommutCallback                 0x0800559d   Thumb Code     2  stm32f4xx_hal_tim_ex.o(i.HAL_TIMEx_CommutCallback)
    HAL_TIMEx_ConfigBreakDeadTime            0x0800559f   Thumb Code   116  stm32f4xx_hal_tim_ex.o(i.HAL_TIMEx_ConfigBreakDeadTime)
    HAL_TIMEx_MasterConfigSynchronization    0x08005615   Thumb Code   150  stm32f4xx_hal_tim_ex.o(i.HAL_TIMEx_MasterConfigSynchronization)
    HAL_TIM_Base_Init                        0x080056c9   Thumb Code   102  stm32f4xx_hal_tim.o(i.HAL_TIM_Base_Init)
    HAL_TIM_Base_MspInit                     0x08005731   Thumb Code   106  tim.o(i.HAL_TIM_Base_MspInit)
    HAL_TIM_Base_Start                       0x080057a9   Thumb Code   126  stm32f4xx_hal_tim.o(i.HAL_TIM_Base_Start)
    HAL_TIM_Base_Start_IT                    0x08005845   Thumb Code   138  stm32f4xx_hal_tim.o(i.HAL_TIM_Base_Start_IT)
    HAL_TIM_ConfigClockSource                0x080058ed   Thumb Code   268  stm32f4xx_hal_tim.o(i.HAL_TIM_ConfigClockSource)
    HAL_TIM_IC_CaptureCallback               0x080059f9   Thumb Code     2  stm32f4xx_hal_tim.o(i.HAL_TIM_IC_CaptureCallback)
    HAL_TIM_IRQHandler                       0x080059fb   Thumb Code   406  stm32f4xx_hal_tim.o(i.HAL_TIM_IRQHandler)
    HAL_TIM_MspPostInit                      0x08005b91   Thumb Code   224  tim.o(i.HAL_TIM_MspPostInit)
    HAL_TIM_OC_DelayElapsedCallback          0x08005c8d   Thumb Code     2  stm32f4xx_hal_tim.o(i.HAL_TIM_OC_DelayElapsedCallback)
    HAL_TIM_PWM_ConfigChannel                0x08005c8f   Thumb Code   260  stm32f4xx_hal_tim.o(i.HAL_TIM_PWM_ConfigChannel)
    HAL_TIM_PWM_Init                         0x08005d93   Thumb Code   102  stm32f4xx_hal_tim.o(i.HAL_TIM_PWM_Init)
    HAL_TIM_PWM_MspInit                      0x08005df9   Thumb Code    62  tim.o(i.HAL_TIM_PWM_MspInit)
    HAL_TIM_PWM_PulseFinishedCallback        0x08005e41   Thumb Code     2  stm32f4xx_hal_tim.o(i.HAL_TIM_PWM_PulseFinishedCallback)
    HAL_TIM_PWM_Start                        0x08005e45   Thumb Code   238  stm32f4xx_hal_tim.o(i.HAL_TIM_PWM_Start)
    HAL_TIM_PeriodElapsedCallback            0x08005f51   Thumb Code    18  main.o(i.HAL_TIM_PeriodElapsedCallback)
    HAL_TIM_TriggerCallback                  0x08005f63   Thumb Code     2  stm32f4xx_hal_tim.o(i.HAL_TIM_TriggerCallback)
    HAL_UARTEx_RxEventCallback               0x08005f65   Thumb Code     2  stm32f4xx_hal_uart.o(i.HAL_UARTEx_RxEventCallback)
    HAL_UART_ErrorCallback                   0x08005f67   Thumb Code     2  stm32f4xx_hal_uart.o(i.HAL_UART_ErrorCallback)
    HAL_UART_IRQHandler                      0x08005f69   Thumb Code   732  stm32f4xx_hal_uart.o(i.HAL_UART_IRQHandler)
    HAL_UART_Init                            0x08006249   Thumb Code   114  stm32f4xx_hal_uart.o(i.HAL_UART_Init)
    HAL_UART_MspInit                         0x080062bd   Thumb Code   204  usart.o(i.HAL_UART_MspInit)
    HAL_UART_RxCpltCallback                  0x0800639d   Thumb Code     2  stm32f4xx_hal_uart.o(i.HAL_UART_RxCpltCallback)
    HAL_UART_TxCpltCallback                  0x0800639f   Thumb Code     2  stm32f4xx_hal_uart.o(i.HAL_UART_TxCpltCallback)
    HardFault_Handler                        0x080064d1   Thumb Code     4  stm32f4xx_it.o(i.HardFault_Handler)
    IMU_QuaternionEKF_Init                   0x08006849   Thumb Code   250  quaternionekf.o(i.IMU_QuaternionEKF_Init)
    IMU_QuaternionEKF_Update                 0x08006ac5   Thumb Code  1566  quaternionekf.o(i.IMU_QuaternionEKF_Update)
    IMU_Temperature_Ctrl                     0x08007859   Thumb Code    90  imu_task.o(i.IMU_Temperature_Ctrl)
    INS_Init                                 0x080078cd   Thumb Code   160  imu_task.o(i.INS_Init)
    INS_Task                                 0x08007995   Thumb Code   566  imu_task.o(i.INS_Task)
    Kalman_Filter_Init                       0x08007c09   Thumb Code  1800  kalman_filter.o(i.Kalman_Filter_Init)
    Kalman_Filter_Measure                    0x08008315   Thumb Code    74  kalman_filter.o(i.Kalman_Filter_Measure)
    Kalman_Filter_P_Update                   0x08008365   Thumb Code   104  kalman_filter.o(i.Kalman_Filter_P_Update)
    Kalman_Filter_PminusUpdate               0x080083cd   Thumb Code   104  kalman_filter.o(i.Kalman_Filter_PminusUpdate)
    Kalman_Filter_SetK                       0x08008435   Thumb Code   210  kalman_filter.o(i.Kalman_Filter_SetK)
    Kalman_Filter_Update                     0x08008509   Thumb Code   292  kalman_filter.o(i.Kalman_Filter_Update)
    Kalman_Filter_xhatMinusUpdate            0x08008631   Thumb Code   124  kalman_filter.o(i.Kalman_Filter_xhatMinusUpdate)
    Kalman_Filter_xhatUpdate                 0x080086ad   Thumb Code   134  kalman_filter.o(i.Kalman_Filter_xhatUpdate)
    MX_CAN1_Init                             0x0800878d   Thumb Code    58  can.o(i.MX_CAN1_Init)
    MX_CAN2_Init                             0x080087d1   Thumb Code    62  can.o(i.MX_CAN2_Init)
    MX_DMA_Init                              0x08008819   Thumb Code   114  dma.o(i.MX_DMA_Init)
    MX_FREERTOS_Init                         0x08008891   Thumb Code   150  freertos.o(i.MX_FREERTOS_Init)
    MX_GPIO_Init                             0x08008945   Thumb Code   410  gpio.o(i.MX_GPIO_Init)
    MX_I2C2_Init                             0x08008af9   Thumb Code    50  i2c.o(i.MX_I2C2_Init)
    MX_SPI1_Init                             0x08008b35   Thumb Code    62  spi.o(i.MX_SPI1_Init)
    MX_TIM10_Init                            0x08008b7d   Thumb Code   102  tim.o(i.MX_TIM10_Init)
    MX_TIM1_Init                             0x08008bed   Thumb Code   170  tim.o(i.MX_TIM1_Init)
    MX_TIM4_Init                             0x08008ca1   Thumb Code   154  tim.o(i.MX_TIM4_Init)
    MX_USART3_UART_Init                      0x08008d45   Thumb Code    48  usart.o(i.MX_USART3_UART_Init)
    MX_USB_OTG_FS_PCD_Init                   0x08008d81   Thumb Code    52  usb_otg.o(i.MX_USB_OTG_FS_PCD_Init)
    MemManage_Handler                        0x08008db9   Thumb Code     4  stm32f4xx_it.o(i.MemManage_Handler)
    MotorDataDeal                            0x08008e0d   Thumb Code   248  gimbalmotor.o(i.MotorDataDeal)
    MotorVelocityCurve                       0x08008f09   Thumb Code   424  gimbalmotor.o(i.MotorVelocityCurve)
    NMI_Handler                              0x080090b5   Thumb Code     4  stm32f4xx_it.o(i.NMI_Handler)
    PidCalculate                             0x080090d1   Thumb Code   440  pid.o(i.PidCalculate)
    PidInit                                  0x08009289   Thumb Code    62  pid.o(i.PidInit)
    PidInitMode                              0x080092c7   Thumb Code   138  pid.o(i.PidInitMode)
    RC_Check_Data_IS_ERROR                   0x08009365   Thumb Code   136  bsp_dr16.o(i.RC_Check_Data_IS_ERROR)
    RC_DataProcess                           0x080093f1   Thumb Code   214  bsp_dr16.o(i.RC_DataProcess)
    RC_DataReload                            0x080094c9   Thumb Code    32  bsp_dr16.o(i.RC_DataReload)
    RC_Get_RC_Pointer                        0x080094ed   Thumb Code     4  bsp_dr16.o(i.RC_Get_RC_Pointer)
    RC_Init                                  0x080094f5   Thumb Code   136  bsp_dr16.o(i.RC_Init)
    RC_UART_IRQHandler                       0x0800957d   Thumb Code   260  bsp_dr16.o(i.RC_UART_IRQHandler)
    Remote_Data_Deal                         0x080096fd   Thumb Code    46  remotedeal.o(i.Remote_Data_Deal)
    Remote_Data_Init                         0x08009731   Thumb Code   106  remotedeal.o(i.Remote_Data_Init)
    Remote_Task                              0x080097fd   Thumb Code    26  remote_task.o(i.Remote_Task)
    Return_Gimbal_FSM                        0x08009819   Thumb Code     4  gimbal_fsm.o(i.Return_Gimbal_FSM)
    Return_Grasp_t_Pointer                   0x08009821   Thumb Code     4  gimbalmotor.o(i.Return_Grasp_t_Pointer)
    Return_RemoteDeal_Point                  0x08009829   Thumb Code     4  remotedeal.o(i.Return_RemoteDeal_Point)
    StartDefaultTask                         0x08009975   Thumb Code    10  freertos.o(i.StartDefaultTask)
    StateChange                              0x0800997f   Thumb Code    14  fsm.o(i.StateChange)
    SysTick_Handler                          0x0800998d   Thumb Code    46  port.o(i.SysTick_Handler)
    Sys_Init                                 0x080099c1   Thumb Code    68  sysinit.o(i.Sys_Init)
    SystemClock_Config                       0x08009a0d   Thumb Code   170  main.o(i.SystemClock_Config)
    SystemInit                               0x08009ac1   Thumb Code    14  system_stm32f4xx.o(i.SystemInit)
    TIM1_UP_TIM10_IRQHandler                 0x08009ad5   Thumb Code    16  stm32f4xx_it.o(i.TIM1_UP_TIM10_IRQHandler)
    TIM2_IRQHandler                          0x08009aed   Thumb Code    10  stm32f4xx_it.o(i.TIM2_IRQHandler)
    TIM_Base_SetConfig                       0x08009afd   Thumb Code   170  stm32f4xx_hal_tim.o(i.TIM_Base_SetConfig)
    TIM_CCxChannelCmd                        0x08009bd5   Thumb Code    34  stm32f4xx_hal_tim.o(i.TIM_CCxChannelCmd)
    TIM_ETR_SetConfig                        0x08009bf7   Thumb Code    22  stm32f4xx_hal_tim.o(i.TIM_ETR_SetConfig)
    TIM_OC2_SetConfig                        0x08009c91   Thumb Code   114  stm32f4xx_hal_tim.o(i.TIM_OC2_SetConfig)
    TIM_Set_PWM                              0x08009dd9   Thumb Code    58  bsp_pwm_1.o(i.TIM_Set_PWM)
    Three_Degrees_Arms_Init                  0x08009e61   Thumb Code    56  gimbalmotor.o(i.Three_Degrees_Arms_Init)
    USART3_IRQHandler                        0x0800a2d1   Thumb Code    14  stm32f4xx_it.o(i.USART3_IRQHandler)
    USB_CoreInit                             0x0800a2e5   Thumb Code   128  stm32f4xx_ll_usb.o(i.USB_CoreInit)
    USB_DevDisconnect                        0x0800a3c1   Thumb Code    36  stm32f4xx_ll_usb.o(i.USB_DevDisconnect)
    USB_DevInit                              0x0800a3e5   Thumb Code   472  stm32f4xx_ll_usb.o(i.USB_DevInit)
    USB_DisableGlobalInt                     0x0800a5c5   Thumb Code    14  stm32f4xx_ll_usb.o(i.USB_DisableGlobalInt)
    USB_FlushRxFifo                          0x0800a5d5   Thumb Code    80  stm32f4xx_ll_usb.o(i.USB_FlushRxFifo)
    USB_FlushTxFifo                          0x0800a629   Thumb Code    84  stm32f4xx_ll_usb.o(i.USB_FlushTxFifo)
    USB_GetMode                              0x0800a681   Thumb Code    10  stm32f4xx_ll_usb.o(i.USB_GetMode)
    USB_SetCurrentMode                       0x0800a68b   Thumb Code   104  stm32f4xx_ll_usb.o(i.USB_SetCurrentMode)
    USB_SetDevSpeed                          0x0800a6f3   Thumb Code    18  stm32f4xx_ll_usb.o(i.USB_SetDevSpeed)
    UsageFault_Handler                       0x0800a705   Thumb Code     4  stm32f4xx_it.o(i.UsageFault_Handler)
    __ARM_fpclassifyf                        0x0800a709   Thumb Code    38  fpclassifyf.o(i.__ARM_fpclassifyf)
    __hardfp_acosf                           0x0800a769   Thumb Code   234  acosf.o(i.__hardfp_acosf)
    __hardfp_asinf                           0x0800a881   Thumb Code   258  asinf.o(i.__hardfp_asinf)
    __hardfp_atan2f                          0x0800a9ad   Thumb Code   594  atan2f.o(i.__hardfp_atan2f)
    __hardfp_expf                            0x0800ac59   Thumb Code   426  expf.o(i.__hardfp_expf)
    __mathlib_expf                           0x0800ac59   Thumb Code     0  expf.o(i.__hardfp_expf)
    __hardfp_fabs                            0x0800ae41   Thumb Code    20  fabs.o(i.__hardfp_fabs)
    __hardfp_sqrtf                           0x0800ae55   Thumb Code    58  sqrtf.o(i.__hardfp_sqrtf)
    __mathlib_flt_infnan                     0x0800ae8f   Thumb Code     6  funder.o(i.__mathlib_flt_infnan)
    __mathlib_flt_infnan2                    0x0800ae95   Thumb Code     6  funder.o(i.__mathlib_flt_infnan2)
    __mathlib_flt_invalid                    0x0800ae9d   Thumb Code    10  funder.o(i.__mathlib_flt_invalid)
    __mathlib_flt_overflow                   0x0800aead   Thumb Code    10  funder.o(i.__mathlib_flt_overflow)
    __mathlib_flt_underflow                  0x0800aebd   Thumb Code    10  funder.o(i.__mathlib_flt_underflow)
    angle_limiting_int16                     0x0800aecd   Thumb Code    36  bsp_motor_encoder.o(i.angle_limiting_int16)
    bmi088_accel_init                        0x0800aef1   Thumb Code   348  bmi088driver.o(i.bmi088_accel_init)
    bmi088_gyro_init                         0x0800b05d   Thumb Code   284  bmi088driver.o(i.bmi088_gyro_init)
    detect_hook                              0x0800b20d   Thumb Code   288  detect_task.o(i.detect_hook)
    fifo_get                                 0x0800b6ad   Thumb Code    90  fifo.o(i.fifo_get)
    fifo_get_noprotect                       0x0800b707   Thumb Code    62  fifo.o(i.fifo_get_noprotect)
    fifo_init                                0x0800b745   Thumb Code    34  fifo.o(i.fifo_init)
    fifo_is_empty                            0x0800b767   Thumb Code    14  fifo.o(i.fifo_is_empty)
    fifo_is_full                             0x0800b775   Thumb Code    14  fifo.o(i.fifo_is_full)
    fifo_put                                 0x0800b783   Thumb Code    90  fifo.o(i.fifo_put)
    first_order_filter                       0x0800b7dd   Thumb Code    66  filter.o(i.first_order_filter)
    first_order_filter_init                  0x0800b861   Thumb Code    44  filter.o(i.first_order_filter_init)
    float_constrain                          0x0800b891   Thumb Code    42  user_lib.o(i.float_constrain)
    float_rounding                           0x0800b8bd   Thumb Code    62  user_lib.o(i.float_rounding)
    get_imu_control_point                    0x0800b905   Thumb Code     4  imu_task.o(i.get_imu_control_point)
    imu_Task                                 0x0800b90d   Thumb Code    18  imu_task.o(i.imu_Task)
    main                                     0x0800b95d   Thumb Code    68  main.o(i.main)
    osDelay                                  0x0800b9af   Thumb Code    24  cmsis_os.o(i.osDelay)
    osKernelStart                            0x0800b9c7   Thumb Code    10  cmsis_os.o(i.osKernelStart)
    osThreadCreate                           0x0800b9d1   Thumb Code    94  cmsis_os.o(i.osThreadCreate)
    pid_clear                                0x0800ba31   Thumb Code    74  pid.o(i.pid_clear)
    pvPortMalloc                             0x0800bf01   Thumb Code   306  heap_4.o(i.pvPortMalloc)
    pxPortInitialiseStack                    0x0800c04d   Thumb Code    38  port.o(i.pxPortInitialiseStack)
    rc_lost_time_refresh                     0x0800c079   Thumb Code    14  bsp_dr16.o(i.rc_lost_time_refresh)
    sqrtf                                    0x0800c08d   Thumb Code    62  sqrtf.o(i.sqrtf)
    uxListRemove                             0x0800c0cb   Thumb Code    40  list.o(i.uxListRemove)
    vApplicationGetIdleTaskMemory            0x0800c0f5   Thumb Code    14  freertos.o(i.vApplicationGetIdleTaskMemory)
    vApplicationStackOverflowHook            0x0800c10d   Thumb Code     2  freertos.o(i.vApplicationStackOverflowHook)
    vListInitialise                          0x0800c10f   Thumb Code    26  list.o(i.vListInitialise)
    vListInitialiseItem                      0x0800c129   Thumb Code     6  list.o(i.vListInitialiseItem)
    vListInsert                              0x0800c12f   Thumb Code    52  list.o(i.vListInsert)
    vListInsertEnd                           0x0800c163   Thumb Code    24  list.o(i.vListInsertEnd)
    vPortEnterCritical                       0x0800c17d   Thumb Code    76  port.o(i.vPortEnterCritical)
    vPortExitCritical                        0x0800c1d1   Thumb Code    56  port.o(i.vPortExitCritical)
    vPortFree                                0x0800c20d   Thumb Code   150  heap_4.o(i.vPortFree)
    vPortSetupTimerInterrupt                 0x0800c2b1   Thumb Code    36  port.o(i.vPortSetupTimerInterrupt)
    vTaskDelay                               0x0800c2d9   Thumb Code    82  tasks.o(i.vTaskDelay)
    vTaskStartScheduler                      0x0800c335   Thumb Code   146  tasks.o(i.vTaskStartScheduler)
    vTaskSuspendAll                          0x0800c3e5   Thumb Code    12  tasks.o(i.vTaskSuspendAll)
    vTaskSwitchContext                       0x0800c3f5   Thumb Code   148  tasks.o(i.vTaskSwitchContext)
    xPortStartScheduler                      0x0800c49d   Thumb Code   330  port.o(i.xPortStartScheduler)
    xTaskCreate                              0x0800c605   Thumb Code   100  tasks.o(i.xTaskCreate)
    xTaskCreateStatic                        0x0800c669   Thumb Code   186  tasks.o(i.xTaskCreateStatic)
    xTaskGetTickCount                        0x0800c725   Thumb Code     6  tasks.o(i.xTaskGetTickCount)
    xTaskIncrementTick                       0x0800c731   Thumb Code   282  tasks.o(i.xTaskIncrementTick)
    xTaskResumeAll                           0x0800c879   Thumb Code   224  tasks.o(i.xTaskResumeAll)
    __aeabi_d2f                              0x0800c97d   Thumb Code     0  d2f.o(x$fpl$d2f)
    _d2f                                     0x0800c97d   Thumb Code    98  d2f.o(x$fpl$d2f)
    __aeabi_dadd                             0x0800c9e1   Thumb Code     0  daddsub_clz.o(x$fpl$dadd)
    _dadd                                    0x0800c9e1   Thumb Code   332  daddsub_clz.o(x$fpl$dadd)
    __fpl_dcmp_Inf                           0x0800cb31   Thumb Code    24  dcmpi.o(x$fpl$dcmpinf)
    __aeabi_cdcmple                          0x0800cb49   Thumb Code     0  dleqf.o(x$fpl$dleqf)
    _dcmple                                  0x0800cb49   Thumb Code   120  dleqf.o(x$fpl$dleqf)
    __fpl_dcmple_InfNaN                      0x0800cbab   Thumb Code     0  dleqf.o(x$fpl$dleqf)
    __aeabi_dmul                             0x0800cbc1   Thumb Code     0  dmul.o(x$fpl$dmul)
    _dmul                                    0x0800cbc1   Thumb Code   332  dmul.o(x$fpl$dmul)
    __fpl_dnaninf                            0x0800cd15   Thumb Code   156  dnaninf.o(x$fpl$dnaninf)
    __fpl_dretinf                            0x0800cdb1   Thumb Code    12  dretinf.o(x$fpl$dretinf)
    __aeabi_drsub                            0x0800cdbd   Thumb Code     0  daddsub_clz.o(x$fpl$drsb)
    _drsb                                    0x0800cdbd   Thumb Code    22  daddsub_clz.o(x$fpl$drsb)
    __aeabi_dsub                             0x0800cdd5   Thumb Code     0  daddsub_clz.o(x$fpl$dsub)
    _dsub                                    0x0800cdd5   Thumb Code   464  daddsub_clz.o(x$fpl$dsub)
    __aeabi_f2d                              0x0800cfa9   Thumb Code     0  f2d.o(x$fpl$f2d)
    _f2d                                     0x0800cfa9   Thumb Code    86  f2d.o(x$fpl$f2d)
    __fpl_fnaninf                            0x0800cfff   Thumb Code   140  fnaninf.o(x$fpl$fnaninf)
    _fp_init                                 0x0800d08b   Thumb Code    10  fpinit.o(x$fpl$fpinit)
    __fplib_config_fpu_vfp                   0x0800d093   Thumb Code     0  fpinit.o(x$fpl$fpinit)
    __fplib_config_pureend_doubles           0x0800d093   Thumb Code     0  fpinit.o(x$fpl$fpinit)
    __fpl_fretinf                            0x0800d095   Thumb Code    10  fretinf.o(x$fpl$fretinf)
    __I$use$fp                               0x0800d09e   Number         0  usenofp.o(x$fpl$usenofp)
    AHBPrescTable                            0x0800d150   Data          16  system_stm32f4xx.o(.constdata)
    APBPrescTable                            0x0800d160   Data           8  system_stm32f4xx.o(.constdata)
    xb                                       0x0800d230   Data          12  imu_task.o(.constdata)
    yb                                       0x0800d23c   Data          12  imu_task.o(.constdata)
    zb                                       0x0800d248   Data          12  imu_task.o(.constdata)
    IMU_QuaternionEKF_F                      0x0800d260   Data         144  quaternionekf.o(.constdata)
    sinTable_f32                             0x0800d36c   Data        2052  arm_common_tables.o(.rodata.sinTable_f32)
    Region$$Table$$Base                      0x0800db70   Number         0  anon$$obj.o(Region$$Table)
    Region$$Table$$Limit                     0x0800db90   Number         0  anon$$obj.o(Region$$Table)
    defaultTaskHandle                        0x20000000   Data           4  freertos.o(.data)
    Task_RemoteHandle                        0x20000004   Data           4  freertos.o(.data)
    Task_GimbalHandle                        0x20000008   Data           4  freertos.o(.data)
    Task_BoardCommuHandle                    0x2000000c   Data           4  freertos.o(.data)
    Task_DetectHandle                        0x20000010   Data           4  freertos.o(.data)
    IMU_TASKHandle                           0x20000014   Data           4  freertos.o(.data)
    uwTick                                   0x2000001c   Data           4  stm32f4xx_hal.o(.data)
    uwTickPrio                               0x20000020   Data           4  stm32f4xx_hal.o(.data)
    uwTickFreq                               0x20000024   Data           1  stm32f4xx_hal.o(.data)
    SystemCoreClock                          0x20000028   Data           4  system_stm32f4xx.o(.data)
    pxCurrentTCB                             0x2000002c   Data           4  tasks.o(.data)
    TxmailboxesNum                           0x2000009a   Data           2  bsp_can.o(.data)
    IMU                                      0x200000bc   Data           4  gimbalmotor.o(.data)
    psc                                      0x200000c0   Data           4  gimbalmotor.o(.data)
    dir                                      0x200000c4   Data           4  gimbalmotor.o(.data)
    pwm                                      0x200000c8   Data           4  gimbalmotor.o(.data)
    Can_Data                                 0x200000cc   Data           8  gimbalmotor.o(.data)
    k1                                       0x20000100   Data           4  gimbalmotor.o(.data)
    k2                                       0x20000104   Data           4  gimbalmotor.o(.data)
    INS_DWT_Count                            0x20000110   Data           4  imu_task.o(.data)
    ins_debug_mode                           0x2000011c   Data           1  imu_task.o(.data)
    RefTemp                                  0x20000120   Data           4  imu_task.o(.data)
    BMI088_ACCEL_SEN                         0x20000158   Data           4  bmi088driver.o(.data)
    BMI088_GYRO_SEN                          0x2000015c   Data           4  bmi088driver.o(.data)
    gNormDiff                                0x20000164   Data           4  bmi088driver.o(.data)
    caliOffset                               0x20000168   Data           1  bmi088driver.o(.data)
    caliCount                                0x2000016a   Data           2  bmi088driver.o(.data)
    BMI088_SPI                               0x20000198   Data           4  bmi088middleware.o(.data)
    SysTime                                  0x200001a0   Data           8  bsp_dwt.o(.data)
    CYCCNT64                                 0x200001c0   Data           8  bsp_dwt.o(.data)
    sizeof_float                             0x200001e0   Data           2  kalman_filter.o(.data)
    sizeof_double                            0x200001e2   Data           2  kalman_filter.o(.data)
    IMU_QuaternionEKF_P                      0x200001e4   Data         144  quaternionekf.o(.data)
    GlobalDebugMode                          0x200002b8   Data           1  user_lib.o(.data)
    hcan1                                    0x20000524   Data          40  can.o(.bss)
    hcan2                                    0x2000054c   Data          40  can.o(.bss)
    hi2c2                                    0x20000574   Data          84  i2c.o(.bss)
    hspi1                                    0x200005c8   Data          88  spi.o(.bss)
    hdma_spi1_rx                             0x20000620   Data          96  spi.o(.bss)
    hdma_spi1_tx                             0x20000680   Data          96  spi.o(.bss)
    htim1                                    0x200006e0   Data          72  tim.o(.bss)
    htim4                                    0x20000728   Data          72  tim.o(.bss)
    htim10                                   0x20000770   Data          72  tim.o(.bss)
    huart3                                   0x200007b8   Data          68  usart.o(.bss)
    hdma_usart3_rx                           0x200007fc   Data          96  usart.o(.bss)
    hpcd_USB_OTG_FS                          0x2000085c   Data        1292  usb_otg.o(.bss)
    htim2                                    0x20000d68   Data          72  stm32f4xx_hal_timebase_tim.o(.bss)
    Sbus_RX_Buffer                           0x20004ac0   Data          72  bsp_dr16.o(.bss)
    can1_manage                              0x20004b08   Data          48  bsp_can.o(.bss)
    can2_manage                              0x20004b38   Data          48  bsp_can.o(.bss)
    CAN_Encoder                              0x20006b68   Data         540  bsp_motor_encoder.o(.bss)
    REMOTE                                   0x20006d84   Data         103  remotedeal.o(.bss)
    Lift_t                                   0x20006dec   Data         698  gimbalmotor.o(.bss)
    TD_t                                     0x200070a6   Data        2782  gimbalmotor.o(.bss)
    Clip_t                                   0x20007b84   Data         698  gimbalmotor.o(.bss)
    Grasp                                    0x20007e3e   Data          12  gimbalmotor.o(.bss)
    Gimbal_Can_msg                           0x20007e4c   Data          16  gimbalmotor.o(.bss)
    Gimbal_Fsm                               0x20007e5c   Data          16  gimbal_fsm.o(.bss)
    OFFLINE                                  0x20007e6c   Data          12  gimbal_fsm.o(.bss)
    LIFT                                     0x20007e78   Data          12  gimbal_fsm.o(.bss)
    Arm_Test                                 0x20007e84   Data          12  gimbal_fsm.o(.bss)
    Mining                                   0x20007e90   Data          12  gimbal_fsm.o(.bss)
    Gimbal_State_Table                       0x20007e9c   Data         108  gimbal_fsm.o(.bss)
    error_list                               0x20007f08   Data         216  detect_task.o(.bss)
    Gimbal                                   0x20007fe0   Data          16  gimbal_task.o(.bss)
    INS                                      0x20007ff0   Data         128  imu_task.o(.bss)
    IMU_Param                                0x20008070   Data          28  imu_task.o(.bss)
    TempCtrl                                 0x2000808c   Data         144  imu_task.o(.bss)
    gyroDiff                                 0x2000811c   Data          12  bmi088driver.o(.bss)
    BMI088                                   0x20008128   Data          52  bmi088driver.o(.bss)
    QEKF_INS                                 0x20008160   Data         472  quaternionekf.o(.bss)
    IMU_QuaternionEKF_K                      0x20008338   Data          72  quaternionekf.o(.bss)
    IMU_QuaternionEKF_H                      0x20008380   Data          72  quaternionekf.o(.bss)
    __libspace_start                         0x200083c8   Data          96  libspace.o(.bss)
    __temporary_stack_top$libspace           0x20008428   Data           0  libspace.o(.bss)



==============================================================================

Memory Map of the image

  Image Entry point : 0x08000189

  Load Region LR_IROM1 (Base: 0x08000000, Size: 0x0000de60, Max: 0x00100000, ABSOLUTE, COMPRESSED[0x0000dc04])

    Execution Region ER_IROM1 (Exec base: 0x08000000, Load base: 0x08000000, Size: 0x0000db90, Max: 0x00100000, ABSOLUTE)

    Exec Addr    Load Addr    Size         Type   Attr      Idx    E Section Name        Object

    0x08000000   0x08000000   0x00000188   Data   RO            3    RESET               startup_stm32f407xx.o
    0x08000188   0x08000188   0x00000008   Code   RO         8969  * !!!main             c_w.l(__main.o)
    0x08000190   0x08000190   0x00000034   Code   RO         9445    !!!scatter          c_w.l(__scatter.o)
    0x080001c4   0x080001c4   0x0000005a   Code   RO         9443    !!dczerorl2         c_w.l(__dczerorl2.o)
    0x0800021e   0x0800021e   0x00000002   PAD
    0x08000220   0x08000220   0x0000001c   Code   RO         9447    !!handler_zi        c_w.l(__scatter_zi.o)
    0x0800023c   0x0800023c   0x00000002   Code   RO         9272    .ARM.Collect$$libinit$$00000000  c_w.l(libinit.o)
    0x0800023e   0x0800023e   0x00000004   Code   RO         9107    .ARM.Collect$$libinit$$00000001  c_w.l(libinit2.o)
    0x08000242   0x08000242   0x00000000   Code   RO         9110    .ARM.Collect$$libinit$$00000004  c_w.l(libinit2.o)
    0x08000242   0x08000242   0x00000008   Code   RO         9111    .ARM.Collect$$libinit$$00000005  c_w.l(libinit2.o)
    0x0800024a   0x0800024a   0x00000000   Code   RO         9113    .ARM.Collect$$libinit$$0000000A  c_w.l(libinit2.o)
    0x0800024a   0x0800024a   0x00000000   Code   RO         9115    .ARM.Collect$$libinit$$0000000C  c_w.l(libinit2.o)
    0x0800024a   0x0800024a   0x00000000   Code   RO         9117    .ARM.Collect$$libinit$$0000000E  c_w.l(libinit2.o)
    0x0800024a   0x0800024a   0x00000000   Code   RO         9120    .ARM.Collect$$libinit$$00000011  c_w.l(libinit2.o)
    0x0800024a   0x0800024a   0x00000000   Code   RO         9122    .ARM.Collect$$libinit$$00000013  c_w.l(libinit2.o)
    0x0800024a   0x0800024a   0x00000000   Code   RO         9124    .ARM.Collect$$libinit$$00000015  c_w.l(libinit2.o)
    0x0800024a   0x0800024a   0x00000000   Code   RO         9126    .ARM.Collect$$libinit$$00000017  c_w.l(libinit2.o)
    0x0800024a   0x0800024a   0x00000000   Code   RO         9128    .ARM.Collect$$libinit$$00000019  c_w.l(libinit2.o)
    0x0800024a   0x0800024a   0x00000000   Code   RO         9130    .ARM.Collect$$libinit$$0000001B  c_w.l(libinit2.o)
    0x0800024a   0x0800024a   0x00000000   Code   RO         9132    .ARM.Collect$$libinit$$0000001D  c_w.l(libinit2.o)
    0x0800024a   0x0800024a   0x00000000   Code   RO         9134    .ARM.Collect$$libinit$$0000001F  c_w.l(libinit2.o)
    0x0800024a   0x0800024a   0x00000000   Code   RO         9136    .ARM.Collect$$libinit$$00000021  c_w.l(libinit2.o)
    0x0800024a   0x0800024a   0x00000000   Code   RO         9138    .ARM.Collect$$libinit$$00000023  c_w.l(libinit2.o)
    0x0800024a   0x0800024a   0x00000000   Code   RO         9140    .ARM.Collect$$libinit$$00000025  c_w.l(libinit2.o)
    0x0800024a   0x0800024a   0x00000000   Code   RO         9144    .ARM.Collect$$libinit$$0000002C  c_w.l(libinit2.o)
    0x0800024a   0x0800024a   0x00000000   Code   RO         9146    .ARM.Collect$$libinit$$0000002E  c_w.l(libinit2.o)
    0x0800024a   0x0800024a   0x00000000   Code   RO         9148    .ARM.Collect$$libinit$$00000030  c_w.l(libinit2.o)
    0x0800024a   0x0800024a   0x00000000   Code   RO         9150    .ARM.Collect$$libinit$$00000032  c_w.l(libinit2.o)
    0x0800024a   0x0800024a   0x00000002   Code   RO         9151    .ARM.Collect$$libinit$$00000033  c_w.l(libinit2.o)
    0x0800024c   0x0800024c   0x00000002   Code   RO         9401    .ARM.Collect$$libshutdown$$00000000  c_w.l(libshutdown.o)
    0x0800024e   0x0800024e   0x00000000   Code   RO         9321    .ARM.Collect$$libshutdown$$00000002  c_w.l(libshutdown2.o)
    0x0800024e   0x0800024e   0x00000000   Code   RO         9323    .ARM.Collect$$libshutdown$$00000004  c_w.l(libshutdown2.o)
    0x0800024e   0x0800024e   0x00000000   Code   RO         9325    .ARM.Collect$$libshutdown$$00000006  c_w.l(libshutdown2.o)
    0x0800024e   0x0800024e   0x00000000   Code   RO         9328    .ARM.Collect$$libshutdown$$00000009  c_w.l(libshutdown2.o)
    0x0800024e   0x0800024e   0x00000000   Code   RO         9331    .ARM.Collect$$libshutdown$$0000000C  c_w.l(libshutdown2.o)
    0x0800024e   0x0800024e   0x00000000   Code   RO         9333    .ARM.Collect$$libshutdown$$0000000E  c_w.l(libshutdown2.o)
    0x0800024e   0x0800024e   0x00000000   Code   RO         9336    .ARM.Collect$$libshutdown$$00000011  c_w.l(libshutdown2.o)
    0x0800024e   0x0800024e   0x00000002   Code   RO         9337    .ARM.Collect$$libshutdown$$00000012  c_w.l(libshutdown2.o)
    0x08000250   0x08000250   0x00000000   Code   RO         9071    .ARM.Collect$$rtentry$$00000000  c_w.l(__rtentry.o)
    0x08000250   0x08000250   0x00000000   Code   RO         9187    .ARM.Collect$$rtentry$$00000002  c_w.l(__rtentry2.o)
    0x08000250   0x08000250   0x00000006   Code   RO         9199    .ARM.Collect$$rtentry$$00000004  c_w.l(__rtentry4.o)
    0x08000256   0x08000256   0x00000000   Code   RO         9189    .ARM.Collect$$rtentry$$00000009  c_w.l(__rtentry2.o)
    0x08000256   0x08000256   0x00000004   Code   RO         9190    .ARM.Collect$$rtentry$$0000000A  c_w.l(__rtentry2.o)
    0x0800025a   0x0800025a   0x00000000   Code   RO         9192    .ARM.Collect$$rtentry$$0000000C  c_w.l(__rtentry2.o)
    0x0800025a   0x0800025a   0x00000008   Code   RO         9193    .ARM.Collect$$rtentry$$0000000D  c_w.l(__rtentry2.o)
    0x08000262   0x08000262   0x00000002   Code   RO         9275    .ARM.Collect$$rtexit$$00000000  c_w.l(rtexit.o)
    0x08000264   0x08000264   0x00000000   Code   RO         9359    .ARM.Collect$$rtexit$$00000002  c_w.l(rtexit2.o)
    0x08000264   0x08000264   0x00000004   Code   RO         9360    .ARM.Collect$$rtexit$$00000003  c_w.l(rtexit2.o)
    0x08000268   0x08000268   0x00000006   Code   RO         9361    .ARM.Collect$$rtexit$$00000004  c_w.l(rtexit2.o)
    0x0800026e   0x0800026e   0x00000002   PAD
    0x08000270   0x08000270   0x000000be   Code   RO         6351    .emb_text           port.o
    0x0800032e   0x0800032e   0x00000002   PAD
    0x08000330   0x08000330   0x00000000   Code   RO         9210    .emb_text           c_w.l(maybetermalloc1.o)
    0x08000330   0x08000330   0x00000040   Code   RO            4    .text               startup_stm32f407xx.o
    0x08000370   0x08000370   0x0000005e   Code   RO         8895    .text               c_w.l(h1_alloc.o)
    0x080003ce   0x080003ce   0x0000004e   Code   RO         8897    .text               c_w.l(h1_free.o)
    0x0800041c   0x0800041c   0x000000ee   Code   RO         8953    .text               c_w.l(lludivv7m.o)
    0x0800050a   0x0800050a   0x0000008a   Code   RO         8957    .text               c_w.l(rt_memcpy_v6.o)
    0x08000594   0x08000594   0x00000064   Code   RO         8959    .text               c_w.l(rt_memcpy_w.o)
    0x080005f8   0x080005f8   0x00000044   Code   RO         8963    .text               c_w.l(rt_memclr.o)
    0x0800063c   0x0800063c   0x0000004e   Code   RO         8965    .text               c_w.l(rt_memclr_w.o)
    0x0800068a   0x0800068a   0x00000006   Code   RO         8967    .text               c_w.l(heapauxi.o)
    0x08000690   0x08000690   0x00000008   Code   RO         9079    .text               c_w.l(rt_heap_descriptor_intlibspace.o)
    0x08000698   0x08000698   0x00000004   Code   RO         9081    .text               c_w.l(hguard.o)
    0x0800069c   0x0800069c   0x0000008a   Code   RO         9083    .text               c_w.l(init_alloc.o)
    0x08000726   0x08000726   0x0000000e   Code   RO         9087    .text               c_w.l(h1_init.o)
    0x08000734   0x08000734   0x00000016   Code   RO         9101    .text               c_w.l(_rserrno.o)
    0x0800074a   0x0800074a   0x00000002   PAD
    0x0800074c   0x0800074c   0x00000008   Code   RO         9183    .text               c_w.l(libspace.o)
    0x08000754   0x08000754   0x00000008   Code   RO         9206    .text               c_w.l(rt_errno_addr_intlibspace.o)
    0x0800075c   0x0800075c   0x00000034   Code   RO         9212    .text               c_w.l(h1_extend.o)
    0x08000790   0x08000790   0x0000000e   Code   RO         9223    .text               c_w.l(defsig_rtmem_outer.o)
    0x0800079e   0x0800079e   0x00000002   Code   RO         9236    .text               c_w.l(use_no_semi.o)
    0x080007a0   0x080007a0   0x00000000   Code   RO         9238    .text               c_w.l(indicate_semi.o)
    0x080007a0   0x080007a0   0x0000004a   Code   RO         9239    .text               c_w.l(sys_stackheap_outer.o)
    0x080007ea   0x080007ea   0x00000012   Code   RO         9251    .text               c_w.l(exit.o)
    0x080007fc   0x080007fc   0x0000000a   Code   RO         9253    .text               c_w.l(defsig_exit.o)
    0x08000806   0x08000806   0x00000002   PAD
    0x08000808   0x08000808   0x00000050   Code   RO         9259    .text               c_w.l(defsig_rtmem_inner.o)
    0x08000858   0x08000858   0x0000000c   Code   RO         9273    .text               c_w.l(sys_exit.o)
    0x08000864   0x08000864   0x00000032   Code   RO         9316    .text               c_w.l(defsig_general.o)
    0x08000896   0x08000896   0x0000000e   Code   RO         9356    .text               c_w.l(sys_wrch.o)
    0x080008a4   0x080008a4   0x000000a0   Code   RO         8716    .text.arm_cos_f32   arm_cortexM4lf_math.lib(arm_cos_f32.o)
    0x08000944   0x08000944   0x000000be   Code   RO         8736    .text.arm_mat_add_f32  arm_cortexM4lf_math.lib(arm_mat_add_f32.o)
    0x08000a02   0x08000a02   0x00000008   Code   RO         8746    .text.arm_mat_init_f32  arm_cortexM4lf_math.lib(arm_mat_init_f32.o)
    0x08000a0a   0x08000a0a   0x00000002   PAD
    0x08000a0c   0x08000a0c   0x000002d0   Code   RO         8755    .text.arm_mat_inverse_f32  arm_cortexM4lf_math.lib(arm_mat_inverse_f32.o)
    0x08000cdc   0x08000cdc   0x0000013c   Code   RO         8765    .text.arm_mat_mult_f32  arm_cortexM4lf_math.lib(arm_mat_mult_f32.o)
    0x08000e18   0x08000e18   0x000000be   Code   RO         8775    .text.arm_mat_sub_f32  arm_cortexM4lf_math.lib(arm_mat_sub_f32.o)
    0x08000ed6   0x08000ed6   0x00000002   PAD
    0x08000ed8   0x08000ed8   0x000000b2   Code   RO         8785    .text.arm_mat_trans_f32  arm_cortexM4lf_math.lib(arm_mat_trans_f32.o)
    0x08000f8a   0x08000f8a   0x00000002   PAD
    0x08000f8c   0x08000f8c   0x00000098   Code   RO         8726    .text.arm_sin_f32   arm_cortexM4lf_math.lib(arm_sin_f32.o)
    0x08001024   0x08001024   0x00000038   Code   RO         7399    i.Arm_Prepare       gimbal_fsm.o
    0x0800105c   0x0800105c   0x00000014   Code   RO         7400    i.Arm_State         gimbal_fsm.o
    0x08001070   0x08001070   0x00000068   Code   RO         7401    i.Arm_bhv           gimbal_fsm.o
    0x080010d8   0x080010d8   0x000000a0   Code   RO         7177    i.Arms_Drive        gimbalmotor.o
    0x08001178   0x08001178   0x00000014   Code   RO         8277    i.BMI088_ACCEL_NS_H  bmi088middleware.o
    0x0800118c   0x0800118c   0x00000014   Code   RO         8278    i.BMI088_ACCEL_NS_L  bmi088middleware.o
    0x080011a0   0x080011a0   0x00000014   Code   RO         8279    i.BMI088_GYRO_NS_H  bmi088middleware.o
    0x080011b4   0x080011b4   0x00000014   Code   RO         8280    i.BMI088_GYRO_NS_L  bmi088middleware.o
    0x080011c8   0x080011c8   0x0000027c   Code   RO         8192    i.BMI088_Read       bmi088driver.o
    0x08001444   0x08001444   0x0000009c   Code   RO         8193    i.BMI088_init       bmi088driver.o
    0x080014e0   0x080014e0   0x00000026   Code   RO         8194    i.BMI088_read_muli_reg  bmi088driver.o
    0x08001506   0x08001506   0x00000018   Code   RO         8195    i.BMI088_read_single_reg  bmi088driver.o
    0x0800151e   0x0800151e   0x00000002   PAD
    0x08001520   0x08001520   0x00000024   Code   RO         8281    i.BMI088_read_write_byte  bmi088middleware.o
    0x08001544   0x08001544   0x00000014   Code   RO         8196    i.BMI088_write_single_reg  bmi088driver.o
    0x08001558   0x08001558   0x00000058   Code   RO         6730    i.Block_Detect      bsp_motor_encoder.o
    0x080015b0   0x080015b0   0x0000000e   Code   RO         7344    i.BoardCommuni_Task  boardcommuni_task.o
    0x080015be   0x080015be   0x0000015a   Code   RO         7643    i.BodyFrameToEarthFrame  imu_task.o
    0x08001718   0x08001718   0x00000004   Code   RO          716    i.BusFault_Handler  stm32f4xx_it.o
    0x0800171c   0x0800171c   0x00000050   Code   RO         6527    i.CAN1_C620_OR_C610_201_TO_204_SendMsg  bsp_can.o
    0x0800176c   0x0800176c   0x00000054   Code   RO         6528    i.CAN1_C620_OR_C610_205_TO_208_SendMsg  bsp_can.o
    0x080017c0   0x080017c0   0x00000040   Code   RO         6530    i.CAN1_GM6020_5_TO_8_SendMsg  bsp_can.o
    0x08001800   0x08001800   0x00000010   Code   RO          717    i.CAN1_RX0_IRQHandler  stm32f4xx_it.o
    0x08001810   0x08001810   0x00000010   Code   RO          718    i.CAN1_TX_IRQHandler  stm32f4xx_it.o
    0x08001820   0x08001820   0x00000010   Code   RO          719    i.CAN2_RX0_IRQHandler  stm32f4xx_it.o
    0x08001830   0x08001830   0x00000010   Code   RO          720    i.CAN2_TX_IRQHandler  stm32f4xx_it.o
    0x08001840   0x08001840   0x000000c4   Code   RO         7128    i.CAN_A2B_RC_Send   boardcommuni.o
    0x08001904   0x08001904   0x000000dc   Code   RO         6732    i.CAN_DATA_Encoder_Deal  bsp_motor_encoder.o
    0x080019e0   0x080019e0   0x0000011c   Code   RO         7178    i.CalCurveSPTA      gimbalmotor.o
    0x08001afc   0x08001afc   0x00000544   Code   RO         8197    i.Calibrate_MPU_Offset  bmi088driver.o
    0x08002040   0x08002040   0x000000cc   Code   RO         8096    i.Changing_Integration_Rate  pid.o
    0x0800210c   0x0800210c   0x00000010   Code   RO          721    i.DMA1_Stream1_IRQHandler  stm32f4xx_it.o
    0x0800211c   0x0800211c   0x00000010   Code   RO          722    i.DMA2_Stream0_IRQHandler  stm32f4xx_it.o
    0x0800212c   0x0800212c   0x00000010   Code   RO          723    i.DMA2_Stream3_IRQHandler  stm32f4xx_it.o
    0x0800213c   0x0800213c   0x00000034   Code   RO         1639    i.DMA_CalcBaseAndBitshift  stm32f4xx_hal_dma.o
    0x08002170   0x08002170   0x000000aa   Code   RO         1640    i.DMA_CheckFifoParam  stm32f4xx_hal_dma.o
    0x0800221a   0x0800221a   0x00000002   PAD
    0x0800221c   0x0800221c   0x00000030   Code   RO         8331    i.DWT_CNT_Update    bsp_dwt.o
    0x0800224c   0x0800224c   0x0000003c   Code   RO         8332    i.DWT_Delay         bsp_dwt.o
    0x08002288   0x08002288   0x0000004c   Code   RO         8333    i.DWT_GetDeltaT     bsp_dwt.o
    0x080022d4   0x080022d4   0x00000054   Code   RO         8336    i.DWT_GetTimeline_s  bsp_dwt.o
    0x08002328   0x08002328   0x00000068   Code   RO         8338    i.DWT_Init          bsp_dwt.o
    0x08002390   0x08002390   0x000000d0   Code   RO         8339    i.DWT_SysTimeUpdate  bsp_dwt.o
    0x08002460   0x08002460   0x00000002   Code   RO          724    i.DebugMon_Handler  stm32f4xx_it.o
    0x08002462   0x08002462   0x00000002   PAD
    0x08002464   0x08002464   0x0000027c   Code   RO         7560    i.Detect_Task       detect_task.o
    0x080026e0   0x080026e0   0x00000124   Code   RO         6536    i.ECF_CAN_Init      bsp_can.o
    0x08002804   0x08002804   0x00000008   Code   RO         6537    i.ECF_CAN_Rx_Callback_Register  bsp_can.o
    0x0800280c   0x0800280c   0x00000100   Code   RO         6538    i.ECF_CAN_Send_Msg_FIFO  bsp_can.o
    0x0800290c   0x0800290c   0x0000003e   Code   RO         6928    i.ECF_PWM_50HZ_Output_Init  bsp_pwm.o
    0x0800294a   0x0800294a   0x00000002   PAD
    0x0800294c   0x0800294c   0x0000001c   Code   RO         6431    i.ECF_RC_Init       bsp_dr16.o
    0x08002968   0x08002968   0x00000010   Code   RO         6432    i.ECF_RC_UART_Handler  bsp_dr16.o
    0x08002978   0x08002978   0x0000015a   Code   RO         7644    i.EarthFrameToBodyFrame  imu_task.o
    0x08002ad2   0x08002ad2   0x00000002   PAD
    0x08002ad4   0x08002ad4   0x00000090   Code   RO         6734    i.Encoder_Init      bsp_motor_encoder.o
    0x08002b64   0x08002b64   0x0000000e   Code   RO         6735    i.Encoder_Struct_Zero  bsp_motor_encoder.o
    0x08002b72   0x08002b72   0x00000006   Code   RO           13    i.Error_Handler     main.o
    0x08002b78   0x08002b78   0x00000058   Code   RO         7372    i.FSM_Deal          fsm.o
    0x08002bd0   0x08002bd0   0x00000048   Code   RO         7179    i.Forword_Motor_Drive  gimbalmotor.o
    0x08002c18   0x08002c18   0x000000e8   Code   RO         7402    i.Gimbal_Fsm_Init   gimbal_fsm.o
    0x08002d00   0x08002d00   0x00000034   Code   RO         7610    i.Gimbal_Init       gimbal_task.o
    0x08002d34   0x08002d34   0x0000040c   Code   RO         7180    i.Gimbal_Motor_Init  gimbalmotor.o
    0x08003140   0x08003140   0x00000002   Code   RO         7181    i.Gimbal_PowerOff_Drive  gimbalmotor.o
    0x08003142   0x08003142   0x00000002   PAD
    0x08003144   0x08003144   0x00000034   Code   RO         7611    i.Gimbal_Task       gimbal_task.o
    0x08003178   0x08003178   0x0000002a   Code   RO          902    i.HAL_CAN_ActivateNotification  stm32f4xx_hal_can.o
    0x080031a2   0x080031a2   0x00000156   Code   RO          903    i.HAL_CAN_AddTxMessage  stm32f4xx_hal_can.o
    0x080032f8   0x080032f8   0x00000124   Code   RO          904    i.HAL_CAN_ConfigFilter  stm32f4xx_hal_can.o
    0x0800341c   0x0800341c   0x00000058   Code   RO         6539    i.HAL_CAN_ErrorCallback  bsp_can.o
    0x08003474   0x08003474   0x0000017a   Code   RO          910    i.HAL_CAN_GetRxMessage  stm32f4xx_hal_can.o
    0x080035ee   0x080035ee   0x00000036   Code   RO          912    i.HAL_CAN_GetTxMailboxesFreeLevel  stm32f4xx_hal_can.o
    0x08003624   0x08003624   0x0000024e   Code   RO          914    i.HAL_CAN_IRQHandler  stm32f4xx_hal_can.o
    0x08003872   0x08003872   0x00000174   Code   RO          915    i.HAL_CAN_Init      stm32f4xx_hal_can.o
    0x080039e6   0x080039e6   0x00000002   PAD
    0x080039e8   0x080039e8   0x00000180   Code   RO          404    i.HAL_CAN_MspInit   can.o
    0x08003b68   0x08003b68   0x00000022   Code   RO          921    i.HAL_CAN_ResetError  stm32f4xx_hal_can.o
    0x08003b8a   0x08003b8a   0x00000002   Code   RO          922    i.HAL_CAN_RxFifo0FullCallback  stm32f4xx_hal_can.o
    0x08003b8c   0x08003b8c   0x00000054   Code   RO         6540    i.HAL_CAN_RxFifo0MsgPendingCallback  bsp_can.o
    0x08003be0   0x08003be0   0x00000002   Code   RO          924    i.HAL_CAN_RxFifo1FullCallback  stm32f4xx_hal_can.o
    0x08003be2   0x08003be2   0x00000002   Code   RO          925    i.HAL_CAN_RxFifo1MsgPendingCallback  stm32f4xx_hal_can.o
    0x08003be4   0x08003be4   0x00000002   Code   RO          926    i.HAL_CAN_SleepCallback  stm32f4xx_hal_can.o
    0x08003be6   0x08003be6   0x0000005e   Code   RO          927    i.HAL_CAN_Start     stm32f4xx_hal_can.o
    0x08003c44   0x08003c44   0x00000002   Code   RO          929    i.HAL_CAN_TxMailbox0AbortCallback  stm32f4xx_hal_can.o
    0x08003c46   0x08003c46   0x00000002   PAD
    0x08003c48   0x08003c48   0x00000050   Code   RO         6541    i.HAL_CAN_TxMailbox0CompleteCallback  bsp_can.o
    0x08003c98   0x08003c98   0x00000002   Code   RO          931    i.HAL_CAN_TxMailbox1AbortCallback  stm32f4xx_hal_can.o
    0x08003c9a   0x08003c9a   0x00000002   PAD
    0x08003c9c   0x08003c9c   0x00000050   Code   RO         6542    i.HAL_CAN_TxMailbox1CompleteCallback  bsp_can.o
    0x08003cec   0x08003cec   0x00000002   Code   RO          933    i.HAL_CAN_TxMailbox2AbortCallback  stm32f4xx_hal_can.o
    0x08003cee   0x08003cee   0x00000002   PAD
    0x08003cf0   0x08003cf0   0x00000050   Code   RO         6543    i.HAL_CAN_TxMailbox2CompleteCallback  bsp_can.o
    0x08003d40   0x08003d40   0x00000002   Code   RO          936    i.HAL_CAN_WakeUpFromRxMsgCallback  stm32f4xx_hal_can.o
    0x08003d42   0x08003d42   0x000000ac   Code   RO         1642    i.HAL_DMA_Abort     stm32f4xx_hal_dma.o
    0x08003dee   0x08003dee   0x00000028   Code   RO         1643    i.HAL_DMA_Abort_IT  stm32f4xx_hal_dma.o
    0x08003e16   0x08003e16   0x00000002   PAD
    0x08003e18   0x08003e18   0x00000240   Code   RO         1647    i.HAL_DMA_IRQHandler  stm32f4xx_hal_dma.o
    0x08004058   0x08004058   0x000000ec   Code   RO         1648    i.HAL_DMA_Init      stm32f4xx_hal_dma.o
    0x08004144   0x08004144   0x00000028   Code   RO         2066    i.HAL_Delay         stm32f4xx_hal.o
    0x0800416c   0x0800416c   0x000001f4   Code   RO         1535    i.HAL_GPIO_Init     stm32f4xx_hal_gpio.o
    0x08004360   0x08004360   0x0000000c   Code   RO         1539    i.HAL_GPIO_WritePin  stm32f4xx_hal_gpio.o
    0x0800436c   0x0800436c   0x0000000c   Code   RO         2072    i.HAL_GetTick       stm32f4xx_hal.o
    0x08004378   0x08004378   0x000001d0   Code   RO         2328    i.HAL_I2C_Init      stm32f4xx_hal_i2c.o
    0x08004548   0x08004548   0x00000088   Code   RO          477    i.HAL_I2C_MspInit   i2c.o
    0x080045d0   0x080045d0   0x00000018   Code   RO         2078    i.HAL_IncTick       stm32f4xx_hal.o
    0x080045e8   0x080045e8   0x0000003c   Code   RO         2079    i.HAL_Init          stm32f4xx_hal.o
    0x08004624   0x08004624   0x000000b4   Code   RO          862    i.HAL_InitTick      stm32f4xx_hal_timebase_tim.o
    0x080046d8   0x080046d8   0x00000054   Code   RO          838    i.HAL_MspInit       stm32f4xx_hal_msp.o
    0x0800472c   0x0800472c   0x00000020   Code   RO         1924    i.HAL_NVIC_EnableIRQ  stm32f4xx_hal_cortex.o
    0x0800474c   0x0800474c   0x0000007c   Code   RO         1930    i.HAL_NVIC_SetPriority  stm32f4xx_hal_cortex.o
    0x080047c8   0x080047c8   0x00000028   Code   RO         1931    i.HAL_NVIC_SetPriorityGrouping  stm32f4xx_hal_cortex.o
    0x080047f0   0x080047f0   0x00000166   Code   RO         4502    i.HAL_PCD_Init      stm32f4xx_hal_pcd.o
    0x08004956   0x08004956   0x00000002   PAD
    0x08004958   0x08004958   0x00000098   Code   RO          675    i.HAL_PCD_MspInit   usb_otg.o
    0x080049f0   0x080049f0   0x00000184   Code   RO         1136    i.HAL_RCC_ClockConfig  stm32f4xx_hal_rcc.o
    0x08004b74   0x08004b74   0x00000044   Code   RO         1140    i.HAL_RCC_GetClockConfig  stm32f4xx_hal_rcc.o
    0x08004bb8   0x08004bb8   0x0000000c   Code   RO         1141    i.HAL_RCC_GetHCLKFreq  stm32f4xx_hal_rcc.o
    0x08004bc4   0x08004bc4   0x00000020   Code   RO         1143    i.HAL_RCC_GetPCLK1Freq  stm32f4xx_hal_rcc.o
    0x08004be4   0x08004be4   0x00000020   Code   RO         1144    i.HAL_RCC_GetPCLK2Freq  stm32f4xx_hal_rcc.o
    0x08004c04   0x08004c04   0x000000b0   Code   RO         1145    i.HAL_RCC_GetSysClockFreq  stm32f4xx_hal_rcc.o
    0x08004cb4   0x08004cb4   0x0000049c   Code   RO         1148    i.HAL_RCC_OscConfig  stm32f4xx_hal_rcc.o
    0x08005150   0x08005150   0x000000c8   Code   RO         2818    i.HAL_SPI_Init      stm32f4xx_hal_spi.o
    0x08005218   0x08005218   0x00000158   Code   RO          519    i.HAL_SPI_MspInit   spi.o
    0x08005370   0x08005370   0x0000022a   Code   RO         2827    i.HAL_SPI_TransmitReceive  stm32f4xx_hal_spi.o
    0x0800559a   0x0800559a   0x00000002   Code   RO         3846    i.HAL_TIMEx_BreakCallback  stm32f4xx_hal_tim_ex.o
    0x0800559c   0x0800559c   0x00000002   Code   RO         3847    i.HAL_TIMEx_CommutCallback  stm32f4xx_hal_tim_ex.o
    0x0800559e   0x0800559e   0x00000074   Code   RO         3849    i.HAL_TIMEx_ConfigBreakDeadTime  stm32f4xx_hal_tim_ex.o
    0x08005612   0x08005612   0x00000002   PAD
    0x08005614   0x08005614   0x000000b4   Code   RO         3865    i.HAL_TIMEx_MasterConfigSynchronization  stm32f4xx_hal_tim_ex.o
    0x080056c8   0x080056c8   0x00000066   Code   RO         3131    i.HAL_TIM_Base_Init  stm32f4xx_hal_tim.o
    0x0800572e   0x0800572e   0x00000002   PAD
    0x08005730   0x08005730   0x00000078   Code   RO          561    i.HAL_TIM_Base_MspInit  tim.o
    0x080057a8   0x080057a8   0x0000009c   Code   RO         3134    i.HAL_TIM_Base_Start  stm32f4xx_hal_tim.o
    0x08005844   0x08005844   0x000000a8   Code   RO         3136    i.HAL_TIM_Base_Start_IT  stm32f4xx_hal_tim.o
    0x080058ec   0x080058ec   0x0000010c   Code   RO         3140    i.HAL_TIM_ConfigClockSource  stm32f4xx_hal_tim.o
    0x080059f8   0x080059f8   0x00000002   Code   RO         3165    i.HAL_TIM_IC_CaptureCallback  stm32f4xx_hal_tim.o
    0x080059fa   0x080059fa   0x00000196   Code   RO         3179    i.HAL_TIM_IRQHandler  stm32f4xx_hal_tim.o
    0x08005b90   0x08005b90   0x000000fc   Code   RO          562    i.HAL_TIM_MspPostInit  tim.o
    0x08005c8c   0x08005c8c   0x00000002   Code   RO         3182    i.HAL_TIM_OC_DelayElapsedCallback  stm32f4xx_hal_tim.o
    0x08005c8e   0x08005c8e   0x00000104   Code   RO         3203    i.HAL_TIM_PWM_ConfigChannel  stm32f4xx_hal_tim.o
    0x08005d92   0x08005d92   0x00000066   Code   RO         3206    i.HAL_TIM_PWM_Init  stm32f4xx_hal_tim.o
    0x08005df8   0x08005df8   0x00000048   Code   RO          564    i.HAL_TIM_PWM_MspInit  tim.o
    0x08005e40   0x08005e40   0x00000002   Code   RO         3209    i.HAL_TIM_PWM_PulseFinishedCallback  stm32f4xx_hal_tim.o
    0x08005e42   0x08005e42   0x00000002   PAD
    0x08005e44   0x08005e44   0x0000010c   Code   RO         3211    i.HAL_TIM_PWM_Start  stm32f4xx_hal_tim.o
    0x08005f50   0x08005f50   0x00000012   Code   RO           14    i.HAL_TIM_PeriodElapsedCallback  main.o
    0x08005f62   0x08005f62   0x00000002   Code   RO         3222    i.HAL_TIM_TriggerCallback  stm32f4xx_hal_tim.o
    0x08005f64   0x08005f64   0x00000002   Code   RO         4124    i.HAL_UARTEx_RxEventCallback  stm32f4xx_hal_uart.o
    0x08005f66   0x08005f66   0x00000002   Code   RO         4138    i.HAL_UART_ErrorCallback  stm32f4xx_hal_uart.o
    0x08005f68   0x08005f68   0x000002e0   Code   RO         4141    i.HAL_UART_IRQHandler  stm32f4xx_hal_uart.o
    0x08006248   0x08006248   0x00000072   Code   RO         4142    i.HAL_UART_Init     stm32f4xx_hal_uart.o
    0x080062ba   0x080062ba   0x00000002   PAD
    0x080062bc   0x080062bc   0x000000e0   Code   RO          633    i.HAL_UART_MspInit  usart.o
    0x0800639c   0x0800639c   0x00000002   Code   RO         4148    i.HAL_UART_RxCpltCallback  stm32f4xx_hal_uart.o
    0x0800639e   0x0800639e   0x00000002   Code   RO         4153    i.HAL_UART_TxCpltCallback  stm32f4xx_hal_uart.o
    0x080063a0   0x080063a0   0x00000130   Code   RO         8435    i.H_K_R_Adjustment  kalman_filter.o
    0x080064d0   0x080064d0   0x00000004   Code   RO          725    i.HardFault_Handler  stm32f4xx_it.o
    0x080064d4   0x080064d4   0x00000374   Code   RO         7646    i.IMU_Param_Correction  imu_task.o
    0x08006848   0x08006848   0x00000120   Code   RO         8515    i.IMU_QuaternionEKF_Init  quaternionekf.o
    0x08006968   0x08006968   0x00000034   Code   RO         8516    i.IMU_QuaternionEKF_Observe  quaternionekf.o
    0x0800699c   0x0800699c   0x00000128   Code   RO         8517    i.IMU_QuaternionEKF_SetH  quaternionekf.o
    0x08006ac4   0x08006ac4   0x00000634   Code   RO         8518    i.IMU_QuaternionEKF_Update  quaternionekf.o
    0x080070f8   0x080070f8   0x00000240   Code   RO         8519    i.IMU_QuaternionEKF_User_Func1  quaternionekf.o
    0x08007338   0x08007338   0x00000520   Code   RO         8520    i.IMU_QuaternionEKF_xhatUpdate  quaternionekf.o
    0x08007858   0x08007858   0x00000074   Code   RO         7647    i.IMU_Temperature_Ctrl  imu_task.o
    0x080078cc   0x080078cc   0x000000c8   Code   RO         7648    i.INS_Init          imu_task.o
    0x08007994   0x08007994   0x00000274   Code   RO         7649    i.INS_Task          imu_task.o
    0x08007c08   0x08007c08   0x0000070c   Code   RO         8436    i.Kalman_Filter_Init  kalman_filter.o
    0x08008314   0x08008314   0x00000050   Code   RO         8437    i.Kalman_Filter_Measure  kalman_filter.o
    0x08008364   0x08008364   0x00000068   Code   RO         8438    i.Kalman_Filter_P_Update  kalman_filter.o
    0x080083cc   0x080083cc   0x00000068   Code   RO         8439    i.Kalman_Filter_PminusUpdate  kalman_filter.o
    0x08008434   0x08008434   0x000000d2   Code   RO         8440    i.Kalman_Filter_SetK  kalman_filter.o
    0x08008506   0x08008506   0x00000002   PAD
    0x08008508   0x08008508   0x00000128   Code   RO         8441    i.Kalman_Filter_Update  kalman_filter.o
    0x08008630   0x08008630   0x0000007c   Code   RO         8442    i.Kalman_Filter_xhatMinusUpdate  kalman_filter.o
    0x080086ac   0x080086ac   0x00000086   Code   RO         8443    i.Kalman_Filter_xhatUpdate  kalman_filter.o
    0x08008732   0x08008732   0x00000002   Code   RO         7073    i.Key_Mouse_Deal    remotedeal.o
    0x08008734   0x08008734   0x00000020   Code   RO         7403    i.Lift_Prepare      gimbal_fsm.o
    0x08008754   0x08008754   0x00000014   Code   RO         7404    i.Lift_State        gimbal_fsm.o
    0x08008768   0x08008768   0x00000024   Code   RO         7405    i.Lift_bhv          gimbal_fsm.o
    0x0800878c   0x0800878c   0x00000044   Code   RO          405    i.MX_CAN1_Init      can.o
    0x080087d0   0x080087d0   0x00000048   Code   RO          406    i.MX_CAN2_Init      can.o
    0x08008818   0x08008818   0x00000078   Code   RO          452    i.MX_DMA_Init       dma.o
    0x08008890   0x08008890   0x000000b4   Code   RO          344    i.MX_FREERTOS_Init  freertos.o
    0x08008944   0x08008944   0x000001b4   Code   RO          320    i.MX_GPIO_Init      gpio.o
    0x08008af8   0x08008af8   0x0000003c   Code   RO          478    i.MX_I2C2_Init      i2c.o
    0x08008b34   0x08008b34   0x00000048   Code   RO          520    i.MX_SPI1_Init      spi.o
    0x08008b7c   0x08008b7c   0x00000070   Code   RO          565    i.MX_TIM10_Init     tim.o
    0x08008bec   0x08008bec   0x000000b4   Code   RO          566    i.MX_TIM1_Init      tim.o
    0x08008ca0   0x08008ca0   0x000000a4   Code   RO          567    i.MX_TIM4_Init      tim.o
    0x08008d44   0x08008d44   0x0000003c   Code   RO          634    i.MX_USART3_UART_Init  usart.o
    0x08008d80   0x08008d80   0x00000038   Code   RO          676    i.MX_USB_OTG_FS_PCD_Init  usb_otg.o
    0x08008db8   0x08008db8   0x00000004   Code   RO          726    i.MemManage_Handler  stm32f4xx_it.o
    0x08008dbc   0x08008dbc   0x00000038   Code   RO         7406    i.Mining_Prepare    gimbal_fsm.o
    0x08008df4   0x08008df4   0x00000014   Code   RO         7407    i.Mining_State      gimbal_fsm.o
    0x08008e08   0x08008e08   0x00000002   Code   RO         7408    i.Mining_bhv        gimbal_fsm.o
    0x08008e0a   0x08008e0a   0x00000002   PAD
    0x08008e0c   0x08008e0c   0x000000fc   Code   RO         7183    i.MotorDataDeal     gimbalmotor.o
    0x08008f08   0x08008f08   0x000001ac   Code   RO         7184    i.MotorVelocityCurve  gimbalmotor.o
    0x080090b4   0x080090b4   0x00000004   Code   RO          727    i.NMI_Handler       stm32f4xx_it.o
    0x080090b8   0x080090b8   0x00000002   Code   RO         7409    i.Offline_Prepare   gimbal_fsm.o
    0x080090ba   0x080090ba   0x00000002   PAD
    0x080090bc   0x080090bc   0x00000014   Code   RO         7410    i.Offline_State     gimbal_fsm.o
    0x080090d0   0x080090d0   0x000001b8   Code   RO         8097    i.PidCalculate      pid.o
    0x08009288   0x08009288   0x0000003e   Code   RO         8098    i.PidInit           pid.o
    0x080092c6   0x080092c6   0x0000008a   Code   RO         8099    i.PidInitMode       pid.o
    0x08009350   0x08009350   0x00000014   Code   RO         7411    i.PowerOff_bhv      gimbal_fsm.o
    0x08009364   0x08009364   0x0000008c   Code   RO         6433    i.RC_Check_Data_IS_ERROR  bsp_dr16.o
    0x080093f0   0x080093f0   0x000000d6   Code   RO         6434    i.RC_DataProcess    bsp_dr16.o
    0x080094c6   0x080094c6   0x00000002   PAD
    0x080094c8   0x080094c8   0x00000024   Code   RO         6435    i.RC_DataReload     bsp_dr16.o
    0x080094ec   0x080094ec   0x00000008   Code   RO         6436    i.RC_Get_RC_Pointer  bsp_dr16.o
    0x080094f4   0x080094f4   0x00000088   Code   RO         6437    i.RC_Init           bsp_dr16.o
    0x0800957c   0x0800957c   0x00000110   Code   RO         6439    i.RC_UART_IRQHandler  bsp_dr16.o
    0x0800968c   0x0800968c   0x00000010   Code   RO         6440    i.RC_abs            bsp_dr16.o
    0x0800969c   0x0800969c   0x00000060   Code   RO         7074    i.Rc_Deal           remotedeal.o
    0x080096fc   0x080096fc   0x00000034   Code   RO         7075    i.Remote_Data_Deal  remotedeal.o
    0x08009730   0x08009730   0x00000074   Code   RO         7076    i.Remote_Data_Init  remotedeal.o
    0x080097a4   0x080097a4   0x00000058   Code   RO         7077    i.Remote_Data_Zero  remotedeal.o
    0x080097fc   0x080097fc   0x0000001a   Code   RO         7317    i.Remote_Task       remote_task.o
    0x08009816   0x08009816   0x00000002   PAD
    0x08009818   0x08009818   0x00000008   Code   RO         7412    i.Return_Gimbal_FSM  gimbal_fsm.o
    0x08009820   0x08009820   0x00000008   Code   RO         7185    i.Return_Grasp_t_Pointer  gimbalmotor.o
    0x08009828   0x08009828   0x00000008   Code   RO         7078    i.Return_RemoteDeal_Point  remotedeal.o
    0x08009830   0x08009830   0x0000006c   Code   RO         2856    i.SPI_EndRxTxTransaction  stm32f4xx_hal_spi.o
    0x0800989c   0x0800989c   0x000000d8   Code   RO         2861    i.SPI_WaitFlagStateUntilTimeout  stm32f4xx_hal_spi.o
    0x08009974   0x08009974   0x0000000a   Code   RO          345    i.StartDefaultTask  freertos.o
    0x0800997e   0x0800997e   0x0000000e   Code   RO         7373    i.StateChange       fsm.o
    0x0800998c   0x0800998c   0x00000034   Code   RO         6352    i.SysTick_Handler   port.o
    0x080099c0   0x080099c0   0x0000004c   Code   RO         7282    i.Sys_Init          sysinit.o
    0x08009a0c   0x08009a0c   0x000000b4   Code   RO           15    i.SystemClock_Config  main.o
    0x08009ac0   0x08009ac0   0x00000014   Code   RO         5077    i.SystemInit        system_stm32f4xx.o
    0x08009ad4   0x08009ad4   0x00000018   Code   RO          728    i.TIM1_UP_TIM10_IRQHandler  stm32f4xx_it.o
    0x08009aec   0x08009aec   0x00000010   Code   RO          729    i.TIM2_IRQHandler   stm32f4xx_it.o
    0x08009afc   0x08009afc   0x000000d8   Code   RO         3224    i.TIM_Base_SetConfig  stm32f4xx_hal_tim.o
    0x08009bd4   0x08009bd4   0x00000022   Code   RO         3225    i.TIM_CCxChannelCmd  stm32f4xx_hal_tim.o
    0x08009bf6   0x08009bf6   0x00000016   Code   RO         3235    i.TIM_ETR_SetConfig  stm32f4xx_hal_tim.o
    0x08009c0c   0x08009c0c   0x00000012   Code   RO         3236    i.TIM_ITRx_SetConfig  stm32f4xx_hal_tim.o
    0x08009c1e   0x08009c1e   0x00000002   PAD
    0x08009c20   0x08009c20   0x00000070   Code   RO         3237    i.TIM_OC1_SetConfig  stm32f4xx_hal_tim.o
    0x08009c90   0x08009c90   0x0000007c   Code   RO         3238    i.TIM_OC2_SetConfig  stm32f4xx_hal_tim.o
    0x08009d0c   0x08009d0c   0x00000078   Code   RO         3239    i.TIM_OC3_SetConfig  stm32f4xx_hal_tim.o
    0x08009d84   0x08009d84   0x00000054   Code   RO         3240    i.TIM_OC4_SetConfig  stm32f4xx_hal_tim.o
    0x08009dd8   0x08009dd8   0x0000003a   Code   RO         8408    i.TIM_Set_PWM       bsp_pwm_1.o
    0x08009e12   0x08009e12   0x00000026   Code   RO         3242    i.TIM_TI1_ConfigInputStage  stm32f4xx_hal_tim.o
    0x08009e38   0x08009e38   0x00000028   Code   RO         3244    i.TIM_TI2_ConfigInputStage  stm32f4xx_hal_tim.o
    0x08009e60   0x08009e60   0x0000004c   Code   RO         7186    i.Three_Degrees_Arms_Init  gimbalmotor.o
    0x08009eac   0x08009eac   0x00000014   Code   RO         4155    i.UART_DMAAbortOnError  stm32f4xx_hal_uart.o
    0x08009ec0   0x08009ec0   0x0000006c   Code   RO         4165    i.UART_EndRxTransfer  stm32f4xx_hal_uart.o
    0x08009f2c   0x08009f2c   0x00000020   Code   RO         4166    i.UART_EndTransmit_IT  stm32f4xx_hal_uart.o
    0x08009f4c   0x08009f4c   0x000000f8   Code   RO         4168    i.UART_Receive_IT   stm32f4xx_hal_uart.o
    0x0800a044   0x0800a044   0x0000022c   Code   RO         4169    i.UART_SetConfig    stm32f4xx_hal_uart.o
    0x0800a270   0x0800a270   0x00000060   Code   RO         4172    i.UART_Transmit_IT  stm32f4xx_hal_uart.o
    0x0800a2d0   0x0800a2d0   0x00000014   Code   RO          730    i.USART3_IRQHandler  stm32f4xx_it.o
    0x0800a2e4   0x0800a2e4   0x00000084   Code   RO         4770    i.USB_CoreInit      stm32f4xx_ll_usb.o
    0x0800a368   0x0800a368   0x00000058   Code   RO         4771    i.USB_CoreReset     stm32f4xx_ll_usb.o
    0x0800a3c0   0x0800a3c0   0x00000024   Code   RO         4776    i.USB_DevDisconnect  stm32f4xx_ll_usb.o
    0x0800a3e4   0x0800a3e4   0x000001e0   Code   RO         4777    i.USB_DevInit       stm32f4xx_ll_usb.o
    0x0800a5c4   0x0800a5c4   0x0000000e   Code   RO         4778    i.USB_DisableGlobalInt  stm32f4xx_ll_usb.o
    0x0800a5d2   0x0800a5d2   0x00000002   PAD
    0x0800a5d4   0x0800a5d4   0x00000054   Code   RO         4788    i.USB_FlushRxFifo   stm32f4xx_ll_usb.o
    0x0800a628   0x0800a628   0x00000058   Code   RO         4789    i.USB_FlushTxFifo   stm32f4xx_ll_usb.o
    0x0800a680   0x0800a680   0x0000000a   Code   RO         4793    i.USB_GetMode       stm32f4xx_ll_usb.o
    0x0800a68a   0x0800a68a   0x00000068   Code   RO         4807    i.USB_SetCurrentMode  stm32f4xx_ll_usb.o
    0x0800a6f2   0x0800a6f2   0x00000012   Code   RO         4809    i.USB_SetDevSpeed   stm32f4xx_ll_usb.o
    0x0800a704   0x0800a704   0x00000004   Code   RO          731    i.UsageFault_Handler  stm32f4xx_it.o
    0x0800a708   0x0800a708   0x00000026   Code   RO         9165    i.__ARM_fpclassifyf  m_wm.l(fpclassifyf.o)
    0x0800a72e   0x0800a72e   0x00000002   PAD
    0x0800a730   0x0800a730   0x00000010   Code   RO         1937    i.__NVIC_GetPriorityGrouping  stm32f4xx_hal_cortex.o
    0x0800a740   0x0800a740   0x00000028   Code   RO         1938    i.__NVIC_SetPriority  stm32f4xx_hal_cortex.o
    0x0800a768   0x0800a768   0x00000118   Code   RO         8995    i.__hardfp_acosf    m_wm.l(acosf.o)
    0x0800a880   0x0800a880   0x0000012c   Code   RO         9007    i.__hardfp_asinf    m_wm.l(asinf.o)
    0x0800a9ac   0x0800a9ac   0x000002ac   Code   RO         9019    i.__hardfp_atan2f   m_wm.l(atan2f.o)
    0x0800ac58   0x0800ac58   0x000001e8   Code   RO         9037    i.__hardfp_expf     m_wm.l(expf.o)
    0x0800ae40   0x0800ae40   0x00000014   Code   RO         9051    i.__hardfp_fabs     m_wm.l(fabs.o)
    0x0800ae54   0x0800ae54   0x0000003a   Code   RO         9057    i.__hardfp_sqrtf    m_wm.l(sqrtf.o)
    0x0800ae8e   0x0800ae8e   0x00000006   Code   RO         9168    i.__mathlib_flt_infnan  m_wm.l(funder.o)
    0x0800ae94   0x0800ae94   0x00000006   Code   RO         9169    i.__mathlib_flt_infnan2  m_wm.l(funder.o)
    0x0800ae9a   0x0800ae9a   0x00000002   PAD
    0x0800ae9c   0x0800ae9c   0x00000010   Code   RO         9170    i.__mathlib_flt_invalid  m_wm.l(funder.o)
    0x0800aeac   0x0800aeac   0x00000010   Code   RO         9171    i.__mathlib_flt_overflow  m_wm.l(funder.o)
    0x0800aebc   0x0800aebc   0x00000010   Code   RO         9173    i.__mathlib_flt_underflow  m_wm.l(funder.o)
    0x0800aecc   0x0800aecc   0x00000024   Code   RO         6736    i.angle_limiting_int16  bsp_motor_encoder.o
    0x0800aef0   0x0800aef0   0x0000016c   Code   RO         8198    i.bmi088_accel_init  bmi088driver.o
    0x0800b05c   0x0800b05c   0x00000130   Code   RO         8199    i.bmi088_gyro_init  bmi088driver.o
    0x0800b18c   0x0800b18c   0x0000007e   Code   RO         6544    i.can_tx_mailbox_complete_hanle  bsp_can.o
    0x0800b20a   0x0800b20a   0x00000002   PAD
    0x0800b20c   0x0800b20c   0x00000124   Code   RO         7561    i.detect_hook       detect_task.o
    0x0800b330   0x0800b330   0x00000174   Code   RO         7562    i.detect_init       detect_task.o
    0x0800b4a4   0x0800b4a4   0x00000074   Code   RO         8101    i.f_Derivative_On_Measurement  pid.o
    0x0800b518   0x0800b518   0x00000046   Code   RO         8102    i.f_Integral_Limit  pid.o
    0x0800b55e   0x0800b55e   0x00000046   Code   RO         8103    i.f_Output_Limit    pid.o
    0x0800b5a4   0x0800b5a4   0x0000003c   Code   RO         8104    i.f_Separated_Integral  pid.o
    0x0800b5e0   0x0800b5e0   0x000000cc   Code   RO         8105    i.f_StepIn          pid.o
    0x0800b6ac   0x0800b6ac   0x0000005a   Code   RO         7748    i.fifo_get          fifo.o
    0x0800b706   0x0800b706   0x0000003e   Code   RO         7749    i.fifo_get_noprotect  fifo.o
    0x0800b744   0x0800b744   0x00000022   Code   RO         7750    i.fifo_init         fifo.o
    0x0800b766   0x0800b766   0x0000000e   Code   RO         7751    i.fifo_is_empty     fifo.o
    0x0800b774   0x0800b774   0x0000000e   Code   RO         7752    i.fifo_is_full      fifo.o
    0x0800b782   0x0800b782   0x0000005a   Code   RO         7754    i.fifo_put          fifo.o
    0x0800b7dc   0x0800b7dc   0x00000042   Code   RO         7944    i.first_order_filter  filter.o
    0x0800b81e   0x0800b81e   0x00000042   Code   RO         8106    i.first_order_filter  pid.o
    0x0800b860   0x0800b860   0x00000030   Code   RO         7945    i.first_order_filter_init  filter.o
    0x0800b890   0x0800b890   0x0000002a   Code   RO         8591    i.float_constrain   user_lib.o
    0x0800b8ba   0x0800b8ba   0x00000002   PAD
    0x0800b8bc   0x0800b8bc   0x00000048   Code   RO         8593    i.float_rounding    user_lib.o
    0x0800b904   0x0800b904   0x00000008   Code   RO         7652    i.get_imu_control_point  imu_task.o
    0x0800b90c   0x0800b90c   0x00000012   Code   RO         7653    i.imu_Task          imu_task.o
    0x0800b91e   0x0800b91e   0x00000002   PAD
    0x0800b920   0x0800b920   0x0000003c   Code   RO         8521    i.invSqrt           quaternionekf.o
    0x0800b95c   0x0800b95c   0x00000044   Code   RO           16    i.main              main.o
    0x0800b9a0   0x0800b9a0   0x0000000e   Code   RO         5917    i.makeFreeRtosPriority  cmsis_os.o
    0x0800b9ae   0x0800b9ae   0x00000018   Code   RO         5919    i.osDelay           cmsis_os.o
    0x0800b9c6   0x0800b9c6   0x0000000a   Code   RO         5922    i.osKernelStart     cmsis_os.o
    0x0800b9d0   0x0800b9d0   0x0000005e   Code   RO         5956    i.osThreadCreate    cmsis_os.o
    0x0800ba2e   0x0800ba2e   0x00000002   PAD
    0x0800ba30   0x0800ba30   0x00000050   Code   RO         8109    i.pid_clear         pid.o
    0x0800ba80   0x0800ba80   0x00000098   Code   RO         5588    i.prvAddCurrentTaskToDelayedList  tasks.o
    0x0800bb18   0x0800bb18   0x000000b4   Code   RO         5589    i.prvAddNewTaskToReadyList  tasks.o
    0x0800bbcc   0x0800bbcc   0x00000048   Code   RO         5590    i.prvCheckTasksWaitingTermination  tasks.o
    0x0800bc14   0x0800bc14   0x00000050   Code   RO         5591    i.prvDeleteTCB      tasks.o
    0x0800bc64   0x0800bc64   0x0000007c   Code   RO         6284    i.prvHeapInit       heap_4.o
    0x0800bce0   0x0800bce0   0x00000028   Code   RO         5592    i.prvIdleTask       tasks.o
    0x0800bd08   0x0800bd08   0x000000b4   Code   RO         5593    i.prvInitialiseNewTask  tasks.o
    0x0800bdbc   0x0800bdbc   0x00000068   Code   RO         5594    i.prvInitialiseTaskLists  tasks.o
    0x0800be24   0x0800be24   0x00000068   Code   RO         6285    i.prvInsertBlockIntoFreeList  heap_4.o
    0x0800be8c   0x0800be8c   0x00000034   Code   RO         5595    i.prvResetNextTaskUnblockTime  tasks.o
    0x0800bec0   0x0800bec0   0x00000040   Code   RO         6353    i.prvTaskExitError  port.o
    0x0800bf00   0x0800bf00   0x0000014c   Code   RO         6286    i.pvPortMalloc      heap_4.o
    0x0800c04c   0x0800c04c   0x0000002c   Code   RO         6354    i.pxPortInitialiseStack  port.o
    0x0800c078   0x0800c078   0x00000014   Code   RO         6442    i.rc_lost_time_refresh  bsp_dr16.o
    0x0800c08c   0x0800c08c   0x0000003e   Code   RO         9059    i.sqrtf             m_wm.l(sqrtf.o)
    0x0800c0ca   0x0800c0ca   0x00000028   Code   RO         5214    i.uxListRemove      list.o
    0x0800c0f2   0x0800c0f2   0x00000002   PAD
    0x0800c0f4   0x0800c0f4   0x00000018   Code   RO          346    i.vApplicationGetIdleTaskMemory  freertos.o
    0x0800c10c   0x0800c10c   0x00000002   Code   RO          347    i.vApplicationStackOverflowHook  freertos.o
    0x0800c10e   0x0800c10e   0x0000001a   Code   RO         5215    i.vListInitialise   list.o
    0x0800c128   0x0800c128   0x00000006   Code   RO         5216    i.vListInitialiseItem  list.o
    0x0800c12e   0x0800c12e   0x00000034   Code   RO         5217    i.vListInsert       list.o
    0x0800c162   0x0800c162   0x00000018   Code   RO         5218    i.vListInsertEnd    list.o
    0x0800c17a   0x0800c17a   0x00000002   PAD
    0x0800c17c   0x0800c17c   0x00000054   Code   RO         6356    i.vPortEnterCritical  port.o
    0x0800c1d0   0x0800c1d0   0x0000003c   Code   RO         6357    i.vPortExitCritical  port.o
    0x0800c20c   0x0800c20c   0x000000a4   Code   RO         6287    i.vPortFree         heap_4.o
    0x0800c2b0   0x0800c2b0   0x00000028   Code   RO         6358    i.vPortSetupTimerInterrupt  port.o
    0x0800c2d8   0x0800c2d8   0x0000005c   Code   RO         5604    i.vTaskDelay        tasks.o
    0x0800c334   0x0800c334   0x000000b0   Code   RO         5617    i.vTaskStartScheduler  tasks.o
    0x0800c3e4   0x0800c3e4   0x00000010   Code   RO         5619    i.vTaskSuspendAll   tasks.o
    0x0800c3f4   0x0800c3f4   0x000000a8   Code   RO         5620    i.vTaskSwitchContext  tasks.o
    0x0800c49c   0x0800c49c   0x00000168   Code   RO         6360    i.xPortStartScheduler  port.o
    0x0800c604   0x0800c604   0x00000064   Code   RO         5623    i.xTaskCreate       tasks.o
    0x0800c668   0x0800c668   0x000000ba   Code   RO         5624    i.xTaskCreateStatic  tasks.o
    0x0800c722   0x0800c722   0x00000002   PAD
    0x0800c724   0x0800c724   0x0000000c   Code   RO         5629    i.xTaskGetTickCount  tasks.o
    0x0800c730   0x0800c730   0x00000148   Code   RO         5631    i.xTaskIncrementTick  tasks.o
    0x0800c878   0x0800c878   0x00000104   Code   RO         5637    i.xTaskResumeAll    tasks.o
    0x0800c97c   0x0800c97c   0x00000062   Code   RO         8971    x$fpl$d2f           fz_wm.l(d2f.o)
    0x0800c9de   0x0800c9de   0x00000002   PAD
    0x0800c9e0   0x0800c9e0   0x00000150   Code   RO         8973    x$fpl$dadd          fz_wm.l(daddsub_clz.o)
    0x0800cb30   0x0800cb30   0x00000018   Code   RO         9152    x$fpl$dcmpinf       fz_wm.l(dcmpi.o)
    0x0800cb48   0x0800cb48   0x00000078   Code   RO         8989    x$fpl$dleqf         fz_wm.l(dleqf.o)
    0x0800cbc0   0x0800cbc0   0x00000154   Code   RO         8991    x$fpl$dmul          fz_wm.l(dmul.o)
    0x0800cd14   0x0800cd14   0x0000009c   Code   RO         9154    x$fpl$dnaninf       fz_wm.l(dnaninf.o)
    0x0800cdb0   0x0800cdb0   0x0000000c   Code   RO         9156    x$fpl$dretinf       fz_wm.l(dretinf.o)
    0x0800cdbc   0x0800cdbc   0x00000016   Code   RO         8974    x$fpl$drsb          fz_wm.l(daddsub_clz.o)
    0x0800cdd2   0x0800cdd2   0x00000002   PAD
    0x0800cdd4   0x0800cdd4   0x000001d4   Code   RO         8975    x$fpl$dsub          fz_wm.l(daddsub_clz.o)
    0x0800cfa8   0x0800cfa8   0x00000056   Code   RO         8993    x$fpl$f2d           fz_wm.l(f2d.o)
    0x0800cffe   0x0800cffe   0x0000008c   Code   RO         9158    x$fpl$fnaninf       fz_wm.l(fnaninf.o)
    0x0800d08a   0x0800d08a   0x0000000a   Code   RO         9232    x$fpl$fpinit        fz_wm.l(fpinit.o)
    0x0800d094   0x0800d094   0x0000000a   Code   RO         9160    x$fpl$fretinf       fz_wm.l(fretinf.o)
    0x0800d09e   0x0800d09e   0x00000000   Code   RO         9164    x$fpl$usenofp       fz_wm.l(usenofp.o)
    0x0800d09e   0x0800d09e   0x00000002   PAD
    0x0800d0a0   0x0800d0a0   0x000000a8   Data   RO          349    .constdata          freertos.o
    0x0800d148   0x0800d148   0x00000008   Data   RO         1654    .constdata          stm32f4xx_hal_dma.o
    0x0800d150   0x0800d150   0x00000018   Data   RO         5078    .constdata          system_stm32f4xx.o
    0x0800d168   0x0800d168   0x000000a8   Data   RO         7188    .constdata          gimbalmotor.o
    0x0800d210   0x0800d210   0x0000001e   Data   RO         7566    .constdata          detect_task.o
    0x0800d22e   0x0800d22e   0x00000002   PAD
    0x0800d230   0x0800d230   0x00000030   Data   RO         7655    .constdata          imu_task.o
    0x0800d260   0x0800d260   0x00000090   Data   RO         8523    .constdata          quaternionekf.o
    0x0800d2f0   0x0800d2f0   0x00000030   Data   RO         9040    .constdata          m_wm.l(expf.o)
    0x0800d320   0x0800d320   0x0000004c   Data   RO          350    .conststring        freertos.o
    0x0800d36c   0x0800d36c   0x00000804   Data   RO         8881    .rodata.sinTable_f32  arm_cortexM4lf_math.lib(arm_common_tables.o)
    0x0800db70   0x0800db70   0x00000020   Data   RO         9441    Region$$Table       anon$$obj.o


    Execution Region RW_IRAM1 (Exec base: 0x20000000, Load base: 0x0800db90, Size: 0x0000c428, Max: 0x00020000, ABSOLUTE, COMPRESSED[0x00000074])

    Exec Addr    Load Addr    Size         Type   Attr      Idx    E Section Name        Object

    0x20000000   COMPRESSED   0x00000018   Data   RW          351    .data               freertos.o
    0x20000018   COMPRESSED   0x00000004   Data   RW          408    .data               can.o
    0x2000001c   COMPRESSED   0x00000009   Data   RW         2086    .data               stm32f4xx_hal.o
    0x20000025   COMPRESSED   0x00000003   PAD
    0x20000028   COMPRESSED   0x00000004   Data   RW         5079    .data               system_stm32f4xx.o
    0x2000002c   COMPRESSED   0x0000003c   Data   RW         5640    .data               tasks.o
    0x20000068   COMPRESSED   0x00000020   Data   RW         6293    .data               heap_4.o
    0x20000088   COMPRESSED   0x0000000c   Data   RW         6361    .data               port.o
    0x20000094   COMPRESSED   0x00000006   Data   RW         6444    .data               bsp_dr16.o
    0x2000009a   COMPRESSED   0x00000012   Data   RW         6546    .data               bsp_can.o
    0x200000ac   COMPRESSED   0x00000010   Data   RW         7130    .data               boardcommuni.o
    0x200000bc   COMPRESSED   0x0000004c   Data   RW         7189    .data               gimbalmotor.o
    0x20000108   COMPRESSED   0x00000005   Data   RW         7567    .data               detect_task.o
    0x2000010d   COMPRESSED   0x00000003   PAD
    0x20000110   COMPRESSED   0x00000048   Data   RW         7656    .data               imu_task.o
    0x20000158   COMPRESSED   0x00000040   Data   RW         8201    .data               bmi088driver.o
    0x20000198   COMPRESSED   0x00000004   Data   RW         8282    .data               bmi088middleware.o
    0x2000019c   COMPRESSED   0x00000004   PAD
    0x200001a0   COMPRESSED   0x00000040   Data   RW         8340    .data               bsp_dwt.o
    0x200001e0   COMPRESSED   0x00000004   Data   RW         8444    .data               kalman_filter.o
    0x200001e4   COMPRESSED   0x000000d4   Data   RW         8524    .data               quaternionekf.o
    0x200002b8   COMPRESSED   0x00000018   Data   RW         8601    .data               user_lib.o
    0x200002d0        -       0x00000254   Zero   RW          348    .bss                freertos.o
    0x20000524        -       0x00000050   Zero   RW          407    .bss                can.o
    0x20000574        -       0x00000054   Zero   RW          479    .bss                i2c.o
    0x200005c8        -       0x00000118   Zero   RW          521    .bss                spi.o
    0x200006e0        -       0x000000d8   Zero   RW          568    .bss                tim.o
    0x200007b8        -       0x000000a4   Zero   RW          635    .bss                usart.o
    0x2000085c        -       0x0000050c   Zero   RW          677    .bss                usb_otg.o
    0x20000d68        -       0x00000048   Zero   RW          865    .bss                stm32f4xx_hal_timebase_tim.o
    0x20000db0        -       0x000000f0   Zero   RW         5639    .bss                tasks.o
    0x20000ea0        -       0x00003c00   Zero   RW         6292    .bss                heap_4.o
    0x20004aa0        -       0x00000068   Zero   RW         6443    .bss                bsp_dr16.o
    0x20004b08        -       0x00002060   Zero   RW         6545    .bss                bsp_can.o
    0x20006b68        -       0x0000021c   Zero   RW         6738    .bss                bsp_motor_encoder.o
    0x20006d84        -       0x00000067   Zero   RW         7079    .bss                remotedeal.o
    0x20006deb   COMPRESSED   0x00000001   PAD
    0x20006dec        -       0x00001070   Zero   RW         7187    .bss                gimbalmotor.o
    0x20007e5c        -       0x000000ac   Zero   RW         7413    .bss                gimbal_fsm.o
    0x20007f08        -       0x000000d8   Zero   RW         7565    .bss                detect_task.o
    0x20007fe0        -       0x00000010   Zero   RW         7612    .bss                gimbal_task.o
    0x20007ff0        -       0x0000012c   Zero   RW         7654    .bss                imu_task.o
    0x2000811c        -       0x00000040   Zero   RW         8200    .bss                bmi088driver.o
    0x2000815c   COMPRESSED   0x00000004   PAD
    0x20008160        -       0x00000268   Zero   RW         8522    .bss                quaternionekf.o
    0x200083c8        -       0x00000060   Zero   RW         9184    .bss                c_w.l(libspace.o)
    0x20008428        -       0x00003000   Zero   RW            2    HEAP                startup_stm32f407xx.o
    0x2000b428        -       0x00001000   Zero   RW            1    STACK               startup_stm32f407xx.o


==============================================================================

Image component sizes


      Code (inc. data)   RO Data    RW Data    ZI Data      Debug   Object Name

      2890        176          0         64         64      10021   bmi088driver.o
       116         30          0          4          0       3192   bmi088middleware.o
       196         16          0         16          0       4774   boardcommuni.o
        14          0          0          0          0        564   boardcommuni_task.o
      1322        142          0         18       8288      16802   bsp_can.o
       886         46          0          6        104       6625   bsp_dr16.o
       580        112          0         64          0       4538   bsp_dwt.o
       502         10          0          0        540       5974   bsp_motor_encoder.o
        62          0          0          0          0       1067   bsp_pwm.o
        58          0          0          0          0        882   bsp_pwm_1.o
       524         44          0          4         80       2538   can.o
       142          0          0          0          0      23123   cmsis_os.o
      1300         40         30          5        216       2821   detect_task.o
       120          6          0          0          0        854   dma.o
         0          0          0          0          0      16916   event_groups.o
       304          0          0          0          0       4458   fifo.o
       114          4          0          0          0       3235   filter.o
       216         40        244         24        596       8169   freertos.o
       102          0          0          0          0       2797   fsm.o
       628        138          0          0        172      31265   gimbal_fsm.o
       104         16          0          0         16       1718   gimbal_task.o
      2318        140        168         76       4208       8486   gimbalmotor.o
       436         26          0          0          0       1243   gpio.o
       724         74          0         32      15360       7531   heap_4.o
       196         24          0          0         84       1721   i2c.o
      2546        190         48         72        300       7587   imu_task.o
      3160         26          0          4          0       8883   kalman_filter.o
       148          0          0          0          0       3662   list.o
       272         10          0          0          0     779007   main.o
      1510         30          0          0          0       7219   pid.o
       894         78          0         12          0      11316   port.o
      4172        232        144        212        616      10187   quaternionekf.o
        26          0          0          0          0        546   remote_task.o
       362         30          0          0        103       3609   remotedeal.o
       416         38          0          0        280       1995   spi.o
        64         26        392          0      16384        860   startup_stm32f407xx.o
       136         24          0          9          0       8842   stm32f4xx_hal.o
      2214          6          0          0          0      13643   stm32f4xx_hal_can.o
       252         22          0          0          0      33774   stm32f4xx_hal_cortex.o
      1246         16          8          0          0       5483   stm32f4xx_hal_dma.o
       512         46          0          0          0       2156   stm32f4xx_hal_gpio.o
       464         18          0          0          0       2103   stm32f4xx_hal_i2c.o
        84          6          0          0          0        894   stm32f4xx_hal_msp.o
       358          0          0          0          0       1459   stm32f4xx_hal_pcd.o
      1888         94          0          0          0       6409   stm32f4xx_hal_rcc.o
      1078         14          0          0          0       4749   stm32f4xx_hal_spi.o
      2546        172          0          0          0      16967   stm32f4xx_hal_tim.o
       300         30          0          0          0       3401   stm32f4xx_hal_tim_ex.o
       180         18          0          0         72       1515   stm32f4xx_hal_timebase_tim.o
      1918         14          0          0          0       9760   stm32f4xx_hal_uart.o
       194         62          0          0          0       8106   stm32f4xx_it.o
      1054         24          0          0          0       7793   stm32f4xx_ll_usb.o
         0          0          0          0          0        392   stream_buffer.o
        76          8          0          0          0        527   sysinit.o
        20          6         24          4          0       1175   system_stm32f4xx.o
      2198        274          0         60        240      21369   tasks.o
       900         82          0          0        216       4710   tim.o
       284         32          0          0        164       1869   usart.o
       208         12          0          0       1292       1805   usb_otg.o
       114         10          0         24          0       5832   user_lib.o

    ----------------------------------------------------------------------
     45710       2734       1092        720      49400    1170918   Object Totals
         0          0         32          0          0          0   (incl. Generated)
        62          0          2         10          5          0   (incl. Padding)

    ----------------------------------------------------------------------

      Code (inc. data)   RO Data    RW Data    ZI Data      Debug   Library Member Name

         0          0       2052          0          0       4961   arm_common_tables.o
       160         12          0          0          0       1103   arm_cos_f32.o
       190          0          0          0          0       1722   arm_mat_add_f32.o
         8          0          0          0          0        841   arm_mat_init_f32.o
       720          4          0          0          0       3422   arm_mat_inverse_f32.o
       316          4          0          0          0       2322   arm_mat_mult_f32.o
       190          0          0          0          0       1722   arm_mat_sub_f32.o
       178          0          0          0          0       1815   arm_mat_trans_f32.o
       152         12          0          0          0       1098   arm_sin_f32.o
        90          0          0          0          0          0   __dczerorl2.o
         8          0          0          0          0         68   __main.o
         0          0          0          0          0          0   __rtentry.o
        12          0          0          0          0          0   __rtentry2.o
         6          0          0          0          0          0   __rtentry4.o
        52          8          0          0          0          0   __scatter.o
        28          0          0          0          0          0   __scatter_zi.o
        22          0          0          0          0        100   _rserrno.o
        10          0          0          0          0         68   defsig_exit.o
        50          0          0          0          0         88   defsig_general.o
        80         58          0          0          0         76   defsig_rtmem_inner.o
        14          0          0          0          0         80   defsig_rtmem_outer.o
        18          0          0          0          0         80   exit.o
        94          0          0          0          0         80   h1_alloc.o
        52          0          0          0          0         68   h1_extend.o
        78          0          0          0          0         80   h1_free.o
        14          0          0          0          0         84   h1_init.o
         6          0          0          0          0        152   heapauxi.o
         4          0          0          0          0        136   hguard.o
         0          0          0          0          0          0   indicate_semi.o
       138          0          0          0          0        168   init_alloc.o
         2          0          0          0          0          0   libinit.o
        14          0          0          0          0          0   libinit2.o
         2          0          0          0          0          0   libshutdown.o
         2          0          0          0          0          0   libshutdown2.o
         8          4          0          0         96         68   libspace.o
       238          0          0          0          0        100   lludivv7m.o
         0          0          0          0          0          0   maybetermalloc1.o
         8          4          0          0          0         68   rt_errno_addr_intlibspace.o
         8          4          0          0          0         68   rt_heap_descriptor_intlibspace.o
        68          0          0          0          0         68   rt_memclr.o
        78          0          0          0          0         80   rt_memclr_w.o
       138          0          0          0          0         68   rt_memcpy_v6.o
       100          0          0          0          0         80   rt_memcpy_w.o
         2          0          0          0          0          0   rtexit.o
        10          0          0          0          0          0   rtexit2.o
        12          4          0          0          0         68   sys_exit.o
        74          0          0          0          0         80   sys_stackheap_outer.o
        14          0          0          0          0         76   sys_wrch.o
         2          0          0          0          0         68   use_no_semi.o
        98          4          0          0          0        140   d2f.o
       826         16          0          0          0        492   daddsub_clz.o
        24          0          0          0          0        116   dcmpi.o
       120          4          0          0          0        140   dleqf.o
       340         12          0          0          0        152   dmul.o
       156          4          0          0          0        140   dnaninf.o
        12          0          0          0          0        116   dretinf.o
        86          4          0          0          0        132   f2d.o
       140          4          0          0          0        132   fnaninf.o
        10          0          0          0          0        116   fpinit.o
        10          0          0          0          0        116   fretinf.o
         0          0          0          0          0          0   usenofp.o
       280         46          0          0          0        176   acosf.o
       300         42          0          0          0        176   asinf.o
       684         90          0          0          0        208   atan2f.o
       488         62         48          0          0        236   expf.o
        20          0          0          0          0        124   fabs.o
        38          0          0          0          0        116   fpclassifyf.o
        60         18          0          0          0        580   funder.o
       120          0          0          0          0        272   sqrtf.o

    ----------------------------------------------------------------------
      7306        420       2100          0         96      24906   Library Totals
        24          0          0          0          0          0   (incl. Padding)

    ----------------------------------------------------------------------

      Code (inc. data)   RO Data    RW Data    ZI Data      Debug   Library Name

      1914         32       2052          0          0      19006   arm_cortexM4lf_math.lib
      1556         82          0          0         96       2220   c_w.l
      1822         48          0          0          0       1792   fz_wm.l
      1990        258         48          0          0       1888   m_wm.l

    ----------------------------------------------------------------------
      7306        420       2100          0         96      24906   Library Totals

    ----------------------------------------------------------------------

==============================================================================


      Code (inc. data)   RO Data    RW Data    ZI Data      Debug   

     53016       3154       3192        720      49496    1162016   Grand Totals
     53016       3154       3192        116      49496    1162016   ELF Image Totals (compressed)
     53016       3154       3192        116          0          0   ROM Totals

==============================================================================

    Total RO  Size (Code + RO Data)                56208 (  54.89kB)
    Total RW  Size (RW Data + ZI Data)             50216 (  49.04kB)
    Total ROM Size (Code + RO Data + RW Data)      56324 (  55.00kB)

==============================================================================

